   1               		.file	"USBController_AVR8.c"
   2               	__SREG__ = 0x3f
   3               	__SP_H__ = 0x3e
   4               	__SP_L__ = 0x3d
   5               	__CCP__  = 0x34
   6               	__tmp_reg__ = 0
   7               	__zero_reg__ = 1
  15               	.Ltext0:
  16               		.section	.text.USB_Disable,"ax",@progbits
  17               	.global	USB_Disable
  19               	USB_Disable:
  20               	.LFB84:
  21               	.LSM0:
  22               	/* prologue: function */
  23               	/* frame size = 0 */
  24               	.LSM1:
  25 0000 0E94 0000 		call USB_INT_DisableAllInterrupts
  26               	.LSM2:
  27 0004 0E94 0000 		call USB_INT_ClearAllInterrupts
  28               	.LBB40:
  29               	.LBB41:
  30               	.LSM3:
  31 0008 E0EE      		ldi r30,lo8(224)
  32 000a F0E0      		ldi r31,hi8(224)
  33 000c 8081      		ld r24,Z
  34 000e 8160      		ori r24,lo8(1)
  35 0010 8083      		st Z,r24
  36               	.LBE41:
  37               	.LBE40:
  38               	.LBB42:
  39               	.LBB43:
  40               	.LSM4:
  41 0012 A8ED      		ldi r26,lo8(216)
  42 0014 B0E0      		ldi r27,hi8(216)
  43 0016 8C91      		ld r24,X
  44 0018 8F77      		andi r24,lo8(127)
  45 001a 8C93      		st X,r24
  46               	.LBE43:
  47               	.LBE42:
  48               	.LBB44:
  49               	.LBB45:
  50               	.LSM5:
  51 001c 19BC      		out 73-32,__zero_reg__
  52               	.LBE45:
  53               	.LBE44:
  54               	.LBB46:
  55               	.LBB47:
  56               	.LSM6:
  57 001e E7ED      		ldi r30,lo8(215)
  58 0020 F0E0      		ldi r31,hi8(215)
  59 0022 8081      		ld r24,Z
  60 0024 8E7F      		andi r24,lo8(-2)
  61 0026 8083      		st Z,r24
  62               	.LBE47:
  63               	.LBE46:
  64               	.LBB48:
  65               	.LBB49:
  66               	.LSM7:
  67 0028 8C91      		ld r24,X
  68 002a 8F7E      		andi r24,lo8(-17)
  69 002c 8C93      		st X,r24
  70               	.LBE49:
  71               	.LBE48:
  72               	.LSM8:
  73 002e 1092 0000 		sts USB_IsInitialized,__zero_reg__
  74               	/* epilogue start */
  75               	.LSM9:
  76 0032 0895      		ret
  77               	.LFE84:
  79               		.section	.text.USB_ResetInterface,"ax",@progbits
  80               	.global	USB_ResetInterface
  82               	USB_ResetInterface:
  83               	.LFB85:
  84               	.LSM10:
  85 0000 EF92      		push r14
  86 0002 FF92      		push r15
  87 0004 0F93      		push r16
  88 0006 1F93      		push r17
  89               	/* prologue: function */
  90               	/* frame size = 0 */
  91               	.LSM11:
  92 0008 0E94 0000 		call USB_INT_DisableAllInterrupts
  93               	.LSM12:
  94 000c 0E94 0000 		call USB_INT_ClearAllInterrupts
  95               	.LBB76:
  96               	.LBB77:
  97               	.LSM13:
  98 0010 08ED      		ldi r16,lo8(216)
  99 0012 10E0      		ldi r17,hi8(216)
 100 0014 F801      		movw r30,r16
 101 0016 8081      		ld r24,Z
 102 0018 8F77      		andi r24,lo8(127)
 103 001a 8083      		st Z,r24
 104               	.LSM14:
 105 001c 8081      		ld r24,Z
 106 001e 8068      		ori r24,lo8(-128)
 107 0020 8083      		st Z,r24
 108               	.LBE77:
 109               	.LBE76:
 110               	.LBB78:
 111               	.LBB79:
 112               	.LSM15:
 113 0022 8081      		ld r24,Z
 114 0024 8F7D      		andi r24,lo8(-33)
 115 0026 8083      		st Z,r24
 116               	.LBE79:
 117               	.LBE78:
 118               	.LSM16:
 119 0028 E7ED      		ldi r30,lo8(215)
 120 002a F0E0      		ldi r31,hi8(215)
 121 002c 8081      		ld r24,Z
 122 002e 8068      		ori r24,lo8(-128)
 123 0030 8083      		st Z,r24
 124               	.LBB80:
 125               	.LBB81:
 126               	.LSM17:
 127 0032 19BC      		out 73-32,__zero_reg__
 128               	.LBE81:
 129               	.LBE80:
 130               	.LBB82:
 131               	.LBB83:
 132               	.LSM18:
 133 0034 1092 0000 		sts USB_DeviceState,__zero_reg__
 134               	.LSM19:
 135 0038 1092 0000 		sts USB_ConfigurationNumber,__zero_reg__
 136               	.LSM20:
 137 003c 1092 0000 		sts USB_RemoteWakeupEnabled,__zero_reg__
 138               	.LSM21:
 139 0040 1092 0000 		sts USB_CurrentlySelfPowered,__zero_reg__
 140               	.LBB84:
 141               	.LBB85:
 142               	.LSM22:
 143 0044 80EE      		ldi r24,lo8(224)
 144 0046 E82E      		mov r14,r24
 145 0048 F12C      		mov r15,__zero_reg__
 146 004a F701      		movw r30,r14
 147 004c 8081      		ld r24,Z
 148 004e 8B7F      		andi r24,lo8(-5)
 149 0050 8083      		st Z,r24
 150               	.LBE85:
 151               	.LBE84:
 152               	.LBB86:
 153               	.LBB87:
 154               	.LSM23:
 155 0052 F801      		movw r30,r16
 156 0054 8081      		ld r24,Z
 157 0056 8160      		ori r24,lo8(1)
 158 0058 8083      		st Z,r24
 159               	.LBE87:
 160               	.LBE86:
 161               	.LBB88:
 162               	.LBB89:
 163               	.LSM24:
 164 005a 80E0      		ldi r24,lo8(0)
 165 005c 60E0      		ldi r22,lo8(0)
 166 005e 42E0      		ldi r20,lo8(2)
 167 0060 0E94 0000 		call Endpoint_ConfigureEndpoint_Prv
 168               	.LBE89:
 169               	.LBE88:
 170               	.LBB90:
 171               	.LBB91:
 172               	.LSM25:
 173 0064 E1EE      		ldi r30,lo8(225)
 174 0066 F0E0      		ldi r31,hi8(225)
 175 0068 8081      		ld r24,Z
 176 006a 8E7F      		andi r24,lo8(-2)
 177 006c 8083      		st Z,r24
 178               	.LBE91:
 179               	.LBE90:
 180               	.LBB92:
 181               	.LBB93:
 182               	.LSM26:
 183 006e E2EE      		ldi r30,lo8(226)
 184 0070 F0E0      		ldi r31,hi8(226)
 185 0072 8081      		ld r24,Z
 186 0074 8160      		ori r24,lo8(1)
 187 0076 8083      		st Z,r24
 188               	.LBE93:
 189               	.LBE92:
 190               	.LBB94:
 191               	.LBB95:
 192               	.LSM27:
 193 0078 8081      		ld r24,Z
 194 007a 8860      		ori r24,lo8(8)
 195 007c 8083      		st Z,r24
 196               	.LBE95:
 197               	.LBE94:
 198               	.LBB96:
 199               	.LBB97:
 200               	.LSM28:
 201 007e F701      		movw r30,r14
 202 0080 8081      		ld r24,Z
 203 0082 8E7F      		andi r24,lo8(-2)
 204 0084 8083      		st Z,r24
 205               	.LBE97:
 206               	.LBE96:
 207               	.LBE83:
 208               	.LBE82:
 209               	.LBB98:
 210               	.LBB99:
 211               	.LSM29:
 212 0086 F801      		movw r30,r16
 213 0088 8081      		ld r24,Z
 214 008a 8061      		ori r24,lo8(16)
 215 008c 8083      		st Z,r24
 216               	/* epilogue start */
 217               	.LBE99:
 218               	.LBE98:
 219               	.LSM30:
 220 008e 1F91      		pop r17
 221 0090 0F91      		pop r16
 222 0092 FF90      		pop r15
 223 0094 EF90      		pop r14
 224 0096 0895      		ret
 225               	.LFE85:
 227               		.section	.text.USB_Init,"ax",@progbits
 228               	.global	USB_Init
 230               	USB_Init:
 231               	.LFB83:
 232               	.LSM31:
 233               	/* prologue: function */
 234               	/* frame size = 0 */
 235               	.LBB100:
 236               	.LBB101:
 237               	.LSM32:
 238 0000 E7ED      		ldi r30,lo8(215)
 239 0002 F0E0      		ldi r31,hi8(215)
 240 0004 8081      		ld r24,Z
 241 0006 8160      		ori r24,lo8(1)
 242 0008 8083      		st Z,r24
 243               	.LBE101:
 244               	.LBE100:
 245               	.LSM33:
 246 000a 81E0      		ldi r24,lo8(1)
 247 000c 8093 0000 		sts USB_IsInitialized,r24
 248               	.LSM34:
 249 0010 0E94 0000 		call USB_ResetInterface
 250               	/* epilogue start */
 251               	.LSM35:
 252 0014 0895      		ret
 253               	.LFE83:
 295               	.Letext0:
DEFINED SYMBOLS
                            *ABS*:00000000 USBController_AVR8.c
C:\Users\JEFFRO~1\AppData\Local\Temp/ccjsoDpf.s:2      *ABS*:0000003f __SREG__
C:\Users\JEFFRO~1\AppData\Local\Temp/ccjsoDpf.s:3      *ABS*:0000003e __SP_H__
C:\Users\JEFFRO~1\AppData\Local\Temp/ccjsoDpf.s:4      *ABS*:0000003d __SP_L__
C:\Users\JEFFRO~1\AppData\Local\Temp/ccjsoDpf.s:5      *ABS*:00000034 __CCP__
C:\Users\JEFFRO~1\AppData\Local\Temp/ccjsoDpf.s:6      *ABS*:00000000 __tmp_reg__
C:\Users\JEFFRO~1\AppData\Local\Temp/ccjsoDpf.s:7      *ABS*:00000001 __zero_reg__
C:\Users\JEFFRO~1\AppData\Local\Temp/ccjsoDpf.s:19     .text.USB_Disable:00000000 USB_Disable
C:\Users\JEFFRO~1\AppData\Local\Temp/ccjsoDpf.s:82     .text.USB_ResetInterface:00000000 USB_ResetInterface
C:\Users\JEFFRO~1\AppData\Local\Temp/ccjsoDpf.s:230    .text.USB_Init:00000000 USB_Init

UNDEFINED SYMBOLS
USB_INT_DisableAllInterrupts
USB_INT_ClearAllInterrupts
USB_IsInitialized
USB_DeviceState
USB_ConfigurationNumber
USB_RemoteWakeupEnabled
USB_CurrentlySelfPowered
Endpoint_ConfigureEndpoint_Prv
