Archive member included because of file (symbol)

c:/winavr-20100110/bin/../lib/gcc/avr/4.3.3/../../../../avr/lib/avr51\libm.a(addsf3.o)
                              Keyglove.o (__subsf3)
c:/winavr-20100110/bin/../lib/gcc/avr/4.3.3/../../../../avr/lib/avr51\libm.a(addsf3x.o)
                              c:/winavr-20100110/bin/../lib/gcc/avr/4.3.3/../../../../avr/lib/avr51\libm.a(addsf3.o) (__addsf3x)
c:/winavr-20100110/bin/../lib/gcc/avr/4.3.3/../../../../avr/lib/avr51\libm.a(atan.o)
                              Keyglove.o (atan)
c:/winavr-20100110/bin/../lib/gcc/avr/4.3.3/../../../../avr/lib/avr51\libm.a(divsf3.o)
                              Keyglove.o (__divsf3)
c:/winavr-20100110/bin/../lib/gcc/avr/4.3.3/../../../../avr/lib/avr51\libm.a(divsf3x.o)
                              c:/winavr-20100110/bin/../lib/gcc/avr/4.3.3/../../../../avr/lib/avr51\libm.a(divsf3.o) (__divsf3x)
c:/winavr-20100110/bin/../lib/gcc/avr/4.3.3/../../../../avr/lib/avr51\libm.a(fixsfsi.o)
                              Keyglove.o (__fixsfsi)
c:/winavr-20100110/bin/../lib/gcc/avr/4.3.3/../../../../avr/lib/avr51\libm.a(fixunssfsi.o)
                              ArduinoWrapper.o (__fixunssfsi)
c:/winavr-20100110/bin/../lib/gcc/avr/4.3.3/../../../../avr/lib/avr51\libm.a(floatsisf.o)
                              ../keyglove/ITG3200.o (__floatunsisf)
c:/winavr-20100110/bin/../lib/gcc/avr/4.3.3/../../../../avr/lib/avr51\libm.a(fp_inf.o)
                              c:/winavr-20100110/bin/../lib/gcc/avr/4.3.3/../../../../avr/lib/avr51\libm.a(addsf3x.o) (__fp_inf)
c:/winavr-20100110/bin/../lib/gcc/avr/4.3.3/../../../../avr/lib/avr51\libm.a(fp_nan.o)
                              c:/winavr-20100110/bin/../lib/gcc/avr/4.3.3/../../../../avr/lib/avr51\libm.a(addsf3x.o) (__fp_nan)
c:/winavr-20100110/bin/../lib/gcc/avr/4.3.3/../../../../avr/lib/avr51\libm.a(fp_powser.o)
                              c:/winavr-20100110/bin/../lib/gcc/avr/4.3.3/../../../../avr/lib/avr51\libm.a(atan.o) (__fp_powser)
c:/winavr-20100110/bin/../lib/gcc/avr/4.3.3/../../../../avr/lib/avr51\libm.a(fp_pscA.o)
                              c:/winavr-20100110/bin/../lib/gcc/avr/4.3.3/../../../../avr/lib/avr51\libm.a(addsf3x.o) (__fp_pscA)
c:/winavr-20100110/bin/../lib/gcc/avr/4.3.3/../../../../avr/lib/avr51\libm.a(fp_pscB.o)
                              c:/winavr-20100110/bin/../lib/gcc/avr/4.3.3/../../../../avr/lib/avr51\libm.a(addsf3x.o) (__fp_pscB)
c:/winavr-20100110/bin/../lib/gcc/avr/4.3.3/../../../../avr/lib/avr51\libm.a(fp_round.o)
                              c:/winavr-20100110/bin/../lib/gcc/avr/4.3.3/../../../../avr/lib/avr51\libm.a(addsf3.o) (__fp_round)
c:/winavr-20100110/bin/../lib/gcc/avr/4.3.3/../../../../avr/lib/avr51\libm.a(fp_split3.o)
                              c:/winavr-20100110/bin/../lib/gcc/avr/4.3.3/../../../../avr/lib/avr51\libm.a(addsf3x.o) (__fp_split3)
c:/winavr-20100110/bin/../lib/gcc/avr/4.3.3/../../../../avr/lib/avr51\libm.a(fp_zero.o)
                              c:/winavr-20100110/bin/../lib/gcc/avr/4.3.3/../../../../avr/lib/avr51\libm.a(addsf3x.o) (__fp_zero)
c:/winavr-20100110/bin/../lib/gcc/avr/4.3.3/../../../../avr/lib/avr51\libm.a(inverse.o)
                              c:/winavr-20100110/bin/../lib/gcc/avr/4.3.3/../../../../avr/lib/avr51\libm.a(atan.o) (inverse)
c:/winavr-20100110/bin/../lib/gcc/avr/4.3.3/../../../../avr/lib/avr51\libm.a(mulsf3.o)
                              Keyglove.o (__mulsf3)
c:/winavr-20100110/bin/../lib/gcc/avr/4.3.3/../../../../avr/lib/avr51\libm.a(mulsf3x.o)
                              c:/winavr-20100110/bin/../lib/gcc/avr/4.3.3/../../../../avr/lib/avr51\libm.a(atan.o) (__mulsf3x)
c:/winavr-20100110/bin/../lib/gcc/avr/4.3.3/../../../../avr/lib/avr51\libm.a(pow.o)
                              ../keyglove/Adxl345.o (pow)
c:/winavr-20100110/bin/../lib/gcc/avr/4.3.3/../../../../avr/lib/avr51\libm.a(sqrt.o)
                              Keyglove.o (sqrt)
c:/winavr-20100110/bin/../lib/gcc/avr/4.3.3/../../../../avr/lib/avr51\libm.a(square.o)
                              c:/winavr-20100110/bin/../lib/gcc/avr/4.3.3/../../../../avr/lib/avr51\libm.a(atan.o) (square)
c:/winavr-20100110/bin/../lib/gcc/avr/4.3.3/../../../../avr/lib/avr51\libm.a(exp.o)
                              c:/winavr-20100110/bin/../lib/gcc/avr/4.3.3/../../../../avr/lib/avr51\libm.a(pow.o) (exp)
c:/winavr-20100110/bin/../lib/gcc/avr/4.3.3/../../../../avr/lib/avr51\libm.a(fp_mpack.o)
                              c:/winavr-20100110/bin/../lib/gcc/avr/4.3.3/../../../../avr/lib/avr51\libm.a(sqrt.o) (__fp_mpack)
c:/winavr-20100110/bin/../lib/gcc/avr/4.3.3/../../../../avr/lib/avr51\libm.a(fp_norm2.o)
                              c:/winavr-20100110/bin/../lib/gcc/avr/4.3.3/../../../../avr/lib/avr51\libm.a(sqrt.o) (__fp_norm2)
c:/winavr-20100110/bin/../lib/gcc/avr/4.3.3/../../../../avr/lib/avr51\libm.a(ldexp.o)
                              c:/winavr-20100110/bin/../lib/gcc/avr/4.3.3/../../../../avr/lib/avr51\libm.a(exp.o) (ldexp)
[...]
Memory Configuration

Name             Origin             Length             Attributes
text             0x00000000         0x00020000         xr
data             0x00800060         0x0000ffa0         rw !x
eeprom           0x00810000         0x00010000         rw !x
fuse             0x00820000         0x00000400         rw !x
lock             0x00830000         0x00000400         rw !x
signature        0x00840000         0x00000400         rw !x
*default*        0x00000000         0xffffffff

Linker script and memory map

Address of section .data set to 0x800100
LOAD c:/winavr-20100110/bin/../lib/gcc/avr/4.3.3/../../../../avr/lib/avr51/crtusb1287.o
LOAD wiring/wiring.o
LOAD wiring/wiring_analog.o
LOAD wiring/wiring_digital.o
LOAD wiring/wiring_pulse.o
LOAD wiring/wiring_shift.o
LOAD wiring/pins_arduino.o
LOAD Descriptors.o
LOAD LUFA/Drivers/USB/Core/AVR8/Device_AVR8.o
LOAD LUFA/Drivers/USB/Core/AVR8/Endpoint_AVR8.o
LOAD LUFA/Drivers/USB/Core/AVR8/Host_AVR8.o
LOAD LUFA/Drivers/USB/Core/AVR8/Pipe_AVR8.o
LOAD LUFA/Drivers/USB/Core/AVR8/USBController_AVR8.o
LOAD LUFA/Drivers/USB/Core/AVR8/USBInterrupt_AVR8.o
LOAD LUFA/Drivers/USB/Core/AVR8/EndpointStream_AVR8.o
LOAD LUFA/Drivers/USB/Core/AVR8/PipeStream_AVR8.o
LOAD LUFA/Drivers/USB/Core/ConfigDescriptor.o
LOAD LUFA/Drivers/USB/Core/DeviceStandardReq.o
LOAD LUFA/Drivers/USB/Core/Events.o
LOAD LUFA/Drivers/USB/Core/HostStandardReq.o
LOAD LUFA/Drivers/USB/Core/USBTask.o
LOAD LUFA/Drivers/USB/Class/Common/HIDParser.o
LOAD Keyglove.o
LOAD ArduinoWrapper.o
LOAD ../keyglove/Adxl345.o
LOAD ../keyglove/ITG3200.o
LOAD ../keyglove/iwrap.o
LOAD ../keyglove/logitech.o
LOAD ../keyglove/ps2dev.o
LOAD ../keyglove/ps2keyboard.o
LOAD ../keyglove/ps2mouse.o
LOAD c:/winavr-20100110/bin/../lib/gcc/avr/4.3.3/../../../../avr/lib/avr51\libm.a
LOAD c:/winavr-20100110/bin/../lib/gcc/avr/4.3.3/avr51\libgcc.a
LOAD c:/winavr-20100110/bin/../lib/gcc/avr/4.3.3/../../../../avr/lib/avr51\libc.a
LOAD c:/winavr-20100110/bin/../lib/gcc/avr/4.3.3/avr51\libgcc.a

.hash
 *(.hash)

.dynsym
 *(.dynsym)

.dynstr
 *(.dynstr)

.gnu.version
 *(.gnu.version)

.gnu.version_d
 *(.gnu.version_d)

.gnu.version_r
 *(.gnu.version_r)

.rel.init
 *(.rel.init)

.rela.init
 *(.rela.init)

.rel.text
 *(.rel.text)
 *(.rel.text.*)
 *(.rel.gnu.linkonce.t*)

.rela.text
 *(.rela.text)
 *(.rela.text.*)
 *(.rela.gnu.linkonce.t*)

.rel.fini
 *(.rel.fini)

.rela.fini
 *(.rela.fini)

.rel.rodata
 *(.rel.rodata)
 *(.rel.rodata.*)
 *(.rel.gnu.linkonce.r*)

.rela.rodata
 *(.rela.rodata)
 *(.rela.rodata.*)
 *(.rela.gnu.linkonce.r*)

.rel.data
 *(.rel.data)
 *(.rel.data.*)
 *(.rel.gnu.linkonce.d*)

.rela.data
 *(.rela.data)
 *(.rela.data.*)
 *(.rela.gnu.linkonce.d*)

.rel.ctors
 *(.rel.ctors)

.rela.ctors
 *(.rela.ctors)

.rel.dtors
 *(.rel.dtors)

.rela.dtors
 *(.rela.dtors)

.rel.got
 *(.rel.got)

.rela.got
 *(.rela.got)

.rel.bss
 *(.rel.bss)

.rela.bss
 *(.rela.bss)

.rel.plt
 *(.rel.plt)

.rela.plt
 *(.rela.plt)

.text           0x00000000     0x81da
 *(.vectors)
 .vectors       0x00000000       0x98 c:/winavr-20100110/bin/../lib/gcc/avr/4.3.3/../../../../avr/lib/avr51/crtusb1287.o
                0x00000000                __vectors
                0x00000000                __vector_default
 *(.vectors)
 *(.progmem.gcc*)
 .progmem.gcc_fplib
                0x00000098       0x2d c:/winavr-20100110/bin/../lib/gcc/avr/4.3.3/../../../../avr/lib/avr51\libm.a(atan.o)
 .progmem.gcc_fplib
                0x000000c5       0x28 c:/winavr-20100110/bin/../lib/gcc/avr/4.3.3/../../../../avr/lib/avr51\libm.a(exp.o)
 .progmem.gcc_fplib
                0x000000ed       0x5a c:/winavr-20100110/bin/../lib/gcc/avr/4.3.3/../../../../avr/lib/avr51\libm.a(log.o)
 *(.progmem*)
 .progmem.data  0x00000147      0x1d1 Descriptors.o
                0x00000274                ManufacturerString
                0x000002ea                ProductStringHID
                0x00000147                HIDReport
                0x00000270                LanguageString
                0x000002be                ProductStringSerial
                0x000001f8                DeviceDescriptor
                0x00000290                ProductString
                0x0000020a                ConfigurationDescriptor
                0x00000318                . = ALIGN (0x2)
                0x00000318                __trampolines_start = .
 *(.trampolines)
 .trampolines   0x00000318        0x0 linker stubs
 *(.trampolines*)
                0x00000318                __trampolines_end = .
 *(.jumptables)
 *(.jumptables*)
 *(.lowtext)
 *(.lowtext*)
                0x00000318                __ctors_start = .
 *(.ctors)
 .ctors         0x00000318        0x2 Keyglove.o
                0x0000031a                __ctors_end = .
                0x0000031a                __dtors_start = .
 *(.dtors)
                0x0000031a                __dtors_end = .
 SORT(*)(.ctors)
 SORT(*)(.dtors)
 *(.init0)
 .init0         0x0000031a        0x0 c:/winavr-20100110/bin/../lib/gcc/avr/4.3.3/../../../../avr/lib/avr51/crtusb1287.o
                0x0000031a                __init
 *(.init0)
 *(.init1)
 *(.init1)
 *(.init2)
 .init2         0x0000031a        0xc c:/winavr-20100110/bin/../lib/gcc/avr/4.3.3/../../../../avr/lib/avr51/crtusb1287.o
 *(.init2)
 *(.init3)
 *(.init3)
 *(.init4)
 .init4         0x00000326       0x1a c:/winavr-20100110/bin/../lib/gcc/avr/4.3.3/../../../../avr/lib/avr51/crtusb1287.o
                0x00000326                __do_copy_data
 .init4         0x00000340       0x10 c:/winavr-20100110/bin/../lib/gcc/avr/4.3.3/avr51\libgcc.a(_clear_bss.o)
                0x00000340                __do_clear_bss
 *(.init4)
 *(.init5)
 *(.init5)
 *(.init6)
 .init6         0x00000350       0x16 c:/winavr-20100110/bin/../lib/gcc/avr/4.3.3/avr51\libgcc.a(_ctors.o)
                0x00000350                __do_global_ctors
 *(.init6)
 *(.init7)
 *(.init7)
 *(.init8)
 *(.init8)
 *(.init9)
 .init9         0x00000366        0x8 c:/winavr-20100110/bin/../lib/gcc/avr/4.3.3/../../../../avr/lib/avr51/crtusb1287.o
 *(.init9)
 *(.text)
 .text          0x0000036e        0x2 c:/winavr-20100110/bin/../lib/gcc/avr/4.3.3/../../../../avr/lib/avr51/crtusb1287.o
                0x0000036e                __vector_22
                0x0000036e                __vector_28
                0x0000036e                __vector_1
                0x0000036e                __vector_32
                0x0000036e                __vector_34
                0x0000036e                __vector_24
                0x0000036e                __vector_12
                0x0000036e                __bad_interrupt
                0x0000036e                __vector_6
                0x0000036e                __vector_31
                0x0000036e                __vector_35
                0x0000036e                __vector_3
                0x0000036e                __vector_30
                0x0000036e                __vector_25
                0x0000036e                __vector_11
                0x0000036e                __vector_13
                0x0000036e                __vector_17
                0x0000036e                __vector_19
                0x0000036e                __vector_7
                0x0000036e                __vector_27
                0x0000036e                __vector_5
                0x0000036e                __vector_33
                0x0000036e                __vector_37
                0x0000036e                __vector_4
                0x0000036e                __vector_9
                0x0000036e                __vector_2
                0x0000036e                __vector_21
                0x0000036e                __vector_15
                0x0000036e                __vector_36
                0x0000036e                __vector_29
                0x0000036e                __vector_8
                0x0000036e                __vector_26
                0x0000036e                __vector_14
                0x0000036e                __vector_16
                0x0000036e                __vector_18
                0x0000036e                __vector_20
 .text          0x00000370     0x4b24 Keyglove.o
                0x000012dc                keypress(int)
                0x0000065e                EVENT_USB_Device_ConfigurationChanged
                0x00002eb0                loop
                0x00000748                tricolor(unsigned char, unsigned char, unsigned char)
                0x000003b6                ProcessHIDReport
                0x000010c2                modifierpress(int)
                0x0000131a                mouseup(int)
                0x000003a2                EVENT_USB_Device_Connect
                0x00000c54                popmode()
                0x00000d98                setmode(int)
                0x00000ad2                modifierup(int)
                0x00001100                togglemodifier(int)
                0x00000458                CDC_Task
                0x00004e56                mouseclick(int)
                0x000003ac                EVENT_USB_Device_Disconnect
                0x00000370                modeCheck(int, int)
                0x00000978                redled(int, int)
                0x00000a18                beep(int, int, int)
                0x0000077c                mouseoff(int)
                0x00002bc4                mousedown(int)
                0x00004dcc                main
                0x00000d08                togglemode(int)
                0x00000714                SetupHardware
                0x00000832                blueled(int, int)
                0x00002c16                check_sensors_touch(unsigned long, unsigned long, int)
                0x00001378                check_sensors_release(unsigned long, unsigned long, int)
                0x00000e02                setup
                0x0000057e                EVENT_USB_Device_ControlRequest
                0x00000b30                modifierdown(int)
                0x00000b7e                activate_mode(int)
                0x000007e8                vibrate(int, int)
                0x000008d6                greenled(int, int)
                0x00000b24                deactivate_mode(int)
                0x000007b0                mouseon(int)
                0x0000113e                keyup(int)
                0x000003e2                HID_Task
                0x0000120c                keydown(int)
                0x000003b8                Keyboard_ProcessLEDReport(unsigned char)
                0x00000cbc                pushmode(int)
 .text          0x00004e94      0x838 ArduinoWrapper.o
                0x00005416                noTone(unsigned char)
                0x00004f30                WireI2C::receive()
                0x00004edc                HardwareSerial::print(unsigned long)
                0x0000563c                USBVirtualSerial::print(double)
                0x00004f2e                WireI2C::send(unsigned char)
                0x00005414                tone(unsigned char, unsigned int, unsigned int)
                0x00004efe                USBKeyboard::set_modifier(unsigned char)
                0x00005640                USBVirtualSerial::print(unsigned long, unsigned char)
                0x00005418                USBKeyboard::send_now()
                0x00004f04                USBKeyboard::set_key1(unsigned char)
                0x00004f3a                digitalRead
                0x00005546                USBVirtualSerial::println(unsigned long, unsigned char)
                0x00004f36                WireI2C::available()
                0x000054c2                USBVirtualSerial::print(unsigned char, unsigned char)
                0x00005664                USBVirtualSerial::print(long, unsigned char)
                0x00004ef4                HardwareSerial::println(char const*, int)
                0x000054d0                USBVirtualSerial::println(char const*)
                0x00005684                USBVirtualSerial::print(long)
                0x00004eec                HardwareSerial::println(unsigned char)
                0x00005522                USBVirtualSerial::println(double, unsigned char)
                0x000055ce                USBVirtualSerial::println(int)
                0x0000549c                USBVirtualSerial::println(unsigned char, unsigned char)
                0x00004ff0                digitalWrite
                0x00004ed4                HardwareSerial::begin(unsigned long)
                0x00005498                USBMouse::move(unsigned char, unsigned char)
                0x00005202                pinMode
                0x00004f2c                WireI2C::endTransmission()
                0x00005660                USBVirtualSerial::print(unsigned long)
                0x00004ed6                HardwareSerial::print(char const*)
                0x00005478                USBMouse::move(unsigned char, unsigned char, unsigned char)
                0x00004ee2                HardwareSerial::print(unsigned char, int)
                0x00004f0a                USBKeyboard::set_key2(unsigned char)
                0x0000556a                USBVirtualSerial::println(long, unsigned char)
                0x00004ee6                HardwareSerial::print(unsigned long, int)
                0x00004eda                HardwareSerial::print(int)
                0x00004f16                USBKeyboard::set_key4(unsigned char)
                0x00005452                USBMouse::set_buttons(unsigned char, unsigned char, unsigned char)
                0x000055d2                USBVirtualSerial::print(char const*)
                0x00004eee                HardwareSerial::println(int)
                0x00004eea                HardwareSerial::println(char const*)
                0x000056aa                USBVirtualSerial::print(int, unsigned char)
                0x00004ede                HardwareSerial::print(long double)
                0x00004ed2                USBVirtualSerial::begin(unsigned long)
                0x000055b0                USBVirtualSerial::println(int, unsigned char)
                0x00005614                USBVirtualSerial::print(double, unsigned char)
                0x000056a6                USBVirtualSerial::print(unsigned int)
                0x00004ef0                HardwareSerial::println(unsigned long)
                0x0000558a                USBVirtualSerial::println(long)
                0x00004ef2                HardwareSerial::println(long double)
                0x00005638                USBVirtualSerial::println(double)
                0x00004ef6                HardwareSerial::println(unsigned char, int)
                0x00004ee4                HardwareSerial::print(int, int)
                0x000054cc                USBVirtualSerial::print(unsigned char)
                0x00004f1c                USBKeyboard::set_key5(unsigned char)
                0x0000558e                USBVirtualSerial::println(unsigned int, unsigned char)
                0x00004ef8                HardwareSerial::println(int, int)
                0x00004ee0                HardwareSerial::print(char const*, int)
                0x00005432                USBMouse::scroll(unsigned char)
                0x000055ac                USBVirtualSerial::println(unsigned int)
                0x00004efa                HardwareSerial::println(unsigned long, int)
                0x00004f28                WireI2C::begin()
                0x00004ee8                HardwareSerial::print(long double, int)
                0x00004f2a                WireI2C::beginTransmission(int)
                0x00004f22                USBKeyboard::set_key6(unsigned char)
                0x00004ed8                HardwareSerial::print(unsigned char)
                0x00004f10                USBKeyboard::set_key3(unsigned char)
                0x00004efc                HardwareSerial::println(long double, int)
                0x000056c8                USBVirtualSerial::print(int)
                0x00005688                USBVirtualSerial::print(unsigned int, unsigned char)
                0x000054be                USBVirtualSerial::println(unsigned char)
                0x00005566                USBVirtualSerial::println(unsigned long)
                0x00004f34                WireI2C::requestFrom(int, int)
 .text          0x000056cc      0x9d4 ../keyglove/Adxl345.o
                0x00005e76                Accelerometer::getAxisOffset(int*, int*, int*)
                0x000059b8                Accelerometer::getInterruptMapping(unsigned char)
                0x000059d8                Accelerometer::isTapSourceOnZ()
                0x00005a48                Accelerometer::isInactivityXEnabled()
                0x00005baa                Accelerometer::setJustifyBit(bool)
                0x000059c8                Accelerometer::isLowPower()
                0x00005b78                Accelerometer::setInactivityY(bool)
                0x000059f8                Accelerometer::isActivitySourceOnY()
                0x00005a60                Accelerometer::isActivityXEnabled()
                0x000059b0                Accelerometer::isInterruptEnabled(unsigned char)
                0x00005a58                Accelerometer::isActivityYEnabled()
                0x00005b82                Accelerometer::setInactivityX(bool)
                0x00005b8c                Accelerometer::setActivityZ(bool)
                0x000057bc                Accelerometer::setTapDuration(int)
                0x0000573a                Accelerometer::setTimeInactivity(int)
                0x00005a50                Accelerometer::isActivityZEnabled()
                0x00005fec                Accelerometer::readAccel(int*, int*, int*)
                0x000058a2                Accelerometer::printAllRegister()
                0x00005758                Accelerometer::setInactivityThreshold(int)
                0x00005a18                Accelerometer::isTapDetectionOnX()
                0x00005a28                Accelerometer::isInactivityAc()
                0x000059c0                Accelerometer::getInterruptSource(unsigned char)
                0x00005776                Accelerometer::setActivityThreshold(int)
                0x00005cf6                Accelerometer::getFreeFallDuration()
                0x00005a20                Accelerometer::getSuppressBit()
                0x00005a88                Accelerometer::getSelfTestBit()
                0x00005a38                Accelerometer::isInactivityZEnabled()
                0x00005b3c                Accelerometer::setTapDetectionOnY(bool)
                0x00005fae                Accelerometer::getRangeSetting(unsigned char*)
                0x00005c90                Accelerometer::getRate()
                0x00005b64                Accelerometer::setActivityAc(bool)
                0x00005b5a                Accelerometer::setInactivityAc(bool)
                0x000059e0                Accelerometer::isTapSourceOnY()
                0x00005b1c                Accelerometer::setInterruptMapping(unsigned char, bool)
                0x00005b32                Accelerometer::setTapDetectionOnZ(bool)
                0x00005bd2                Accelerometer::setSelfTestBit(bool)
                0x0000571c                Accelerometer::setFreeFallThreshold(int)
                0x00005b10                Accelerometer::setInterrupt(unsigned char, bool)
                0x0000596c                Accelerometer::getRegisterBit(unsigned char, int)
                0x000056fe                Accelerometer::setFreeFallDuration(int)
                0x00005db6                Accelerometer::getActivityThreshold()
                0x00005a80                Accelerometer::getSpiBit()
                0x00005a00                Accelerometer::isActivitySourceOnX()
                0x00005bb4                Accelerometer::setFullResBit(bool)
                0x00005834                Accelerometer::readFrom(int, unsigned char, int, unsigned char*)
                0x00005f0a                Accelerometer::getTapThreshold()
                0x00005a40                Accelerometer::isInactivityYEnabled()
                0x000057da                Accelerometer::setAxisOffset(int, int, int)
                0x000059f0                Accelerometer::isActivitySourceOnZ()
                0x000059e8                Accelerometer::isTapSourceOnX()
                0x00005d26                Accelerometer::getFreeFallThreshold()
                0x000057b2                Accelerometer::setDoubleTapLatency(int)
                0x00005b28                Accelerometer::setLowPower(bool)
                0x000056ce                Accelerometer::Accelerometer()
                0x00005b6e                Accelerometer::setInactivityZ(bool)
                0x00005a10                Accelerometer::isTapDetectionOnY()
                0x00005bbe                Accelerometer::setInterruptLevelBit(bool)
                0x00005a78                Accelerometer::getInterruptLevelBit()
                0x00005d86                Accelerometer::getInactivityThreshold()
                0x00005816                Accelerometer::setTapThreshold(int)
                0x00005c0a                Accelerometer::setRate(float)
                0x00005a08                Accelerometer::isTapDetectionOnZ()
                0x000056d0                Accelerometer::writeTo(int, unsigned char, unsigned char)
                0x00005f3a                Accelerometer::setRangeSetting(int)
                0x00005a90                Accelerometer::setRegisterBit(unsigned char, int, bool)
                0x00005a70                Accelerometer::getFullResBit()
                0x00005e16                Accelerometer::getDoubleTapLatency()
                0x00005d56                Accelerometer::getTimeInactivity()
                0x00005a30                Accelerometer::isActivityAc()
                0x00006068                Accelerometer::powerOn()
                0x00005b50                Accelerometer::setSuppressBit(bool)
                0x00005e46                Accelerometer::getTapDuration()
                0x00005bc8                Accelerometer::setSpiBit(bool)
                0x000059d0                Accelerometer::isAsleep()
                0x00005ba0                Accelerometer::setActivityX(bool)
                0x00005b46                Accelerometer::setTapDetectionOnX(bool)
                0x00005bdc                Accelerometer::getInterruptSource()
                0x000056cc                Accelerometer::Accelerometer()
                0x00005b96                Accelerometer::setActivityY(bool)
                0x00005794                Accelerometer::setDoubleTapWindow(int)
                0x00005a68                Accelerometer::getJustifyBit()
                0x00005de6                Accelerometer::getDoubleTapWindow()
 .text          0x000060a0      0xb68 ../keyglove/ITG3200.o
                0x0000625e                ITG3200::setSampleRateDiv(unsigned char)
                0x00006be2                ITG3200::init(unsigned int)
                0x000066f4                ITG3200::isRawDataReady()
                0x000068b8                ITG3200::isINTOpenDrain()
                0x00006192                ITG3200::ITG3200()
                0x0000682a                ITG3200::setLatchMode(bool)
                0x000069da                ITG3200::getSampleRateDiv()
                0x00006594                ITG3200::readGyro(float*, float*, float*)
                0x00006490                ITG3200::isLowPower()
                0x000060a6                ITG3200::setScaleFactor(float, float, float, bool)
                0x00006762                ITG3200::isRawDataReadyOn()
                0x000060a0                ITG3200::getDevAddr()
                0x00006526                ITG3200::readGyroRawCal(int*, int*, int*)
                0x0000645a                ITG3200::setPowerMode(bool)
                0x00006a06                ITG3200::zeroCalibrate(unsigned int, unsigned int)
                0x00006932                ITG3200::setFilterBW(unsigned char)
                0x000061d2                ITG3200::ITG3200()
                0x00006780                ITG3200::setITGReady(bool)
                0x000063ee                ITG3200::isZgyroStandby()
                0x00006356                ITG3200::setZgyroStandby(bool)
                0x000064b4                ITG3200::readGyroRaw(int*, int*, int*)
                0x000068dc                ITG3200::setINTLogiclvl(bool)
                0x000067d4                ITG3200::setLatchClearMode(bool)
                0x0000685e                ITG3200::isLatchUntilCleared()
                0x00006388                ITG3200::setYgyroStandby(bool)
                0x000063ba                ITG3200::setXgyroStandby(bool)
                0x00006712                ITG3200::isITGReady()
                0x00006882                ITG3200::setINTDriveType(bool)
                0x00006280                ITG3200::readmem(unsigned char, unsigned char, unsigned char*)
                0x00006668                ITG3200::readGyro(float*)
                0x00006676                ITG3200::readGyroRawCal(int*)
                0x00006692                ITG3200::readTemp(float*)
                0x000069f6                ITG3200::reset()
                0x00006736                ITG3200::setRawDataReady(bool)
                0x00006436                ITG3200::isXgyroStandby()
                0x00006684                ITG3200::readGyroRaw(int*)
                0x0000695e                ITG3200::getFilterBW()
                0x00006b90                ITG3200::init(unsigned int, unsigned char, unsigned char, unsigned char, unsigned char, bool, bool)
                0x00006338                ITG3200::getClockSource()
                0x00006412                ITG3200::isYgyroStandby()
                0x00006806                ITG3200::isAnyRegClrMode()
                0x0000697c                ITG3200::setFSRange(unsigned char)
                0x00006222                ITG3200::writemem(unsigned char, unsigned char)
                0x0000690e                ITG3200::isINTActiveOnLow()
                0x00006212                ITG3200::setOffsets(int, int, int)
                0x000067b0                ITG3200::isITGReadyOn()
                0x0000630c                ITG3200::setClockSource(unsigned char)
                0x000069ae                ITG3200::getFSRange()
                0x00006264                ITG3200::setDevAddr(unsigned int)
                0x00006c08                . = ALIGN (0x2)
 *(.text.*)
 .text.__vector_23
                0x00006c08       0xa8 wiring/wiring.o
                0x00006c08                __vector_23
 .text.millis   0x00006cb0       0x1c wiring/wiring.o
                0x00006cb0                millis
 .text.micros   0x00006ccc       0x4c wiring/wiring.o
                0x00006ccc                micros
 .text.delay    0x00006d18       0x48 wiring/wiring.o
                0x00006d18                delay
 .text.init     0x00006d60       0x8c wiring/wiring.o
                0x00006d60                init
 .text.CALLBACK_USB_GetDescriptor
                0x00006dec       0xa4 Descriptors.o
                0x00006dec                CALLBACK_USB_GetDescriptor
 .text.Endpoint_ConfigureEndpoint_Prv
                0x00006e90       0x6a LUFA/Drivers/USB/Core/AVR8/Endpoint_AVR8.o
                0x00006e90                Endpoint_ConfigureEndpoint_Prv
 .text.Endpoint_ClearStatusStage
                0x00006efa       0x42 LUFA/Drivers/USB/Core/AVR8/Endpoint_AVR8.o
                0x00006efa                Endpoint_ClearStatusStage
 .text.Endpoint_WaitUntilReady
                0x00006f3c       0x64 LUFA/Drivers/USB/Core/AVR8/Endpoint_AVR8.o
                0x00006f3c                Endpoint_WaitUntilReady
 .text.USB_ResetInterface
                0x00006fa0       0x92 LUFA/Drivers/USB/Core/AVR8/USBController_AVR8.o
                0x00006fa0                USB_ResetInterface
 .text.USB_Init
                0x00007032       0x12 LUFA/Drivers/USB/Core/AVR8/USBController_AVR8.o
                0x00007032                USB_Init
 .text.USB_INT_DisableAllInterrupts
                0x00007044       0x10 LUFA/Drivers/USB/Core/AVR8/USBInterrupt_AVR8.o
                0x00007044                USB_INT_DisableAllInterrupts
 .text.USB_INT_ClearAllInterrupts
                0x00007054        0xa LUFA/Drivers/USB/Core/AVR8/USBInterrupt_AVR8.o
                0x00007054                USB_INT_ClearAllInterrupts
 .text.__vector_10
                0x0000705e      0x194 LUFA/Drivers/USB/Core/AVR8/USBInterrupt_AVR8.o
                0x0000705e                __vector_10
 .text.Endpoint_Write_Control_Stream_LE
                0x000071f2       0xbc LUFA/Drivers/USB/Core/AVR8/EndpointStream_AVR8.o
                0x000071f2                Endpoint_Write_Control_Stream_LE
 .text.Endpoint_Read_Control_Stream_LE
                0x000072ae       0x82 LUFA/Drivers/USB/Core/AVR8/EndpointStream_AVR8.o
                0x000072ae                Endpoint_Read_Control_Stream_LE
 .text.Endpoint_Write_Control_PStream_LE
                0x00007330       0xc2 LUFA/Drivers/USB/Core/AVR8/EndpointStream_AVR8.o
                0x00007330                Endpoint_Write_Control_PStream_LE
 .text.Endpoint_Read_Stream_LE
                0x000073f2       0xa4 LUFA/Drivers/USB/Core/AVR8/EndpointStream_AVR8.o
                0x000073f2                Endpoint_Read_Stream_LE
 .text.Endpoint_Write_Stream_LE
                0x00007496       0xa4 LUFA/Drivers/USB/Core/AVR8/EndpointStream_AVR8.o
                0x00007496                Endpoint_Write_Stream_LE
 .text.USB_Device_ProcessControlRequest
                0x0000753a      0x308 LUFA/Drivers/USB/Core/DeviceStandardReq.o
                0x0000753a                USB_Device_ProcessControlRequest
 .text.USB_Event_Stub
                0x00007842        0x2 LUFA/Drivers/USB/Core/Events.o
                0x00007842                EVENT_USB_Device_WakeUp
                0x00007842                USB_Event_Stub
                0x00007842                EVENT_USB_Device_Suspend
                0x00007842                EVENT_USB_Device_StartOfFrame
                0x00007842                EVENT_USB_Device_Reset
 .text.USB_USBTask
                0x00007844       0x26 LUFA/Drivers/USB/Core/USBTask.o
                0x00007844                USB_USBTask
 .text.avr-libc.fplib
                0x0000786a        0xa c:/winavr-20100110/bin/../lib/gcc/avr/4.3.3/../../../../avr/lib/avr51\libm.a(addsf3.o)
                0x0000786a                __subsf3
                0x0000786c                __addsf3
 .text.avr-libc.fplib
                0x00007874       0xc0 c:/winavr-20100110/bin/../lib/gcc/avr/4.3.3/../../../../avr/lib/avr51\libm.a(addsf3x.o)
                0x0000788e                __addsf3x
 .text.avr-libc.fplib
                0x00007934       0x50 c:/winavr-20100110/bin/../lib/gcc/avr/4.3.3/../../../../avr/lib/avr51\libm.a(atan.o)
                0x00007934                atan
 .text.avr-libc.fplib
                0x00007984        0x4 c:/winavr-20100110/bin/../lib/gcc/avr/4.3.3/../../../../avr/lib/avr51\libm.a(divsf3.o)
                0x00007984                __divsf3
 .text.avr-libc.fplib
                0x00007988       0xcc c:/winavr-20100110/bin/../lib/gcc/avr/4.3.3/../../../../avr/lib/avr51\libm.a(divsf3x.o)
                0x0000799e                __divsf3x
                0x000079a2                __divsf3_pse
 .text.avr-libc.fplib
                0x00007a54        0xa c:/winavr-20100110/bin/../lib/gcc/avr/4.3.3/../../../../avr/lib/avr51\libm.a(fixsfsi.o)
                0x00007a54                __fixsfsi
 .text.avr-libc.fplib
                0x00007a5e       0x58 c:/winavr-20100110/bin/../lib/gcc/avr/4.3.3/../../../../avr/lib/avr51\libm.a(fixunssfsi.o)
                0x00007a5e                __fixunssfsi
 .text.avr-libc.fplib
                0x00007ab6       0x7a c:/winavr-20100110/bin/../lib/gcc/avr/4.3.3/../../../../avr/lib/avr51\libm.a(floatsisf.o)
                0x00007aba                __floatsisf
                0x00007ab6                __floatunsisf
 .text.avr-libc.fplib
                0x00007b30        0xc c:/winavr-20100110/bin/../lib/gcc/avr/4.3.3/../../../../avr/lib/avr51\libm.a(fp_inf.o)
                0x00007b30                __fp_inf
 .text.avr-libc.fplib
                0x00007b3c        0x6 c:/winavr-20100110/bin/../lib/gcc/avr/4.3.3/../../../../avr/lib/avr51\libm.a(fp_nan.o)
                0x00007b3c                __fp_nan
 .text.avr-libc.fplib
                0x00007b42       0x4a c:/winavr-20100110/bin/../lib/gcc/avr/4.3.3/../../../../avr/lib/avr51\libm.a(fp_powser.o)
                0x00007b42                __fp_powser
 .text.avr-libc.fplib
                0x00007b8c        0xe c:/winavr-20100110/bin/../lib/gcc/avr/4.3.3/../../../../avr/lib/avr51\libm.a(fp_pscA.o)
                0x00007b8c                __fp_pscA
 .text.avr-libc.fplib
                0x00007b9a        0xe c:/winavr-20100110/bin/../lib/gcc/avr/4.3.3/../../../../avr/lib/avr51\libm.a(fp_pscB.o)
                0x00007b9a                __fp_pscB
 .text.avr-libc.fplib
                0x00007ba8       0x22 c:/winavr-20100110/bin/../lib/gcc/avr/4.3.3/../../../../avr/lib/avr51\libm.a(fp_round.o)
                0x00007ba8                __fp_round
 .text.avr-libc.fplib
                0x00007bca       0x44 c:/winavr-20100110/bin/../lib/gcc/avr/4.3.3/../../../../avr/lib/avr51\libm.a(fp_split3.o)
                0x00007bca                __fp_split3
                0x00007bda                __fp_splitA
 .text.avr-libc.fplib
                0x00007c0e        0xe c:/winavr-20100110/bin/../lib/gcc/avr/4.3.3/../../../../avr/lib/avr51\libm.a(fp_zero.o)
                0x00007c0e                __fp_zero
                0x00007c10                __fp_szero
 .text.avr-libc.fplib
                0x00007c1c        0xe c:/winavr-20100110/bin/../lib/gcc/avr/4.3.3/../../../../avr/lib/avr51\libm.a(inverse.o)
                0x00007c1c                inverse
 .text.avr-libc.fplib
                0x00007c2a        0x4 c:/winavr-20100110/bin/../lib/gcc/avr/4.3.3/../../../../avr/lib/avr51\libm.a(mulsf3.o)
                0x00007c2a                __mulsf3
 .text.avr-libc.fplib
                0x00007c2e       0xc2 c:/winavr-20100110/bin/../lib/gcc/avr/4.3.3/../../../../avr/lib/avr51\libm.a(mulsf3x.o)
                0x00007c46                __mulsf3_pse
                0x00007c42                __mulsf3x
 .text.avr-libc.fplib
                0x00007cf0       0x98 c:/winavr-20100110/bin/../lib/gcc/avr/4.3.3/../../../../avr/lib/avr51\libm.a(pow.o)
                0x00007cf0                pow
 .text.avr-libc.fplib
                0x00007d88       0x84 c:/winavr-20100110/bin/../lib/gcc/avr/4.3.3/../../../../avr/lib/avr51\libm.a(sqrt.o)
                0x00007d90                sqrt
 .text.avr-libc.fplib
                0x00007e0c        0x6 c:/winavr-20100110/bin/../lib/gcc/avr/4.3.3/../../../../avr/lib/avr51\libm.a(square.o)
                0x00007e0c                square
 .text.avr-libc.fplib
                0x00007e12       0x62 c:/winavr-20100110/bin/../lib/gcc/avr/4.3.3/../../../../avr/lib/avr51\libm.a(exp.o)
                0x00007e1c                exp
 .text.avr-libc.fplib
                0x00007e74       0x1c c:/winavr-20100110/bin/../lib/gcc/avr/4.3.3/../../../../avr/lib/avr51\libm.a(fp_mpack.o)
                0x00007e78                __fp_mpack_finite
                0x00007e74                __fp_mpack
 .text.avr-libc.fplib
                0x00007e90        0xe c:/winavr-20100110/bin/../lib/gcc/avr/4.3.3/../../../../avr/lib/avr51\libm.a(fp_norm2.o)
                0x00007e90                __fp_norm2
 .text.avr-libc.fplib
                0x00007e9e       0x6c c:/winavr-20100110/bin/../lib/gcc/avr/4.3.3/../../../../avr/lib/avr51\libm.a(ldexp.o)
                0x00007ea2                ldexp
 .text.avr-libc.fplib
                0x00007f0a       0x8a c:/winavr-20100110/bin/../lib/gcc/avr/4.3.3/../../../../avr/lib/avr51\libm.a(log.o)
                0x00007f14                log
 .text.avr-libc.fplib
                0x00007f94       0x66 c:/winavr-20100110/bin/../lib/gcc/avr/4.3.3/../../../../avr/lib/avr51\libm.a(modf.o)
                0x00007f94                modff
                0x00007f94                modf
 .text.libgcc   0x00007ffa       0x26 c:/winavr-20100110/bin/../lib/gcc/avr/4.3.3/avr51\libgcc.a(_divmodhi4.o)
                0x00007ffa                __divmodhi4
                0x00007ffa                _div
 .text.libgcc   0x00008020       0x44 c:/winavr-20100110/bin/../lib/gcc/avr/4.3.3/avr51\libgcc.a(_udivmodsi4.o)
                0x00008020                __udivmodsi4
 .text.libgcc   0x00008064       0x36 c:/winavr-20100110/bin/../lib/gcc/avr/4.3.3/avr51\libgcc.a(_divmodsi4.o)
                0x00008064                __divmodsi4
 .text.libgcc   0x0000809a       0x28 c:/winavr-20100110/bin/../lib/gcc/avr/4.3.3/avr51\libgcc.a(_udivmodhi4.o)
                0x0000809a                __udivmodhi4
 .text.libgcc   0x000080c2        0xc c:/winavr-20100110/bin/../lib/gcc/avr/4.3.3/avr51\libgcc.a(_tablejump.o)
                0x000080c6                __tablejump__
                0x000080c2                __tablejump2__
 .text.avr-libc
                0x000080ce       0x3e c:/winavr-20100110/bin/../lib/gcc/avr/4.3.3/../../../../avr/lib/avr51\libc.a(itoa.o)
                0x000080ce                itoa
 .text.avr-libc
                0x0000810c       0x64 c:/winavr-20100110/bin/../lib/gcc/avr/4.3.3/../../../../avr/lib/avr51\libc.a(ltoa.o)
                0x0000810c                ltoa
 .text.avr-libc
                0x00008170       0x46 c:/winavr-20100110/bin/../lib/gcc/avr/4.3.3/../../../../avr/lib/avr51\libc.a(ultoa.o)
                0x00008170                ultoa
 .text.avr-libc
                0x000081b6       0x20 c:/winavr-20100110/bin/../lib/gcc/avr/4.3.3/../../../../avr/lib/avr51\libc.a(strrev.o)
                0x000081b6                strrev
                0x000081d6                . = ALIGN (0x2)
 *(.fini9)
 .fini9         0x000081d6        0x0 c:/winavr-20100110/bin/../lib/gcc/avr/4.3.3/avr51\libgcc.a(_exit.o)
                0x000081d6                exit
                0x000081d6                _exit
 *(.fini9)
 *(.fini8)
 *(.fini8)
 *(.fini7)
 *(.fini7)
 *(.fini6)
 *(.fini6)
 *(.fini5)
 *(.fini5)
 *(.fini4)
 *(.fini4)
 *(.fini3)
 *(.fini3)
 *(.fini2)
 *(.fini2)
 *(.fini1)
 *(.fini1)
 *(.fini0)
 .fini0         0x000081d6        0x4 c:/winavr-20100110/bin/../lib/gcc/avr/4.3.3/avr51\libgcc.a(_exit.o)
 *(.fini0)
                0x000081da                _etext = .

.data           0x00800100      0x36c load address 0x000081da
                0x00800100                PROVIDE (__data_start, .)
 *(.data)
 .data          0x00800100      0x35b Keyglove.o
                0x00800409                opt_touch_detect_threshold
                0x008002ce                LineEncodingData
                0x00800435                opt_mouse_invert_x
                0x00800434                opt_gyro_rot90
                0x0080043f                opt_mouse_scale_mode2
                0x0080042f                opt_gyro_kalman_constant
                0x00800429                opt_motion_sampling_div
                0x0080042b                opt_accel_kalman_constant
                0x008002d5                pins
                0x00800436                opt_mouse_invert_y
                0x0080041d                opt_gyro_calibrate
                0x00800411                opt_accel_calibrate
                0x00800319                combinations
                0x00800433                opt_accel_smooth_average
                0x00800437                opt_mouse_scale_mode1
                0x00800447                opt_mouse_scale_mode3
                0x0080044f                opt_mouse_scale_mode4
                0x0080040b                opt_accel_offset
 .data          0x0080045b       0x10 ../keyglove/Adxl345.o
 *(.data*)
 *(.rodata)
 *(.rodata*)
 *(.gnu.linkonce.d*)
                0x0080046c                . = ALIGN (0x2)
 *fill*         0x0080046b        0x1 00
                0x0080046c                _edata = .
                0x0080046c                PROVIDE (__data_end, .)

.bss            0x0080046c      0x4a6
                0x0080046c                PROVIDE (__bss_start, .)
 *(.bss)
 .bss           0x0080046c        0x9 wiring/wiring.o
                0x0080046c                timer0_overflow_count
                0x00800470                timer0_millis
 .bss           0x00800475      0x45f Keyglove.o
                0x008006ff                zv
                0x0080088a                tricolorBlinkGreen
                0x008006fd                yv
                0x008006a4                t
                0x0080069f                ide_workaround
                0x0080069e                HIDTaskRun
                0x00800793                yMax
                0x008007a3                ax00
                0x008006c6                opt_enable_calibration
                0x00800828                gyHist
                0x00800795                zMax
                0x0080088c                tricolorBlinkBlue
                0x008006e9                x
                0x00800705                cy
                0x008006bc                sy0
                0x008007b2                accelCalibrated
                0x008006ac                moveMouse
                0x0080070f                yBase
                0x008006e1                accelTick
                0x00800701                cx
                0x008007fa                gxBase
                0x008008cf                sensors2
                0x008008b3                modeStackPos
                0x00800475                HIDReportInData
                0x0080070d                xBase
                0x008006f1                y0
                0x008007e6                gz0
                0x00800884                gset
                0x00800878                gxMin
                0x008006f9                z00
                0x008008b5                touchTime
                0x008006fb                xv
                0x00800882                gzMax
                0x008007d6                gxRaw
                0x008006f5                x00
                0x00800800                gxHist
                0x0080069d                CDCTaskRun
                0x008006ce                opt_gyro_smooth_average
                0x008008ba                removing
                0x008006d3                accel
                0x0080088f                modifiersDown
                0x008006e5                yRaw
                0x008007de                gy
                0x00800791                xMax
                0x0080078b                xMin
                0x0080079b                az
                0x008006b0                my
                0x008006e3                xRaw
                0x00800487                HostRXSerial_Buffer
                0x00800850                gzHist
                0x0080073b                yHist
                0x008006cf                opt_accel_rot90
                0x008008bf                detect2
                0x008007ab                ayBase
                0x0080078d                yMin
                0x008006ef                x0
                0x008006c4                sdy
                0x0080047e                HIDReportOutData
                0x008007d0                gyroDiff
                0x0080088e                blink_led
                0x008006ed                z
                0x008007da                gzRaw
                0x00800797                ax
                0x008006c2                mdz
                0x008008d3                mode
                0x008007b3                gyro
                0x0080087c                gzMin
                0x008006a8                i
                0x00800711                zBase
                0x0080078f                zMin
                0x008007b0                calAccel
                0x008006f7                y00
                0x008007fc                gyBase
                0x008008b9                adding
                0x008006c8                opt_gyro_offset
                0x008007f2                cgy
                0x00800880                gyMax
                0x0080089d                mouseDown
                0x0080087e                gxMax
                0x008007ea                gy00
                0x008006a0                counter
                0x008007a7                az00
                0x00800891                keysDown
                0x008008c3                verify1
                0x008006b6                mx0
                0x008007ad                azBase
                0x008006c0                mdy
                0x0080059d                HostTXSerial_Buffer_Data
                0x00800887                gyroCalibrated
                0x008006d2                opt_scroll_mode
                0x008007f6                cgz
                0x008006b8                my0
                0x008006d1                opt_mouse_mode
                0x008006f3                z0
                0x008007ec                gz00
                0x008006eb                y
                0x00800763                zHist
                0x008006be                mdx
                0x00800888                tricolorBlinkRed
                0x00800885                calGyro
                0x008007e0                gz
                0x008008bb                detect1
                0x00800492                HostRXSerial_Buffer_Data
                0x008007cc                gyroMicros
                0x008006a2                ticks
                0x00800709                cz
                0x008006b2                mz
                0x00800713                xHist
                0x008006ba                mz0
                0x008007a1                az0
                0x008007d4                gyroTick
                0x008006b4                sy
                0x008007ee                cgx
                0x008008cb                sensors1
                0x008007e8                gx00
                0x008007a5                ay00
                0x008007a9                axBase
                0x0080089f                modeStack
                0x008007d8                gyRaw
                0x008007dc                gx
                0x008006ad                scrollMouse
                0x00800799                ay
                0x0080079d                ax0
                0x008008c7                verify2
                0x008006ae                mx
                0x008006dd                accelDiff
                0x0080079f                ay0
                0x008007fe                gzBase
                0x008007af                aset
                0x008006d0                opt_mouse_invert_z
                0x008006e7                zRaw
                0x008006d9                accelMicros
                0x0080087a                gyMin
                0x008007e2                gx0
                0x00800592                HostTXSerial_Buffer
                0x008007e4                gy0
 .bss           0x008008d4       0x31 ArduinoWrapper.o
                0x008008fc                Keyboard
                0x008008d4                Serial
                0x00800904                Wire
                0x008008f4                Mouse
 *(.bss*)
 *(COMMON)
 COMMON         0x00800905        0x3 LUFA/Drivers/USB/Core/DeviceStandardReq.o
                0x00800905                USB_CurrentlySelfPowered
                0x00800906                USB_RemoteWakeupEnabled
                0x00800907                USB_ConfigurationNumber
 COMMON         0x00800908        0xa LUFA/Drivers/USB/Core/USBTask.o
                0x00800908                USB_IsInitialized
                0x00800909                USB_DeviceState
                0x0080090a                USB_ControlRequest
                0x00800912                PROVIDE (__bss_end, .)
                0x000081da                __data_load_start = LOADADDR (.data)
                0x00008546                __data_load_end = (__data_load_start + SIZEOF (.data))

.noinit         0x00800912        0x0
                0x00800912                PROVIDE (__noinit_start, .)
 *(.noinit*)
                0x00800912                PROVIDE (__noinit_end, .)
                0x00800912                _end = .
                0x00800912                PROVIDE (__heap_start, .)

.eeprom         0x00810000        0x0
 *(.eeprom*)
                0x00810000                __eeprom_end = .

.fuse
 *(.fuse)
 *(.lfuse)
 *(.hfuse)
 *(.efuse)

.lock
 *(.lock*)

.signature
 *(.signature*)

.stab
 *(.stab)

.stabstr
 *(.stabstr)

.stab.excl
 *(.stab.excl)

.stab.exclstr
 *(.stab.exclstr)

.stab.index
 *(.stab.index)

.stab.indexstr
 *(.stab.indexstr)

.comment
 *(.comment)

.debug
 *(.debug)

.line
 *(.line)

.debug_srcinfo
 *(.debug_srcinfo)

.debug_sfnames
 *(.debug_sfnames)

.debug_aranges  0x00000000      0x450
 *(.debug_aranges)
 .debug_aranges
                0x00000000       0x48 wiring/wiring.o
 .debug_aranges
                0x00000048       0x30 wiring/wiring_analog.o
 .debug_aranges
                0x00000078       0x20 wiring/wiring_pulse.o
 .debug_aranges
                0x00000098       0x28 wiring/wiring_shift.o
 .debug_aranges
                0x000000c0       0x20 Descriptors.o
 .debug_aranges
                0x000000e0       0x20 LUFA/Drivers/USB/Core/AVR8/Device_AVR8.o
 .debug_aranges
                0x00000100       0x38 LUFA/Drivers/USB/Core/AVR8/Endpoint_AVR8.o
 .debug_aranges
                0x00000138       0x30 LUFA/Drivers/USB/Core/AVR8/USBController_AVR8.o
 .debug_aranges
                0x00000168       0x30 LUFA/Drivers/USB/Core/AVR8/USBInterrupt_AVR8.o
 .debug_aranges
                0x00000198       0xc8 LUFA/Drivers/USB/Core/AVR8/EndpointStream_AVR8.o
 .debug_aranges
                0x00000260       0x38 LUFA/Drivers/USB/Core/ConfigDescriptor.o
 .debug_aranges
                0x00000298       0x20 LUFA/Drivers/USB/Core/DeviceStandardReq.o
 .debug_aranges
                0x000002b8       0x20 LUFA/Drivers/USB/Core/Events.o
 .debug_aranges
                0x000002d8       0x20 LUFA/Drivers/USB/Core/USBTask.o
 .debug_aranges
                0x000002f8       0x38 LUFA/Drivers/USB/Class/Common/HIDParser.o
 .debug_aranges
                0x00000330       0x20 Keyglove.o
 .debug_aranges
                0x00000350       0x20 ArduinoWrapper.o
 .debug_aranges
                0x00000370       0x20 ../keyglove/Adxl345.o
 .debug_aranges
                0x00000390       0x20 ../keyglove/ITG3200.o
 .debug_aranges
                0x000003b0       0x20 ../keyglove/iwrap.o
 .debug_aranges
                0x000003d0       0x20 ../keyglove/logitech.o
 .debug_aranges
                0x000003f0       0x20 ../keyglove/ps2dev.o
 .debug_aranges
                0x00000410       0x20 ../keyglove/ps2keyboard.o
 .debug_aranges
                0x00000430       0x20 ../keyglove/ps2mouse.o

.debug_pubnames
                0x00000000     0x340e
 *(.debug_pubnames)
 .debug_pubnames
                0x00000000       0x8d wiring/wiring.o
 .debug_pubnames
                0x0000008d       0x5a wiring/wiring_analog.o
 .debug_pubnames
                0x000000e7       0x1e wiring/wiring_pulse.o
 .debug_pubnames
                0x00000105       0x2b wiring/wiring_shift.o
 .debug_pubnames
                0x00000130       0xad wiring/pins_arduino.o
 .debug_pubnames
                0x000001dd       0xd9 Descriptors.o
 .debug_pubnames
                0x000002b6       0x32 LUFA/Drivers/USB/Core/AVR8/Device_AVR8.o
 .debug_pubnames
                0x000002e8       0x8b LUFA/Drivers/USB/Core/AVR8/Endpoint_AVR8.o
 .debug_pubnames
                0x00000373       0x46 LUFA/Drivers/USB/Core/AVR8/USBController_AVR8.o
 .debug_pubnames
                0x000003b9       0x62 LUFA/Drivers/USB/Core/AVR8/USBInterrupt_AVR8.o
 .debug_pubnames
                0x0000041b      0x2df LUFA/Drivers/USB/Core/AVR8/EndpointStream_AVR8.o
 .debug_pubnames
                0x000006fa       0x9b LUFA/Drivers/USB/Core/ConfigDescriptor.o
 .debug_pubnames
                0x00000795       0x8c LUFA/Drivers/USB/Core/DeviceStandardReq.o
 .debug_pubnames
                0x00000821       0x25 LUFA/Drivers/USB/Core/Events.o
 .debug_pubnames
                0x00000846       0x63 LUFA/Drivers/USB/Core/USBTask.o
 .debug_pubnames
                0x000008a9       0x7e LUFA/Drivers/USB/Class/Common/HIDParser.o
 .debug_pubnames
                0x00000927      0xa78 Keyglove.o
 .debug_pubnames
                0x0000139f      0x791 ArduinoWrapper.o
 .debug_pubnames
                0x00001b30      0xb5a ../keyglove/Adxl345.o
 .debug_pubnames
                0x0000268a      0x508 ../keyglove/ITG3200.o
 .debug_pubnames
                0x00002b92      0x132 ../keyglove/iwrap.o
 .debug_pubnames
                0x00002cc4      0x1cf ../keyglove/logitech.o
 .debug_pubnames
                0x00002e93       0x7d ../keyglove/ps2dev.o
 .debug_pubnames
                0x00002f10      0x3cb ../keyglove/ps2keyboard.o
 .debug_pubnames
                0x000032db      0x133 ../keyglove/ps2mouse.o

.debug_info     0x00000000    0x11249
 *(.debug_info)
 .debug_info    0x00000000      0x1df wiring/wiring.o
 .debug_info    0x000001df      0x1b0 wiring/wiring_analog.o
 .debug_info    0x0000038f       0xa7 wiring/wiring_digital.o
 .debug_info    0x00000436      0x26e wiring/wiring_pulse.o
 .debug_info    0x000006a4      0x130 wiring/wiring_shift.o
 .debug_info    0x000007d4      0x165 wiring/pins_arduino.o
 .debug_info    0x00000939      0x89e Descriptors.o
 .debug_info    0x000011d7       0xc4 LUFA/Drivers/USB/Core/AVR8/Device_AVR8.o
 .debug_info    0x0000129b      0x44d LUFA/Drivers/USB/Core/AVR8/Endpoint_AVR8.o
 .debug_info    0x000016e8        0x0 LUFA/Drivers/USB/Core/AVR8/Host_AVR8.o
 .debug_info    0x000016e8        0x0 LUFA/Drivers/USB/Core/AVR8/Pipe_AVR8.o
 .debug_info    0x000016e8      0x496 LUFA/Drivers/USB/Core/AVR8/USBController_AVR8.o
 .debug_info    0x00001b7e      0x56d LUFA/Drivers/USB/Core/AVR8/USBInterrupt_AVR8.o
 .debug_info    0x000020eb     0x157b LUFA/Drivers/USB/Core/AVR8/EndpointStream_AVR8.o
 .debug_info    0x00003666        0x0 LUFA/Drivers/USB/Core/AVR8/PipeStream_AVR8.o
 .debug_info    0x00003666      0x34e LUFA/Drivers/USB/Core/ConfigDescriptor.o
 .debug_info    0x000039b4      0xa8c LUFA/Drivers/USB/Core/DeviceStandardReq.o
 .debug_info    0x00004440       0x79 LUFA/Drivers/USB/Core/Events.o
 .debug_info    0x000044b9        0x0 LUFA/Drivers/USB/Core/HostStandardReq.o
 .debug_info    0x000044b9      0x23b LUFA/Drivers/USB/Core/USBTask.o
 .debug_info    0x000046f4      0x6f5 LUFA/Drivers/USB/Class/Common/HIDParser.o
 .debug_info    0x00004de9     0x39f0 Keyglove.o
 .debug_info    0x000087d9     0x1cfa ArduinoWrapper.o
 .debug_info    0x0000a4d3     0x1fe3 ../keyglove/Adxl345.o
 .debug_info    0x0000c4b6     0x12e6 ../keyglove/ITG3200.o
 .debug_info    0x0000d79c      0xc2c ../keyglove/iwrap.o
 .debug_info    0x0000e3c8      0xccd ../keyglove/logitech.o
 .debug_info    0x0000f095      0x6b2 ../keyglove/ps2dev.o
 .debug_info    0x0000f747     0x11a9 ../keyglove/ps2keyboard.o
 .debug_info    0x000108f0      0x959 ../keyglove/ps2mouse.o
 *(.gnu.linkonce.wi.*)

.debug_abbrev   0x00000000     0x2a63
 *(.debug_abbrev)
 .debug_abbrev  0x00000000       0xe1 wiring/wiring.o
 .debug_abbrev  0x000000e1      0x119 wiring/wiring_analog.o
 .debug_abbrev  0x000001fa       0x65 wiring/wiring_digital.o
 .debug_abbrev  0x0000025f       0xfa wiring/wiring_pulse.o
 .debug_abbrev  0x00000359       0xa1 wiring/wiring_shift.o
 .debug_abbrev  0x000003fa       0x88 wiring/pins_arduino.o
 .debug_abbrev  0x00000482      0x17d Descriptors.o
 .debug_abbrev  0x000005ff       0x79 LUFA/Drivers/USB/Core/AVR8/Device_AVR8.o
 .debug_abbrev  0x00000678      0x19a LUFA/Drivers/USB/Core/AVR8/Endpoint_AVR8.o
 .debug_abbrev  0x00000812        0x1 LUFA/Drivers/USB/Core/AVR8/Host_AVR8.o
 .debug_abbrev  0x00000813        0x1 LUFA/Drivers/USB/Core/AVR8/Pipe_AVR8.o
 .debug_abbrev  0x00000814      0x15a LUFA/Drivers/USB/Core/AVR8/USBController_AVR8.o
 .debug_abbrev  0x0000096e      0x176 LUFA/Drivers/USB/Core/AVR8/USBInterrupt_AVR8.o
 .debug_abbrev  0x00000ae4      0x1aa LUFA/Drivers/USB/Core/AVR8/EndpointStream_AVR8.o
 .debug_abbrev  0x00000c8e        0x1 LUFA/Drivers/USB/Core/AVR8/PipeStream_AVR8.o
 .debug_abbrev  0x00000c8f      0x15c LUFA/Drivers/USB/Core/ConfigDescriptor.o
 .debug_abbrev  0x00000deb      0x283 LUFA/Drivers/USB/Core/DeviceStandardReq.o
 .debug_abbrev  0x0000106e       0x4a LUFA/Drivers/USB/Core/Events.o
 .debug_abbrev  0x000010b8        0x1 LUFA/Drivers/USB/Core/HostStandardReq.o
 .debug_abbrev  0x000010b9      0x15d LUFA/Drivers/USB/Core/USBTask.o
 .debug_abbrev  0x00001216      0x1e7 LUFA/Drivers/USB/Class/Common/HIDParser.o
 .debug_abbrev  0x000013fd      0x4f8 Keyglove.o
 .debug_abbrev  0x000018f5      0x2c9 ArduinoWrapper.o
 .debug_abbrev  0x00001bbe      0x229 ../keyglove/Adxl345.o
 .debug_abbrev  0x00001de7      0x216 ../keyglove/ITG3200.o
 .debug_abbrev  0x00001ffd      0x182 ../keyglove/iwrap.o
 .debug_abbrev  0x0000217f      0x2a6 ../keyglove/logitech.o
 .debug_abbrev  0x00002425      0x1c2 ../keyglove/ps2dev.o
 .debug_abbrev  0x000025e7      0x2c9 ../keyglove/ps2keyboard.o
 .debug_abbrev  0x000028b0      0x1b3 ../keyglove/ps2mouse.o

.debug_line     0x00000000     0xa751
 *(.debug_line)
 .debug_line    0x00000000      0x2ae wiring/wiring.o
 .debug_line    0x000002ae      0x1f1 wiring/wiring_analog.o
 .debug_line    0x0000049f       0x90 wiring/wiring_digital.o
 .debug_line    0x0000052f      0x12c wiring/wiring_pulse.o
 .debug_line    0x0000065b      0x144 wiring/wiring_shift.o
 .debug_line    0x0000079f       0xa2 wiring/pins_arduino.o
 .debug_line    0x00000841      0x1d5 Descriptors.o
 .debug_line    0x00000a16      0x11b LUFA/Drivers/USB/Core/AVR8/Device_AVR8.o
 .debug_line    0x00000b31      0x444 LUFA/Drivers/USB/Core/AVR8/Endpoint_AVR8.o
 .debug_line    0x00000f75       0x24 LUFA/Drivers/USB/Core/AVR8/Host_AVR8.o
 .debug_line    0x00000f99       0x24 LUFA/Drivers/USB/Core/AVR8/Pipe_AVR8.o
 .debug_line    0x00000fbd      0x33e LUFA/Drivers/USB/Core/AVR8/USBController_AVR8.o
 .debug_line    0x000012fb      0x4e1 LUFA/Drivers/USB/Core/AVR8/USBInterrupt_AVR8.o
 .debug_line    0x000017dc     0x1775 LUFA/Drivers/USB/Core/AVR8/EndpointStream_AVR8.o
 .debug_line    0x00002f51       0x24 LUFA/Drivers/USB/Core/AVR8/PipeStream_AVR8.o
 .debug_line    0x00002f75      0x232 LUFA/Drivers/USB/Core/ConfigDescriptor.o
 .debug_line    0x000031a7      0x632 LUFA/Drivers/USB/Core/DeviceStandardReq.o
 .debug_line    0x000037d9       0x7a LUFA/Drivers/USB/Core/Events.o
 .debug_line    0x00003853       0x24 LUFA/Drivers/USB/Core/HostStandardReq.o
 .debug_line    0x00003877      0x199 LUFA/Drivers/USB/Core/USBTask.o
 .debug_line    0x00003a10      0x58d LUFA/Drivers/USB/Class/Common/HIDParser.o
 .debug_line    0x00003f9d     0x327c Keyglove.o
 .debug_line    0x00007219      0xa56 ArduinoWrapper.o
 .debug_line    0x00007c6f      0xa9b ../keyglove/Adxl345.o
 .debug_line    0x0000870a      0x795 ../keyglove/ITG3200.o
 .debug_line    0x00008e9f      0x3c2 ../keyglove/iwrap.o
 .debug_line    0x00009261      0x723 ../keyglove/logitech.o
 .debug_line    0x00009984      0x37a ../keyglove/ps2dev.o
 .debug_line    0x00009cfe      0x5a2 ../keyglove/ps2keyboard.o
 .debug_line    0x0000a2a0      0x4b1 ../keyglove/ps2mouse.o

.debug_frame    0x00000000     0x1970
 *(.debug_frame)
 .debug_frame   0x00000000       0x70 wiring/wiring.o
 .debug_frame   0x00000070       0x40 wiring/wiring_analog.o
 .debug_frame   0x000000b0       0x20 wiring/wiring_pulse.o
 .debug_frame   0x000000d0       0x30 wiring/wiring_shift.o
 .debug_frame   0x00000100       0x20 Descriptors.o
 .debug_frame   0x00000120       0x20 LUFA/Drivers/USB/Core/AVR8/Device_AVR8.o
 .debug_frame   0x00000140       0x50 LUFA/Drivers/USB/Core/AVR8/Endpoint_AVR8.o
 .debug_frame   0x00000190       0x40 LUFA/Drivers/USB/Core/AVR8/USBController_AVR8.o
 .debug_frame   0x000001d0       0x40 LUFA/Drivers/USB/Core/AVR8/USBInterrupt_AVR8.o
 .debug_frame   0x00000210      0x170 LUFA/Drivers/USB/Core/AVR8/EndpointStream_AVR8.o
 .debug_frame   0x00000380       0x50 LUFA/Drivers/USB/Core/ConfigDescriptor.o
 .debug_frame   0x000003d0       0x20 LUFA/Drivers/USB/Core/DeviceStandardReq.o
 .debug_frame   0x000003f0       0x20 LUFA/Drivers/USB/Core/Events.o
 .debug_frame   0x00000410       0x20 LUFA/Drivers/USB/Core/USBTask.o
 .debug_frame   0x00000430       0x50 LUFA/Drivers/USB/Class/Common/HIDParser.o
 .debug_frame   0x00000480      0x290 Keyglove.o
 .debug_frame   0x00000710      0x4a0 ArduinoWrapper.o
 .debug_frame   0x00000bb0      0x530 ../keyglove/Adxl345.o
 .debug_frame   0x000010e0      0x320 ../keyglove/ITG3200.o
 .debug_frame   0x00001400      0x100 ../keyglove/iwrap.o
 .debug_frame   0x00001500      0x150 ../keyglove/logitech.o
 .debug_frame   0x00001650       0x70 ../keyglove/ps2dev.o
 .debug_frame   0x000016c0      0x1e0 ../keyglove/ps2keyboard.o
 .debug_frame   0x000018a0       0xd0 ../keyglove/ps2mouse.o

.debug_str      0x00000000     0x5bc0
 *(.debug_str)
 .debug_str     0x00000000       0xf3 wiring/wiring.o
                                0x139 (size before relaxing)
 .debug_str     0x000000f3       0x89 wiring/wiring_analog.o
                                0x141 (size before relaxing)
 .debug_str     0x0000017c       0x18 wiring/wiring_digital.o
                                 0xcc (size before relaxing)
 .debug_str     0x00000194       0x94 wiring/wiring_pulse.o
                                0x168 (size before relaxing)
 .debug_str     0x00000228       0x47 wiring/wiring_shift.o
                                 0xf1 (size before relaxing)
 .debug_str     0x0000026f       0x3a wiring/pins_arduino.o
                                0x156 (size before relaxing)
 .debug_str     0x000002a9      0x6c1 Descriptors.o
                                0x7e7 (size before relaxing)
 .debug_str     0x0000096a       0x71 LUFA/Drivers/USB/Core/AVR8/Device_AVR8.o
                                0x114 (size before relaxing)
 .debug_str     0x000009db      0x3ca LUFA/Drivers/USB/Core/AVR8/Endpoint_AVR8.o
                                0x4a3 (size before relaxing)
 .debug_str     0x00000da5      0x277 LUFA/Drivers/USB/Core/AVR8/USBController_AVR8.o
                                0x413 (size before relaxing)
 .debug_str     0x0000101c       0xe3 LUFA/Drivers/USB/Core/AVR8/USBInterrupt_AVR8.o
                                0x393 (size before relaxing)
 .debug_str     0x000010ff      0x4f7 LUFA/Drivers/USB/Core/AVR8/EndpointStream_AVR8.o
                                0x742 (size before relaxing)
 .debug_str     0x000015f6      0x216 LUFA/Drivers/USB/Core/ConfigDescriptor.o
                                0x2e1 (size before relaxing)
 .debug_str     0x0000180c      0x3f0 LUFA/Drivers/USB/Core/DeviceStandardReq.o
                                0x803 (size before relaxing)
 .debug_str     0x00001bfc       0x2e LUFA/Drivers/USB/Core/Events.o
                                 0xcb (size before relaxing)
 .debug_str     0x00001c2a       0x64 LUFA/Drivers/USB/Core/USBTask.o
                                0x26b (size before relaxing)
 .debug_str     0x00001c8e      0x489 LUFA/Drivers/USB/Class/Common/HIDParser.o
                                0x5b9 (size before relaxing)
 .debug_str     0x00002117     0x290a Keyglove.o
                               0x2d22 (size before relaxing)
 .debug_str     0x00004a21      0x3ec ArduinoWrapper.o
                                0xb6c (size before relaxing)
 .debug_str     0x00004e0d      0x112 ../keyglove/Adxl345.o
                               0x17be (size before relaxing)
 .debug_str     0x00004f1f      0x11c ../keyglove/ITG3200.o
                                0xabb (size before relaxing)
 .debug_str     0x0000503b      0x183 ../keyglove/iwrap.o
                                0x8c6 (size before relaxing)
 .debug_str     0x000051be      0x25b ../keyglove/logitech.o
                                0x77f (size before relaxing)
 .debug_str     0x00005419       0x8a ../keyglove/ps2dev.o
                                0x50f (size before relaxing)
 .debug_str     0x000054a3      0x587 ../keyglove/ps2keyboard.o
                                0xb09 (size before relaxing)
 .debug_str     0x00005a2a      0x196 ../keyglove/ps2mouse.o
                                0x709 (size before relaxing)

.debug_loc      0x00000000     0x7b45
 *(.debug_loc)
 .debug_loc     0x00000000      0x113 wiring/wiring.o
 .debug_loc     0x00000113      0x15b wiring/wiring_analog.o
 .debug_loc     0x0000026e      0x258 wiring/wiring_pulse.o
 .debug_loc     0x000004c6       0xf5 wiring/wiring_shift.o
 .debug_loc     0x000005bb      0x212 Descriptors.o
 .debug_loc     0x000007cd       0x7f LUFA/Drivers/USB/Core/AVR8/Endpoint_AVR8.o
 .debug_loc     0x0000084c     0x182a LUFA/Drivers/USB/Core/AVR8/EndpointStream_AVR8.o
 .debug_loc     0x00002076      0x2c7 LUFA/Drivers/USB/Core/ConfigDescriptor.o
 .debug_loc     0x0000233d      0x242 LUFA/Drivers/USB/Core/DeviceStandardReq.o
 .debug_loc     0x0000257f      0x477 LUFA/Drivers/USB/Class/Common/HIDParser.o
 .debug_loc     0x000029f6     0x111f Keyglove.o
 .debug_loc     0x00003b15      0xde3 ArduinoWrapper.o
 .debug_loc     0x000048f8     0x11a7 ../keyglove/Adxl345.o
 .debug_loc     0x00005a9f      0xdca ../keyglove/ITG3200.o
 .debug_loc     0x00006869      0x1fe ../keyglove/iwrap.o
 .debug_loc     0x00006a67      0x512 ../keyglove/logitech.o
 .debug_loc     0x00006f79      0x210 ../keyglove/ps2dev.o
 .debug_loc     0x00007189      0x605 ../keyglove/ps2keyboard.o
 .debug_loc     0x0000778e      0x3b7 ../keyglove/ps2mouse.o

.debug_macinfo
 *(.debug_macinfo)
OUTPUT(Keyglove.elf elf32-avr)
LOAD linker stubs

.debug_ranges   0x00000000      0x430
 .debug_ranges  0x00000000       0x40 wiring/wiring.o
 .debug_ranges  0x00000040       0x28 wiring/wiring_analog.o
 .debug_ranges  0x00000068       0x18 wiring/wiring_pulse.o
 .debug_ranges  0x00000080       0x20 wiring/wiring_shift.o
 .debug_ranges  0x000000a0       0x18 Descriptors.o
 .debug_ranges  0x000000b8       0x18 LUFA/Drivers/USB/Core/AVR8/Device_AVR8.o
 .debug_ranges  0x000000d0       0x30 LUFA/Drivers/USB/Core/AVR8/Endpoint_AVR8.o
 .debug_ranges  0x00000100       0x28 LUFA/Drivers/USB/Core/AVR8/USBController_AVR8.o
 .debug_ranges  0x00000128       0x28 LUFA/Drivers/USB/Core/AVR8/USBInterrupt_AVR8.o
 .debug_ranges  0x00000150       0xc0 LUFA/Drivers/USB/Core/AVR8/EndpointStream_AVR8.o
 .debug_ranges  0x00000210       0x30 LUFA/Drivers/USB/Core/ConfigDescriptor.o
 .debug_ranges  0x00000240       0x78 LUFA/Drivers/USB/Core/DeviceStandardReq.o
 .debug_ranges  0x000002b8       0x18 LUFA/Drivers/USB/Core/Events.o
 .debug_ranges  0x000002d0       0x30 LUFA/Drivers/USB/Core/USBTask.o
 .debug_ranges  0x00000300       0xa0 LUFA/Drivers/USB/Class/Common/HIDParser.o
 .debug_ranges  0x000003a0       0x90 Keyglove.o

Cross Reference Table

Symbol                                            File
Accelerometer::Accelerometer()                    ../keyglove/Adxl345.o
Accelerometer::Accelerometer()                    ../keyglove/Adxl345.o
                                                  Keyglove.o
Accelerometer::getActivityThreshold()             ../keyglove/Adxl345.o
Accelerometer::getAxisOffset(int*, int*, int*)    ../keyglove/Adxl345.o
Accelerometer::getDoubleTapLatency()              ../keyglove/Adxl345.o
Accelerometer::getDoubleTapWindow()               ../keyglove/Adxl345.o
Accelerometer::getFreeFallDuration()              ../keyglove/Adxl345.o
Accelerometer::getFreeFallThreshold()             ../keyglove/Adxl345.o
Accelerometer::getFullResBit()                    ../keyglove/Adxl345.o
Accelerometer::getInactivityThreshold()           ../keyglove/Adxl345.o
Accelerometer::getInterruptLevelBit()             ../keyglove/Adxl345.o
Accelerometer::getInterruptMapping(unsigned char) ../keyglove/Adxl345.o
Accelerometer::getInterruptSource()               ../keyglove/Adxl345.o
Accelerometer::getInterruptSource(unsigned char)  ../keyglove/Adxl345.o
Accelerometer::getJustifyBit()                    ../keyglove/Adxl345.o
Accelerometer::getRangeSetting(unsigned char*)    ../keyglove/Adxl345.o
Accelerometer::getRate()                          ../keyglove/Adxl345.o
Accelerometer::getRegisterBit(unsigned char, int) ../keyglove/Adxl345.o
Accelerometer::getSelfTestBit()                   ../keyglove/Adxl345.o
Accelerometer::getSpiBit()                        ../keyglove/Adxl345.o
Accelerometer::getSuppressBit()                   ../keyglove/Adxl345.o
Accelerometer::getTapDuration()                   ../keyglove/Adxl345.o
Accelerometer::getTapThreshold()                  ../keyglove/Adxl345.o
Accelerometer::getTimeInactivity()                ../keyglove/Adxl345.o
Accelerometer::isActivityAc()                     ../keyglove/Adxl345.o
Accelerometer::isActivitySourceOnX()              ../keyglove/Adxl345.o
Accelerometer::isActivitySourceOnY()              ../keyglove/Adxl345.o
Accelerometer::isActivitySourceOnZ()              ../keyglove/Adxl345.o
Accelerometer::isActivityXEnabled()               ../keyglove/Adxl345.o
Accelerometer::isActivityYEnabled()               ../keyglove/Adxl345.o
Accelerometer::isActivityZEnabled()               ../keyglove/Adxl345.o
Accelerometer::isAsleep()                         ../keyglove/Adxl345.o
Accelerometer::isInactivityAc()                   ../keyglove/Adxl345.o
Accelerometer::isInactivityXEnabled()             ../keyglove/Adxl345.o
Accelerometer::isInactivityYEnabled()             ../keyglove/Adxl345.o
Accelerometer::isInactivityZEnabled()             ../keyglove/Adxl345.o
Accelerometer::isInterruptEnabled(unsigned char)  ../keyglove/Adxl345.o
Accelerometer::isLowPower()                       ../keyglove/Adxl345.o
Accelerometer::isTapDetectionOnX()                ../keyglove/Adxl345.o
Accelerometer::isTapDetectionOnY()                ../keyglove/Adxl345.o
Accelerometer::isTapDetectionOnZ()                ../keyglove/Adxl345.o
Accelerometer::isTapSourceOnX()                   ../keyglove/Adxl345.o
Accelerometer::isTapSourceOnY()                   ../keyglove/Adxl345.o
Accelerometer::isTapSourceOnZ()                   ../keyglove/Adxl345.o
Accelerometer::powerOn()                          ../keyglove/Adxl345.o
                                                  Keyglove.o
Accelerometer::printAllRegister()                 ../keyglove/Adxl345.o
Accelerometer::readAccel(int*, int*, int*)        ../keyglove/Adxl345.o
                                                  Keyglove.o
Accelerometer::readFrom(int, unsigned char, int, unsigned char*) ../keyglove/Adxl345.o
Accelerometer::setActivityAc(bool)                ../keyglove/Adxl345.o
Accelerometer::setActivityThreshold(int)          ../keyglove/Adxl345.o
Accelerometer::setActivityX(bool)                 ../keyglove/Adxl345.o
Accelerometer::setActivityY(bool)                 ../keyglove/Adxl345.o
Accelerometer::setActivityZ(bool)                 ../keyglove/Adxl345.o
Accelerometer::setAxisOffset(int, int, int)       ../keyglove/Adxl345.o
Accelerometer::setDoubleTapLatency(int)           ../keyglove/Adxl345.o
Accelerometer::setDoubleTapWindow(int)            ../keyglove/Adxl345.o
Accelerometer::setFreeFallDuration(int)           ../keyglove/Adxl345.o
Accelerometer::setFreeFallThreshold(int)          ../keyglove/Adxl345.o
Accelerometer::setFullResBit(bool)                ../keyglove/Adxl345.o
Accelerometer::setInactivityAc(bool)              ../keyglove/Adxl345.o
Accelerometer::setInactivityThreshold(int)        ../keyglove/Adxl345.o
Accelerometer::setInactivityX(bool)               ../keyglove/Adxl345.o
Accelerometer::setInactivityY(bool)               ../keyglove/Adxl345.o
Accelerometer::setInactivityZ(bool)               ../keyglove/Adxl345.o
Accelerometer::setInterrupt(unsigned char, bool)  ../keyglove/Adxl345.o
Accelerometer::setInterruptLevelBit(bool)         ../keyglove/Adxl345.o
Accelerometer::setInterruptMapping(unsigned char, bool) ../keyglove/Adxl345.o
Accelerometer::setJustifyBit(bool)                ../keyglove/Adxl345.o
Accelerometer::setLowPower(bool)                  ../keyglove/Adxl345.o
Accelerometer::setRangeSetting(int)               ../keyglove/Adxl345.o
Accelerometer::setRate(float)                     ../keyglove/Adxl345.o
                                                  Keyglove.o
Accelerometer::setRegisterBit(unsigned char, int, bool) ../keyglove/Adxl345.o
Accelerometer::setSelfTestBit(bool)               ../keyglove/Adxl345.o
Accelerometer::setSpiBit(bool)                    ../keyglove/Adxl345.o
Accelerometer::setSuppressBit(bool)               ../keyglove/Adxl345.o
Accelerometer::setTapDetectionOnX(bool)           ../keyglove/Adxl345.o
Accelerometer::setTapDetectionOnY(bool)           ../keyglove/Adxl345.o
Accelerometer::setTapDetectionOnZ(bool)           ../keyglove/Adxl345.o
Accelerometer::setTapDuration(int)                ../keyglove/Adxl345.o
Accelerometer::setTapThreshold(int)               ../keyglove/Adxl345.o
Accelerometer::setTimeInactivity(int)             ../keyglove/Adxl345.o
Accelerometer::writeTo(int, unsigned char, unsigned char) ../keyglove/Adxl345.o
CALLBACK_HIDParser_FilterHIDReportItem            LUFA/Drivers/USB/Class/Common/HIDParser.o
CALLBACK_USB_GetDescriptor                        Descriptors.o
                                                  LUFA/Drivers/USB/Core/DeviceStandardReq.o
CDCTaskRun                                        Keyglove.o
CDC_Task                                          Keyglove.o
                                                  ArduinoWrapper.o
ConfigurationDescriptor                           Descriptors.o
DeviceDescriptor                                  Descriptors.o
EVENT_USB_Device_ConfigurationChanged             Keyglove.o
                                                  LUFA/Drivers/USB/Core/Events.o
                                                  LUFA/Drivers/USB/Core/DeviceStandardReq.o
EVENT_USB_Device_Connect                          Keyglove.o
                                                  LUFA/Drivers/USB/Core/Events.o
                                                  LUFA/Drivers/USB/Core/AVR8/USBInterrupt_AVR8.o
EVENT_USB_Device_ControlRequest                   Keyglove.o
                                                  LUFA/Drivers/USB/Core/Events.o
                                                  LUFA/Drivers/USB/Core/DeviceStandardReq.o
EVENT_USB_Device_Disconnect                       Keyglove.o
                                                  LUFA/Drivers/USB/Core/Events.o
                                                  LUFA/Drivers/USB/Core/AVR8/USBInterrupt_AVR8.o
EVENT_USB_Device_Reset                            LUFA/Drivers/USB/Core/Events.o
                                                  LUFA/Drivers/USB/Core/AVR8/USBInterrupt_AVR8.o
EVENT_USB_Device_StartOfFrame                     LUFA/Drivers/USB/Core/Events.o
                                                  LUFA/Drivers/USB/Core/AVR8/USBInterrupt_AVR8.o
EVENT_USB_Device_Suspend                          LUFA/Drivers/USB/Core/Events.o
                                                  LUFA/Drivers/USB/Core/AVR8/USBInterrupt_AVR8.o
EVENT_USB_Device_WakeUp                           LUFA/Drivers/USB/Core/Events.o
                                                  LUFA/Drivers/USB/Core/AVR8/USBInterrupt_AVR8.o
Endpoint_ClearEndpoints                           LUFA/Drivers/USB/Core/AVR8/Endpoint_AVR8.o
Endpoint_ClearStatusStage                         LUFA/Drivers/USB/Core/AVR8/Endpoint_AVR8.o
                                                  Keyglove.o
                                                  LUFA/Drivers/USB/Core/DeviceStandardReq.o
Endpoint_ConfigureEndpoint_Prv                    LUFA/Drivers/USB/Core/AVR8/Endpoint_AVR8.o
                                                  Keyglove.o
                                                  LUFA/Drivers/USB/Core/AVR8/USBInterrupt_AVR8.o
                                                  LUFA/Drivers/USB/Core/AVR8/USBController_AVR8.o
Endpoint_Discard_Stream                           LUFA/Drivers/USB/Core/AVR8/EndpointStream_AVR8.o
Endpoint_Null_Stream                              LUFA/Drivers/USB/Core/AVR8/EndpointStream_AVR8.o
Endpoint_Read_Control_EStream_BE                  LUFA/Drivers/USB/Core/AVR8/EndpointStream_AVR8.o
Endpoint_Read_Control_EStream_LE                  LUFA/Drivers/USB/Core/AVR8/EndpointStream_AVR8.o
Endpoint_Read_Control_Stream_BE                   LUFA/Drivers/USB/Core/AVR8/EndpointStream_AVR8.o
Endpoint_Read_Control_Stream_LE                   LUFA/Drivers/USB/Core/AVR8/EndpointStream_AVR8.o
                                                  Keyglove.o
Endpoint_Read_EStream_BE                          LUFA/Drivers/USB/Core/AVR8/EndpointStream_AVR8.o
Endpoint_Read_EStream_LE                          LUFA/Drivers/USB/Core/AVR8/EndpointStream_AVR8.o
Endpoint_Read_Stream_BE                           LUFA/Drivers/USB/Core/AVR8/EndpointStream_AVR8.o
Endpoint_Read_Stream_LE                           LUFA/Drivers/USB/Core/AVR8/EndpointStream_AVR8.o
                                                  Keyglove.o
Endpoint_WaitUntilReady                           LUFA/Drivers/USB/Core/AVR8/Endpoint_AVR8.o
                                                  Keyglove.o
                                                  LUFA/Drivers/USB/Core/AVR8/EndpointStream_AVR8.o
Endpoint_Write_Control_EStream_BE                 LUFA/Drivers/USB/Core/AVR8/EndpointStream_AVR8.o
Endpoint_Write_Control_EStream_LE                 LUFA/Drivers/USB/Core/AVR8/EndpointStream_AVR8.o
Endpoint_Write_Control_PStream_BE                 LUFA/Drivers/USB/Core/AVR8/EndpointStream_AVR8.o
Endpoint_Write_Control_PStream_LE                 LUFA/Drivers/USB/Core/AVR8/EndpointStream_AVR8.o
                                                  LUFA/Drivers/USB/Core/DeviceStandardReq.o
Endpoint_Write_Control_Stream_BE                  LUFA/Drivers/USB/Core/AVR8/EndpointStream_AVR8.o
Endpoint_Write_Control_Stream_LE                  LUFA/Drivers/USB/Core/AVR8/EndpointStream_AVR8.o
                                                  Keyglove.o
                                                  LUFA/Drivers/USB/Core/DeviceStandardReq.o
Endpoint_Write_EStream_BE                         LUFA/Drivers/USB/Core/AVR8/EndpointStream_AVR8.o
Endpoint_Write_EStream_LE                         LUFA/Drivers/USB/Core/AVR8/EndpointStream_AVR8.o
Endpoint_Write_PStream_BE                         LUFA/Drivers/USB/Core/AVR8/EndpointStream_AVR8.o
Endpoint_Write_PStream_LE                         LUFA/Drivers/USB/Core/AVR8/EndpointStream_AVR8.o
Endpoint_Write_Stream_BE                          LUFA/Drivers/USB/Core/AVR8/EndpointStream_AVR8.o
Endpoint_Write_Stream_LE                          LUFA/Drivers/USB/Core/AVR8/EndpointStream_AVR8.o
                                                  Keyglove.o
HIDReport                                         Descriptors.o
HIDReportInData                                   Keyglove.o
                                                  ArduinoWrapper.o
HIDReportOutData                                  Keyglove.o
HIDTaskRun                                        Keyglove.o
HID_Task                                          Keyglove.o
                                                  ArduinoWrapper.o
HardwareSerial::begin(unsigned long)              ArduinoWrapper.o
HardwareSerial::print(char const*)                ArduinoWrapper.o
HardwareSerial::print(char const*, int)           ArduinoWrapper.o
HardwareSerial::print(int)                        ArduinoWrapper.o
HardwareSerial::print(int, int)                   ArduinoWrapper.o
                                                  ../keyglove/iwrap.o
HardwareSerial::print(long double)                ArduinoWrapper.o
HardwareSerial::print(long double, int)           ArduinoWrapper.o
HardwareSerial::print(unsigned char)              ArduinoWrapper.o
HardwareSerial::print(unsigned char, int)         ArduinoWrapper.o
                                                  ../keyglove/iwrap.o
HardwareSerial::print(unsigned long)              ArduinoWrapper.o
HardwareSerial::print(unsigned long, int)         ArduinoWrapper.o
HardwareSerial::println(char const*)              ArduinoWrapper.o
HardwareSerial::println(char const*, int)         ArduinoWrapper.o
HardwareSerial::println(int)                      ArduinoWrapper.o
HardwareSerial::println(int, int)                 ArduinoWrapper.o
HardwareSerial::println(long double)              ArduinoWrapper.o
HardwareSerial::println(long double, int)         ArduinoWrapper.o
HardwareSerial::println(unsigned char)            ArduinoWrapper.o
HardwareSerial::println(unsigned char, int)       ArduinoWrapper.o
HardwareSerial::println(unsigned long)            ArduinoWrapper.o
HardwareSerial::println(unsigned long, int)       ArduinoWrapper.o
HostRXSerial_Buffer                               Keyglove.o
HostRXSerial_Buffer_Data                          Keyglove.o
HostTXSerial_Buffer                               Keyglove.o
                                                  ArduinoWrapper.o
HostTXSerial_Buffer_Data                          Keyglove.o
ITG3200::ITG3200()                                ../keyglove/ITG3200.o
                                                  Keyglove.o
ITG3200::ITG3200()                                ../keyglove/ITG3200.o
ITG3200::getClockSource()                         ../keyglove/ITG3200.o
ITG3200::getDevAddr()                             ../keyglove/ITG3200.o
ITG3200::getFSRange()                             ../keyglove/ITG3200.o
ITG3200::getFilterBW()                            ../keyglove/ITG3200.o
ITG3200::getSampleRateDiv()                       ../keyglove/ITG3200.o
ITG3200::init(unsigned int)                       ../keyglove/ITG3200.o
                                                  Keyglove.o
ITG3200::init(unsigned int, unsigned char, unsigned char, unsigned char, unsigned char, bool, bool) ../keyglove/ITG3200.o
ITG3200::isAnyRegClrMode()                        ../keyglove/ITG3200.o
ITG3200::isINTActiveOnLow()                       ../keyglove/ITG3200.o
ITG3200::isINTOpenDrain()                         ../keyglove/ITG3200.o
ITG3200::isITGReady()                             ../keyglove/ITG3200.o
ITG3200::isITGReadyOn()                           ../keyglove/ITG3200.o
ITG3200::isLatchUntilCleared()                    ../keyglove/ITG3200.o
ITG3200::isLowPower()                             ../keyglove/ITG3200.o
ITG3200::isRawDataReady()                         ../keyglove/ITG3200.o
ITG3200::isRawDataReadyOn()                       ../keyglove/ITG3200.o
ITG3200::isXgyroStandby()                         ../keyglove/ITG3200.o
ITG3200::isYgyroStandby()                         ../keyglove/ITG3200.o
ITG3200::isZgyroStandby()                         ../keyglove/ITG3200.o
ITG3200::readGyro(float*)                         ../keyglove/ITG3200.o
ITG3200::readGyro(float*, float*, float*)         ../keyglove/ITG3200.o
ITG3200::readGyroRaw(int*)                        ../keyglove/ITG3200.o
ITG3200::readGyroRaw(int*, int*, int*)            ../keyglove/ITG3200.o
                                                  Keyglove.o
ITG3200::readGyroRawCal(int*)                     ../keyglove/ITG3200.o
ITG3200::readGyroRawCal(int*, int*, int*)         ../keyglove/ITG3200.o
ITG3200::readTemp(float*)                         ../keyglove/ITG3200.o
ITG3200::readmem(unsigned char, unsigned char, unsigned char*) ../keyglove/ITG3200.o
ITG3200::reset()                                  ../keyglove/ITG3200.o
ITG3200::setClockSource(unsigned char)            ../keyglove/ITG3200.o
ITG3200::setDevAddr(unsigned int)                 ../keyglove/ITG3200.o
ITG3200::setFSRange(unsigned char)                ../keyglove/ITG3200.o
ITG3200::setFilterBW(unsigned char)               ../keyglove/ITG3200.o
ITG3200::setINTDriveType(bool)                    ../keyglove/ITG3200.o
ITG3200::setINTLogiclvl(bool)                     ../keyglove/ITG3200.o
ITG3200::setITGReady(bool)                        ../keyglove/ITG3200.o
ITG3200::setLatchClearMode(bool)                  ../keyglove/ITG3200.o
ITG3200::setLatchMode(bool)                       ../keyglove/ITG3200.o
ITG3200::setOffsets(int, int, int)                ../keyglove/ITG3200.o
ITG3200::setPowerMode(bool)                       ../keyglove/ITG3200.o
ITG3200::setRawDataReady(bool)                    ../keyglove/ITG3200.o
ITG3200::setSampleRateDiv(unsigned char)          ../keyglove/ITG3200.o
ITG3200::setScaleFactor(float, float, float, bool) ../keyglove/ITG3200.o
ITG3200::setXgyroStandby(bool)                    ../keyglove/ITG3200.o
ITG3200::setYgyroStandby(bool)                    ../keyglove/ITG3200.o
ITG3200::setZgyroStandby(bool)                    ../keyglove/ITG3200.o
ITG3200::writemem(unsigned char, unsigned char)   ../keyglove/ITG3200.o
ITG3200::zeroCalibrate(unsigned int, unsigned int) ../keyglove/ITG3200.o
Keyboard                                          ArduinoWrapper.o
                                                  Keyglove.o
Keyboard_ProcessLEDReport(unsigned char)          Keyglove.o
LanguageString                                    Descriptors.o
LineEncodingData                                  Keyglove.o
ManufacturerString                                Descriptors.o
Mouse                                             ArduinoWrapper.o
                                                  Keyglove.o
PS2dev::PS2dev(int, int)                          ../keyglove/ps2dev.o
PS2dev::PS2dev(int, int)                          ../keyglove/ps2dev.o
PS2dev::gohi(int)                                 ../keyglove/ps2dev.o
PS2dev::golo(int)                                 ../keyglove/ps2dev.o
PS2dev::read(unsigned char*)                      ../keyglove/ps2dev.o
                                                  ../keyglove/ps2mouse.o
                                                  ../keyglove/ps2keyboard.o
PS2dev::write(unsigned char)                      ../keyglove/ps2dev.o
                                                  ../keyglove/ps2mouse.o
                                                  ../keyglove/ps2keyboard.o
PS2keyboard::PS2keyboard(PS2dev*)                 ../keyglove/ps2keyboard.o
PS2keyboard::PS2keyboard(PS2dev*)                 ../keyglove/ps2keyboard.o
PS2keyboard::cmd_ack()                            ../keyglove/ps2keyboard.o
PS2keyboard::cmd_echo()                           ../keyglove/ps2keyboard.o
PS2keyboard::cmd_error()                          ../keyglove/ps2keyboard.o
PS2keyboard::cmd_keypress(int, unsigned char)     ../keyglove/ps2keyboard.o
PS2keyboard::cmd_resend()                         ../keyglove/ps2keyboard.o
PS2keyboard::cmd_success()                        ../keyglove/ps2keyboard.o
PS2keyboard::get_allkeys_mode()                   ../keyglove/ps2keyboard.o
PS2keyboard::get_led_capslock()                   ../keyglove/ps2keyboard.o
PS2keyboard::get_led_numlock()                    ../keyglove/ps2keyboard.o
PS2keyboard::get_led_scrolllock()                 ../keyglove/ps2keyboard.o
PS2keyboard::get_scancode_set()                   ../keyglove/ps2keyboard.o
PS2keyboard::get_typematic_delay()                ../keyglove/ps2keyboard.o
PS2keyboard::get_typematic_rate()                 ../keyglove/ps2keyboard.o
PS2keyboard::initialize()                         ../keyglove/ps2keyboard.o
PS2keyboard::keydown(int)                         ../keyglove/ps2keyboard.o
PS2keyboard::keypress(int)                        ../keyglove/ps2keyboard.o
PS2keyboard::keyup(int)                           ../keyglove/ps2keyboard.o
PS2keyboard::process_command()                    ../keyglove/ps2keyboard.o
PS2keyboard::run_bat()                            ../keyglove/ps2keyboard.o
PS2keyboard::set_allkeys_mode(int)                ../keyglove/ps2keyboard.o
PS2keyboard::set_defaults()                       ../keyglove/ps2keyboard.o
PS2keyboard::set_led_capslock(unsigned char)      ../keyglove/ps2keyboard.o
PS2keyboard::set_led_numlock(unsigned char)       ../keyglove/ps2keyboard.o
PS2keyboard::set_led_scrolllock(unsigned char)    ../keyglove/ps2keyboard.o
PS2keyboard::set_scancode_set(int)                ../keyglove/ps2keyboard.o
PS2keyboard::set_typematic_delay(int)             ../keyglove/ps2keyboard.o
PS2keyboard::set_typematic_rate(float)            ../keyglove/ps2keyboard.o
PS2mouse::PS2mouse(PS2dev*)                       ../keyglove/ps2mouse.o
PS2mouse::PS2mouse(PS2dev*)                       ../keyglove/ps2mouse.o
PS2mouse::cmd_ack()                               ../keyglove/ps2mouse.o
PS2mouse::cmd_error()                             ../keyglove/ps2mouse.o
PS2mouse::cmd_move(int, int)                      ../keyglove/ps2mouse.o
PS2mouse::cmd_resend()                            ../keyglove/ps2mouse.o
PS2mouse::cmd_success()                           ../keyglove/ps2mouse.o
PS2mouse::initialize()                            ../keyglove/ps2mouse.o
PS2mouse::move(int, int)                          ../keyglove/ps2mouse.o
PS2mouse::process_command()                       ../keyglove/ps2mouse.o
PS2mouse::run_bat()                               ../keyglove/ps2mouse.o
PS2mouse::set_defaults()                          ../keyglove/ps2mouse.o
ProcessHIDReport                                  Keyglove.o
ProductString                                     Descriptors.o
ProductStringHID                                  Descriptors.o
ProductStringSerial                               Descriptors.o
Serial                                            ArduinoWrapper.o
                                                  ../keyglove/ps2mouse.o
                                                  ../keyglove/ps2keyboard.o
                                                  ../keyglove/ps2dev.o
                                                  ../keyglove/logitech.o
                                                  ../keyglove/iwrap.o
                                                  ../keyglove/Adxl345.o
                                                  Keyglove.o
SetupHardware                                     Keyglove.o
USBKeyboard::send_now()                           ArduinoWrapper.o
                                                  Keyglove.o
USBKeyboard::set_key1(unsigned char)              ArduinoWrapper.o
                                                  Keyglove.o
USBKeyboard::set_key2(unsigned char)              ArduinoWrapper.o
                                                  Keyglove.o
USBKeyboard::set_key3(unsigned char)              ArduinoWrapper.o
                                                  Keyglove.o
USBKeyboard::set_key4(unsigned char)              ArduinoWrapper.o
                                                  Keyglove.o
USBKeyboard::set_key5(unsigned char)              ArduinoWrapper.o
                                                  Keyglove.o
USBKeyboard::set_key6(unsigned char)              ArduinoWrapper.o
                                                  Keyglove.o
USBKeyboard::set_modifier(unsigned char)          ArduinoWrapper.o
                                                  Keyglove.o
USBMouse::move(unsigned char, unsigned char)      ArduinoWrapper.o
                                                  Keyglove.o
USBMouse::move(unsigned char, unsigned char, unsigned char) ArduinoWrapper.o
                                                  Keyglove.o
USBMouse::scroll(unsigned char)                   ArduinoWrapper.o
                                                  Keyglove.o
USBMouse::set_buttons(unsigned char, unsigned char, unsigned char) ArduinoWrapper.o
                                                  Keyglove.o
USBVirtualSerial::begin(unsigned long)            ArduinoWrapper.o
                                                  Keyglove.o
USBVirtualSerial::print(char const*)              ArduinoWrapper.o
                                                  ../keyglove/ps2mouse.o
                                                  ../keyglove/ps2keyboard.o
                                                  ../keyglove/ps2dev.o
                                                  ../keyglove/Adxl345.o
                                                  Keyglove.o
USBVirtualSerial::print(double)                   ArduinoWrapper.o
USBVirtualSerial::print(double, unsigned char)    ArduinoWrapper.o
USBVirtualSerial::print(int)                      ArduinoWrapper.o
                                                  Keyglove.o
USBVirtualSerial::print(int, unsigned char)       ArduinoWrapper.o
                                                  ../keyglove/iwrap.o
                                                  ../keyglove/Adxl345.o
USBVirtualSerial::print(long)                     ArduinoWrapper.o
USBVirtualSerial::print(long, unsigned char)      ArduinoWrapper.o
USBVirtualSerial::print(unsigned char)            ArduinoWrapper.o
USBVirtualSerial::print(unsigned char, unsigned char) ArduinoWrapper.o
                                                  ../keyglove/Adxl345.o
USBVirtualSerial::print(unsigned int)             ArduinoWrapper.o
USBVirtualSerial::print(unsigned int, unsigned char) ArduinoWrapper.o
USBVirtualSerial::print(unsigned long)            ArduinoWrapper.o
                                                  Keyglove.o
USBVirtualSerial::print(unsigned long, unsigned char) ArduinoWrapper.o
USBVirtualSerial::println(char const*)            ArduinoWrapper.o
                                                  ../keyglove/ps2mouse.o
                                                  ../keyglove/logitech.o
                                                  Keyglove.o
USBVirtualSerial::println(double)                 ArduinoWrapper.o
USBVirtualSerial::println(double, unsigned char)  ArduinoWrapper.o
USBVirtualSerial::println(int)                    ArduinoWrapper.o
                                                  Keyglove.o
USBVirtualSerial::println(int, unsigned char)     ArduinoWrapper.o
USBVirtualSerial::println(long)                   ArduinoWrapper.o
USBVirtualSerial::println(long, unsigned char)    ArduinoWrapper.o
USBVirtualSerial::println(unsigned char)          ArduinoWrapper.o
USBVirtualSerial::println(unsigned char, unsigned char) ArduinoWrapper.o