Archive member included because of file (symbol)

c:/winavr-20100110/bin/../lib/gcc/avr/4.3.3/avr51\libgcc.a(_exit.o)
                              c:/winavr-20100110/bin/../lib/gcc/avr/4.3.3/../../../../avr/lib/avr51/crtusb1287.o (exit)
c:/winavr-20100110/bin/../lib/gcc/avr/4.3.3/avr51\libgcc.a(_clear_bss.o)
                              Keyglove.o (__do_clear_bss)
c:/winavr-20100110/bin/../lib/gcc/avr/4.3.3/../../../../avr/lib/avr51\libc.a(memset.o)
                              Keyglove.o (memset)
c:/winavr-20100110/bin/../lib/gcc/avr/4.3.3/../../../../avr/lib/avr51\libc.a(eerd_byte_at90usb1287.o)
                              LUFA/Drivers/USB/Core/EndpointStream.o (__eerd_byte_usb1287)
c:/winavr-20100110/bin/../lib/gcc/avr/4.3.3/../../../../avr/lib/avr51\libc.a(eeupd_byte_at90usb1287.o)
                              LUFA/Drivers/USB/Core/EndpointStream.o (__eeupd_byte_usb1287)

Allocating common symbols
Common symbol       size              file

USB_IsInitialized   0x1               LUFA/Drivers/USB/Core/USBTask.o
USB_CurrentlySelfPowered
                    0x1               LUFA/Drivers/USB/Core/DeviceStandardReq.o
USB_RemoteWakeupEnabled
                    0x1               LUFA/Drivers/USB/Core/DeviceStandardReq.o
USB_DeviceState     0x1               LUFA/Drivers/USB/Core/USBTask.o
USB_ControlRequest  0x8               LUFA/Drivers/USB/Core/USBTask.o
USB_ConfigurationNumber
                    0x1               LUFA/Drivers/USB/Core/DeviceStandardReq.o

Discarded input sections

 .data          0x00000000        0x0 c:/winavr-20100110/bin/../lib/gcc/avr/4.3.3/../../../../avr/lib/avr51/crtusb1287.o
 .bss           0x00000000        0x0 c:/winavr-20100110/bin/../lib/gcc/avr/4.3.3/../../../../avr/lib/avr51/crtusb1287.o
 .text          0x00000000        0x0 Keyglove.o
 .text          0x00000000        0x0 Descriptors.o
 .data          0x00000000        0x0 Descriptors.o
 .bss           0x00000000        0x0 Descriptors.o
 .text          0x00000000        0x0 LUFA/Drivers/USB/Core/AVR8/Device_AVR8.o
 .data          0x00000000        0x0 LUFA/Drivers/USB/Core/AVR8/Device_AVR8.o
 .bss           0x00000000        0x0 LUFA/Drivers/USB/Core/AVR8/Device_AVR8.o
 .text.USB_Device_SendRemoteWakeup
                0x00000000        0x0 LUFA/Drivers/USB/Core/AVR8/Device_AVR8.o
 .text          0x00000000        0x0 LUFA/Drivers/USB/Core/AVR8/Endpoint_AVR8.o
 .data          0x00000000        0x0 LUFA/Drivers/USB/Core/AVR8/Endpoint_AVR8.o
 .bss           0x00000000        0x0 LUFA/Drivers/USB/Core/AVR8/Endpoint_AVR8.o
 .text.Endpoint_ClearEndpoints
                0x00000000        0x0 LUFA/Drivers/USB/Core/AVR8/Endpoint_AVR8.o
 .text          0x00000000        0x0 LUFA/Drivers/USB/Core/AVR8/Host_AVR8.o
 .data          0x00000000        0x0 LUFA/Drivers/USB/Core/AVR8/Host_AVR8.o
 .bss           0x00000000        0x0 LUFA/Drivers/USB/Core/AVR8/Host_AVR8.o
 .text          0x00000000        0x0 LUFA/Drivers/USB/Core/AVR8/Pipe_AVR8.o
 .data          0x00000000        0x0 LUFA/Drivers/USB/Core/AVR8/Pipe_AVR8.o
 .bss           0x00000000        0x0 LUFA/Drivers/USB/Core/AVR8/Pipe_AVR8.o
 .text          0x00000000        0x0 LUFA/Drivers/USB/Core/AVR8/USBController_AVR8.o
 .data          0x00000000        0x0 LUFA/Drivers/USB/Core/AVR8/USBController_AVR8.o
 .bss           0x00000000        0x0 LUFA/Drivers/USB/Core/AVR8/USBController_AVR8.o
 .text.USB_Disable
                0x00000000        0x0 LUFA/Drivers/USB/Core/AVR8/USBController_AVR8.o
 .text          0x00000000        0x0 LUFA/Drivers/USB/Core/AVR8/USBInterrupt_AVR8.o
 .data          0x00000000        0x0 LUFA/Drivers/USB/Core/AVR8/USBInterrupt_AVR8.o
 .bss           0x00000000        0x0 LUFA/Drivers/USB/Core/AVR8/USBInterrupt_AVR8.o
 .text          0x00000000        0x0 LUFA/Drivers/USB/Core/ConfigDescriptor.o
 .data          0x00000000        0x0 LUFA/Drivers/USB/Core/ConfigDescriptor.o
 .bss           0x00000000        0x0 LUFA/Drivers/USB/Core/ConfigDescriptor.o
 .text.USB_GetNextDescriptorOfType
                0x00000000        0x0 LUFA/Drivers/USB/Core/ConfigDescriptor.o
 .text.USB_GetNextDescriptorOfTypeBefore
                0x00000000        0x0 LUFA/Drivers/USB/Core/ConfigDescriptor.o
 .text.USB_GetNextDescriptorOfTypeAfter
                0x00000000        0x0 LUFA/Drivers/USB/Core/ConfigDescriptor.o
 .text.USB_GetNextDescriptorComp
                0x00000000        0x0 LUFA/Drivers/USB/Core/ConfigDescriptor.o
 .text          0x00000000        0x0 LUFA/Drivers/USB/Core/DeviceStandardReq.o
 .data          0x00000000        0x0 LUFA/Drivers/USB/Core/DeviceStandardReq.o
 .bss           0x00000000        0x0 LUFA/Drivers/USB/Core/DeviceStandardReq.o
 .text          0x00000000        0x0 LUFA/Drivers/USB/Core/Events.o
 .data          0x00000000        0x0 LUFA/Drivers/USB/Core/Events.o
 .bss           0x00000000        0x0 LUFA/Drivers/USB/Core/Events.o
 .text          0x00000000        0x0 LUFA/Drivers/USB/Core/EndpointStream.o
 .data          0x00000000        0x0 LUFA/Drivers/USB/Core/EndpointStream.o
 .bss           0x00000000        0x0 LUFA/Drivers/USB/Core/EndpointStream.o
 .text.Endpoint_Write_Control_Stream_BE
                0x00000000        0x0 LUFA/Drivers/USB/Core/EndpointStream.o
 .text.Endpoint_Read_Control_Stream_BE
                0x00000000        0x0 LUFA/Drivers/USB/Core/EndpointStream.o
 .text.Endpoint_Write_Control_PStream_BE
                0x00000000        0x0 LUFA/Drivers/USB/Core/EndpointStream.o
 .text.Endpoint_Read_Control_EStream_BE
                0x00000000        0x0 LUFA/Drivers/USB/Core/EndpointStream.o
 .text.Endpoint_Read_Control_EStream_LE
                0x00000000        0x0 LUFA/Drivers/USB/Core/EndpointStream.o
 .text.Endpoint_Write_Control_EStream_BE
                0x00000000        0x0 LUFA/Drivers/USB/Core/EndpointStream.o
 .text.Endpoint_Write_Control_EStream_LE
                0x00000000        0x0 LUFA/Drivers/USB/Core/EndpointStream.o
 .text.Endpoint_Null_Stream
                0x00000000        0x0 LUFA/Drivers/USB/Core/EndpointStream.o
 .text.Endpoint_Discard_Stream
                0x00000000        0x0 LUFA/Drivers/USB/Core/EndpointStream.o
 .text.Endpoint_Read_EStream_BE
                0x00000000        0x0 LUFA/Drivers/USB/Core/EndpointStream.o
 .text.Endpoint_Read_EStream_LE
                0x00000000        0x0 LUFA/Drivers/USB/Core/EndpointStream.o
 .text.Endpoint_Write_EStream_BE
                0x00000000        0x0 LUFA/Drivers/USB/Core/EndpointStream.o
 .text.Endpoint_Write_EStream_LE
                0x00000000        0x0 LUFA/Drivers/USB/Core/EndpointStream.o
 .text.Endpoint_Write_PStream_BE
                0x00000000        0x0 LUFA/Drivers/USB/Core/EndpointStream.o
 .text.Endpoint_Write_PStream_LE
                0x00000000        0x0 LUFA/Drivers/USB/Core/EndpointStream.o
 .text.Endpoint_Read_Stream_BE
                0x00000000        0x0 LUFA/Drivers/USB/Core/EndpointStream.o
 .text.Endpoint_Read_Stream_LE
                0x00000000        0x0 LUFA/Drivers/USB/Core/EndpointStream.o
 .text.Endpoint_Write_Stream_BE
                0x00000000        0x0 LUFA/Drivers/USB/Core/EndpointStream.o
 .text          0x00000000        0x0 LUFA/Drivers/USB/Core/HostStandardReq.o
 .data          0x00000000        0x0 LUFA/Drivers/USB/Core/HostStandardReq.o
 .bss           0x00000000        0x0 LUFA/Drivers/USB/Core/HostStandardReq.o
 .text          0x00000000        0x0 LUFA/Drivers/USB/Core/PipeStream.o
 .data          0x00000000        0x0 LUFA/Drivers/USB/Core/PipeStream.o
 .bss           0x00000000        0x0 LUFA/Drivers/USB/Core/PipeStream.o
 .text          0x00000000        0x0 LUFA/Drivers/USB/Core/USBTask.o
 .data          0x00000000        0x0 LUFA/Drivers/USB/Core/USBTask.o
 .bss           0x00000000        0x0 LUFA/Drivers/USB/Core/USBTask.o
 .text          0x00000000        0x0 LUFA/Drivers/USB/Class/Common/HIDParser.o
 .data          0x00000000        0x0 LUFA/Drivers/USB/Class/Common/HIDParser.o
 .bss           0x00000000        0x0 LUFA/Drivers/USB/Class/Common/HIDParser.o
 .text.USB_GetHIDReportItemInfo
                0x00000000        0x0 LUFA/Drivers/USB/Class/Common/HIDParser.o
 .text.USB_SetHIDReportItemInfo
                0x00000000        0x0 LUFA/Drivers/USB/Class/Common/HIDParser.o
 .text.USB_GetHIDReportSize
                0x00000000        0x0 LUFA/Drivers/USB/Class/Common/HIDParser.o
 .text.USB_ProcessHIDReport
                0x00000000        0x0 LUFA/Drivers/USB/Class/Common/HIDParser.o
 .text          0x00000000        0x0 c:/winavr-20100110/bin/../lib/gcc/avr/4.3.3/avr51\libgcc.a(_exit.o)
 .data          0x00000000        0x0 c:/winavr-20100110/bin/../lib/gcc/avr/4.3.3/avr51\libgcc.a(_exit.o)
 .bss           0x00000000        0x0 c:/winavr-20100110/bin/../lib/gcc/avr/4.3.3/avr51\libgcc.a(_exit.o)
 .text.libgcc   0x00000000        0x0 c:/winavr-20100110/bin/../lib/gcc/avr/4.3.3/avr51\libgcc.a(_exit.o)
 .text          0x00000000        0x0 c:/winavr-20100110/bin/../lib/gcc/avr/4.3.3/avr51\libgcc.a(_clear_bss.o)
 .data          0x00000000        0x0 c:/winavr-20100110/bin/../lib/gcc/avr/4.3.3/avr51\libgcc.a(_clear_bss.o)
 .bss           0x00000000        0x0 c:/winavr-20100110/bin/../lib/gcc/avr/4.3.3/avr51\libgcc.a(_clear_bss.o)
 .text.libgcc   0x00000000        0x0 c:/winavr-20100110/bin/../lib/gcc/avr/4.3.3/avr51\libgcc.a(_clear_bss.o)
 .text          0x00000000        0x0 c:/winavr-20100110/bin/../lib/gcc/avr/4.3.3/../../../../avr/lib/avr51\libc.a(memset.o)
 .data          0x00000000        0x0 c:/winavr-20100110/bin/../lib/gcc/avr/4.3.3/../../../../avr/lib/avr51\libc.a(memset.o)
 .bss           0x00000000        0x0 c:/winavr-20100110/bin/../lib/gcc/avr/4.3.3/../../../../avr/lib/avr51\libc.a(memset.o)
 .text          0x00000000        0x0 c:/winavr-20100110/bin/../lib/gcc/avr/4.3.3/../../../../avr/lib/avr51\libc.a(eerd_byte_at90usb1287.o)
 .data          0x00000000        0x0 c:/winavr-20100110/bin/../lib/gcc/avr/4.3.3/../../../../avr/lib/avr51\libc.a(eerd_byte_at90usb1287.o)
 .bss           0x00000000        0x0 c:/winavr-20100110/bin/../lib/gcc/avr/4.3.3/../../../../avr/lib/avr51\libc.a(eerd_byte_at90usb1287.o)
 .text.avr-libc
                0x00000000        0x0 c:/winavr-20100110/bin/../lib/gcc/avr/4.3.3/../../../../avr/lib/avr51\libc.a(eerd_byte_at90usb1287.o)
 .text          0x00000000        0x0 c:/winavr-20100110/bin/../lib/gcc/avr/4.3.3/../../../../avr/lib/avr51\libc.a(eeupd_byte_at90usb1287.o)
 .data          0x00000000        0x0 c:/winavr-20100110/bin/../lib/gcc/avr/4.3.3/../../../../avr/lib/avr51\libc.a(eeupd_byte_at90usb1287.o)
 .bss           0x00000000        0x0 c:/winavr-20100110/bin/../lib/gcc/avr/4.3.3/../../../../avr/lib/avr51\libc.a(eeupd_byte_at90usb1287.o)
 .text.avr-libc
                0x00000000        0x0 c:/winavr-20100110/bin/../lib/gcc/avr/4.3.3/../../../../avr/lib/avr51\libc.a(eeupd_byte_at90usb1287.o)

Memory Configuration

Name             Origin             Length             Attributes
text             0x00000000         0x00020000         xr
data             0x00800060         0x0000ffa0         rw !x
eeprom           0x00810000         0x00010000         rw !x
fuse             0x00820000         0x00000400         rw !x
lock             0x00830000         0x00000400         rw !x
signature        0x00840000         0x00000400         rw !x
*default*        0x00000000         0xffffffff

Linker script and memory map

Address of section .data set to 0x800100
LOAD c:/winavr-20100110/bin/../lib/gcc/avr/4.3.3/../../../../avr/lib/avr51/crtusb1287.o
LOAD Keyglove.o
LOAD Descriptors.o
LOAD LUFA/Drivers/USB/Core/AVR8/Device_AVR8.o
LOAD LUFA/Drivers/USB/Core/AVR8/Endpoint_AVR8.o
LOAD LUFA/Drivers/USB/Core/AVR8/Host_AVR8.o
LOAD LUFA/Drivers/USB/Core/AVR8/Pipe_AVR8.o
LOAD LUFA/Drivers/USB/Core/AVR8/USBController_AVR8.o
LOAD LUFA/Drivers/USB/Core/AVR8/USBInterrupt_AVR8.o
LOAD LUFA/Drivers/USB/Core/ConfigDescriptor.o
LOAD LUFA/Drivers/USB/Core/DeviceStandardReq.o
LOAD LUFA/Drivers/USB/Core/Events.o
LOAD LUFA/Drivers/USB/Core/EndpointStream.o
LOAD LUFA/Drivers/USB/Core/HostStandardReq.o
LOAD LUFA/Drivers/USB/Core/PipeStream.o
LOAD LUFA/Drivers/USB/Core/USBTask.o
LOAD LUFA/Drivers/USB/Class/Common/HIDParser.o
LOAD c:/winavr-20100110/bin/../lib/gcc/avr/4.3.3/../../../../avr/lib/avr51\libm.a
LOAD c:/winavr-20100110/bin/../lib/gcc/avr/4.3.3/avr51\libgcc.a
LOAD c:/winavr-20100110/bin/../lib/gcc/avr/4.3.3/../../../../avr/lib/avr51\libc.a
LOAD c:/winavr-20100110/bin/../lib/gcc/avr/4.3.3/avr51\libgcc.a

.hash
 *(.hash)

.dynsym
 *(.dynsym)

.dynstr
 *(.dynstr)

.gnu.version
 *(.gnu.version)

.gnu.version_d
 *(.gnu.version_d)

.gnu.version_r
 *(.gnu.version_r)

.rel.init
 *(.rel.init)

.rela.init
 *(.rela.init)

.rel.text
 *(.rel.text)
 *(.rel.text.*)
 *(.rel.gnu.linkonce.t*)

.rela.text
 *(.rela.text)
 *(.rela.text.*)
 *(.rela.gnu.linkonce.t*)

.rel.fini
 *(.rel.fini)

.rela.fini
 *(.rela.fini)

.rel.rodata
 *(.rel.rodata)
 *(.rel.rodata.*)
 *(.rel.gnu.linkonce.r*)

.rela.rodata
 *(.rela.rodata)
 *(.rela.rodata.*)
 *(.rela.gnu.linkonce.r*)

.rel.data
 *(.rel.data)
 *(.rel.data.*)
 *(.rel.gnu.linkonce.d*)

.rela.data
 *(.rela.data)
 *(.rela.data.*)
 *(.rela.gnu.linkonce.d*)

.rel.ctors
 *(.rel.ctors)

.rela.ctors
 *(.rela.ctors)

.rel.dtors
 *(.rel.dtors)

.rela.dtors
 *(.rela.dtors)

.rel.got
 *(.rel.got)

.rela.got
 *(.rela.got)

.rel.bss
 *(.rel.bss)

.rela.bss
 *(.rela.bss)

.rel.plt
 *(.rel.plt)

.rela.plt
 *(.rela.plt)

.text           0x00000000      0xff8
 *(.vectors)
 .vectors       0x00000000       0x98 c:/winavr-20100110/bin/../lib/gcc/avr/4.3.3/../../../../avr/lib/avr51/crtusb1287.o
                0x00000000                __vectors
                0x00000000                __vector_default
 *(.vectors)
 *(.progmem.gcc*)
 *(.progmem*)
 .progmem.data  0x00000098      0x164 Descriptors.o
                0x000000ce                KeyboardReport
                0x000001b2                ManufacturerString
                0x00000098                MouseReport
                0x000001ae                LanguageString
                0x0000010d                JoystickReport
                0x00000141                DeviceDescriptor
                0x000001ce                ProductString
                0x00000153                ConfigurationDescriptor
                0x000001fc                . = ALIGN (0x2)
                0x000001fc                __trampolines_start = .
 *(.trampolines)
 .trampolines   0x000001fc        0x0 linker stubs
 *(.trampolines*)
                0x000001fc                __trampolines_end = .
 *(.jumptables)
 *(.jumptables*)
 *(.lowtext)
 *(.lowtext*)
                0x000001fc                __ctors_start = .
 *(.ctors)
                0x000001fc                __ctors_end = .
                0x000001fc                __dtors_start = .
 *(.dtors)
                0x000001fc                __dtors_end = .
 SORT(*)(.ctors)
 SORT(*)(.dtors)
 *(.init0)
 .init0         0x000001fc        0x0 c:/winavr-20100110/bin/../lib/gcc/avr/4.3.3/../../../../avr/lib/avr51/crtusb1287.o
                0x000001fc                __init
 *(.init0)
 *(.init1)
 *(.init1)
 *(.init2)
 .init2         0x000001fc        0xc c:/winavr-20100110/bin/../lib/gcc/avr/4.3.3/../../../../avr/lib/avr51/crtusb1287.o
 *(.init2)
 *(.init3)
 *(.init3)
 *(.init4)
 .init4         0x00000208       0x1a c:/winavr-20100110/bin/../lib/gcc/avr/4.3.3/../../../../avr/lib/avr51/crtusb1287.o
                0x00000208                __do_copy_data
 .init4         0x00000222       0x10 c:/winavr-20100110/bin/../lib/gcc/avr/4.3.3/avr51\libgcc.a(_clear_bss.o)
                0x00000222                __do_clear_bss
 *(.init4)
 *(.init5)
 *(.init5)
 *(.init6)
 *(.init6)
 *(.init7)
 *(.init7)
 *(.init8)
 *(.init8)
 *(.init9)
 .init9         0x00000232        0x4 c:/winavr-20100110/bin/../lib/gcc/avr/4.3.3/../../../../avr/lib/avr51/crtusb1287.o
 *(.init9)
 *(.text)
 .text          0x00000236        0x2 c:/winavr-20100110/bin/../lib/gcc/avr/4.3.3/../../../../avr/lib/avr51/crtusb1287.o
                0x00000236                __vector_22
                0x00000236                __vector_28
                0x00000236                __vector_1
                0x00000236                __vector_32
                0x00000236                __vector_34
                0x00000236                __vector_24
                0x00000236                __vector_12
                0x00000236                __bad_interrupt
                0x00000236                __vector_6
                0x00000236                __vector_31
                0x00000236                __vector_35
                0x00000236                __vector_3
                0x00000236                __vector_23
                0x00000236                __vector_30
                0x00000236                __vector_25
                0x00000236                __vector_11
                0x00000236                __vector_13
                0x00000236                __vector_17
                0x00000236                __vector_19
                0x00000236                __vector_7
                0x00000236                __vector_27
                0x00000236                __vector_5
                0x00000236                __vector_33
                0x00000236                __vector_37
                0x00000236                __vector_4
                0x00000236                __vector_9
                0x00000236                __vector_2
                0x00000236                __vector_21
                0x00000236                __vector_15
                0x00000236                __vector_36
                0x00000236                __vector_29
                0x00000236                __vector_8
                0x00000236                __vector_26
                0x00000236                __vector_14
                0x00000236                __vector_16
                0x00000236                __vector_18
                0x00000236                __vector_20
                0x00000238                . = ALIGN (0x2)
 *(.text.*)
 .text.EVENT_USB_Device_Connect
                0x00000238        0xa Keyglove.o
                0x00000238                EVENT_USB_Device_Connect
 .text.EVENT_USB_Device_Disconnect
                0x00000242        0xa Keyglove.o
                0x00000242                EVENT_USB_Device_Disconnect
 .text.Keyboard_ProcessLEDReport
                0x0000024c       0x1a Keyglove.o
                0x0000024c                Keyboard_ProcessLEDReport
 .text.CDC_Task
                0x00000266       0xaa Keyglove.o
                0x00000266                CDC_Task
 .text.Joystick_HID_Task
                0x00000310       0x44 Keyglove.o
                0x00000310                Joystick_HID_Task
 .text.Mouse_HID_Task
                0x00000354       0x44 Keyglove.o
                0x00000354                Mouse_HID_Task
 .text.Keyboard_HID_Task
                0x00000398       0x60 Keyglove.o
                0x00000398                Keyboard_HID_Task
 .text.EVENT_USB_Device_ControlRequest
                0x000003f8      0x136 Keyglove.o
                0x000003f8                EVENT_USB_Device_ControlRequest
 .text.EVENT_USB_Device_ConfigurationChanged
                0x0000052e       0x7c Keyglove.o
                0x0000052e                EVENT_USB_Device_ConfigurationChanged
 .text.SetupHardware
                0x000005aa       0x32 Keyglove.o
                0x000005aa                SetupHardware
 .text.main     0x000005dc       0x18 Keyglove.o
                0x000005dc                main
 .text.CALLBACK_USB_GetDescriptor
                0x000005f4       0xbc Descriptors.o
                0x000005f4                CALLBACK_USB_GetDescriptor
 .text.Endpoint_ConfigureEndpoint_Prv
                0x000006b0       0x6a LUFA/Drivers/USB/Core/AVR8/Endpoint_AVR8.o
                0x000006b0                Endpoint_ConfigureEndpoint_Prv
 .text.Endpoint_ClearStatusStage
                0x0000071a       0x42 LUFA/Drivers/USB/Core/AVR8/Endpoint_AVR8.o
                0x0000071a                Endpoint_ClearStatusStage
 .text.Endpoint_WaitUntilReady
                0x0000075c       0x64 LUFA/Drivers/USB/Core/AVR8/Endpoint_AVR8.o
                0x0000075c                Endpoint_WaitUntilReady
 .text.USB_ResetInterface
                0x000007c0       0x92 LUFA/Drivers/USB/Core/AVR8/USBController_AVR8.o
                0x000007c0                USB_ResetInterface
 .text.USB_Init
                0x00000852       0x12 LUFA/Drivers/USB/Core/AVR8/USBController_AVR8.o
                0x00000852                USB_Init
 .text.USB_INT_DisableAllInterrupts
                0x00000864       0x10 LUFA/Drivers/USB/Core/AVR8/USBInterrupt_AVR8.o
                0x00000864                USB_INT_DisableAllInterrupts
 .text.USB_INT_ClearAllInterrupts
                0x00000874        0xa LUFA/Drivers/USB/Core/AVR8/USBInterrupt_AVR8.o
                0x00000874                USB_INT_ClearAllInterrupts
 .text.__vector_10
                0x0000087e      0x194 LUFA/Drivers/USB/Core/AVR8/USBInterrupt_AVR8.o
                0x0000087e                __vector_10
 .text.USB_Device_ProcessControlRequest
                0x00000a12      0x308 LUFA/Drivers/USB/Core/DeviceStandardReq.o
                0x00000a12                USB_Device_ProcessControlRequest
 .text.USB_Event_Stub
                0x00000d1a        0x2 LUFA/Drivers/USB/Core/Events.o
                0x00000d1a                EVENT_USB_Device_WakeUp
                0x00000d1a                USB_Event_Stub
                0x00000d1a                EVENT_USB_Device_Suspend
                0x00000d1a                EVENT_USB_Device_StartOfFrame
                0x00000d1a                EVENT_USB_Device_Reset
 .text.Endpoint_Write_Control_Stream_LE
                0x00000d1c       0xbc LUFA/Drivers/USB/Core/EndpointStream.o
                0x00000d1c                Endpoint_Write_Control_Stream_LE
 .text.Endpoint_Read_Control_Stream_LE
                0x00000dd8       0x82 LUFA/Drivers/USB/Core/EndpointStream.o
                0x00000dd8                Endpoint_Read_Control_Stream_LE
 .text.Endpoint_Write_Control_PStream_LE
                0x00000e5a       0xc2 LUFA/Drivers/USB/Core/EndpointStream.o
                0x00000e5a                Endpoint_Write_Control_PStream_LE
 .text.Endpoint_Write_Stream_LE
                0x00000f1c       0xa4 LUFA/Drivers/USB/Core/EndpointStream.o
                0x00000f1c                Endpoint_Write_Stream_LE
 .text.USB_USBTask
                0x00000fc0       0x26 LUFA/Drivers/USB/Core/USBTask.o
                0x00000fc0                USB_USBTask
 .text.avr-libc
                0x00000fe6        0xe c:/winavr-20100110/bin/../lib/gcc/avr/4.3.3/../../../../avr/lib/avr51\libc.a(memset.o)
                0x00000fe6                memset
                0x00000ff4                . = ALIGN (0x2)
 *(.fini9)
 .fini9         0x00000ff4        0x0 c:/winavr-20100110/bin/../lib/gcc/avr/4.3.3/avr51\libgcc.a(_exit.o)
                0x00000ff4                exit
                0x00000ff4                _exit
 *(.fini9)
 *(.fini8)
 *(.fini8)
 *(.fini7)
 *(.fini7)
 *(.fini6)
 *(.fini6)
 *(.fini5)
 *(.fini5)
 *(.fini4)
 *(.fini4)
 *(.fini3)
 *(.fini3)
 *(.fini2)
 *(.fini2)
 *(.fini1)
 *(.fini1)
 *(.fini0)
 .fini0         0x00000ff4        0x4 c:/winavr-20100110/bin/../lib/gcc/avr/4.3.3/avr51\libgcc.a(_exit.o)
 *(.fini0)
                0x00000ff8                _etext = .

.data           0x00800100       0x1c load address 0x00000ff8
                0x00800100                PROVIDE (__data_start, .)
 *(.data)
 .data          0x00800100       0x1c Keyglove.o
 *(.data*)
 *(.rodata)
 *(.rodata*)
 *(.gnu.linkonce.d*)
                0x0080011c                . = ALIGN (0x2)
                0x0080011c                _edata = .
                0x0080011c                PROVIDE (__data_end, .)

.bss            0x0080011c       0x1c
                0x0080011c                PROVIDE (__bss_start, .)
 *(.bss)
 .bss           0x0080011c        0xf Keyglove.o
 *(.bss*)
 *(COMMON)
 COMMON         0x0080012b        0x3 LUFA/Drivers/USB/Core/DeviceStandardReq.o
                0x0080012b                USB_CurrentlySelfPowered
                0x0080012c                USB_RemoteWakeupEnabled
                0x0080012d                USB_ConfigurationNumber
 COMMON         0x0080012e        0xa LUFA/Drivers/USB/Core/USBTask.o
                0x0080012e                USB_IsInitialized
                0x0080012f                USB_DeviceState
                0x00800130                USB_ControlRequest
                0x00800138                PROVIDE (__bss_end, .)
                0x00000ff8                __data_load_start = LOADADDR (.data)
                0x00001014                __data_load_end = (__data_load_start + SIZEOF (.data))

.noinit         0x00800138        0x0
                0x00800138                PROVIDE (__noinit_start, .)
 *(.noinit*)
                0x00800138                PROVIDE (__noinit_end, .)
                0x00800138                _end = .
                0x00800138                PROVIDE (__heap_start, .)

.eeprom         0x00810000        0x0
 *(.eeprom*)
                0x00810000                __eeprom_end = .

.fuse
 *(.fuse)
 *(.lfuse)
 *(.hfuse)
 *(.efuse)

.lock
 *(.lock*)

.signature
 *(.signature*)

.stab
 *(.stab)

.stabstr
 *(.stabstr)

.stab.excl
 *(.stab.excl)

.stab.exclstr
 *(.stab.exclstr)

.stab.index
 *(.stab.index)

.stab.indexstr
 *(.stab.indexstr)

.comment
 *(.comment)

.debug
 *(.debug)

.line
 *(.line)

.debug_srcinfo
 *(.debug_srcinfo)

.debug_sfnames
 *(.debug_sfnames)

.debug_aranges  0x00000000      0x2e0
 *(.debug_aranges)
 .debug_aranges
                0x00000000       0x70 Keyglove.o
 .debug_aranges
                0x00000070       0x20 Descriptors.o
 .debug_aranges
                0x00000090       0x20 LUFA/Drivers/USB/Core/AVR8/Device_AVR8.o
 .debug_aranges
                0x000000b0       0x38 LUFA/Drivers/USB/Core/AVR8/Endpoint_AVR8.o
 .debug_aranges
                0x000000e8       0x30 LUFA/Drivers/USB/Core/AVR8/USBController_AVR8.o
 .debug_aranges
                0x00000118       0x30 LUFA/Drivers/USB/Core/AVR8/USBInterrupt_AVR8.o
 .debug_aranges
                0x00000148       0x38 LUFA/Drivers/USB/Core/ConfigDescriptor.o
 .debug_aranges
                0x00000180       0x20 LUFA/Drivers/USB/Core/DeviceStandardReq.o
 .debug_aranges
                0x000001a0       0x20 LUFA/Drivers/USB/Core/Events.o
 .debug_aranges
                0x000001c0       0xc8 LUFA/Drivers/USB/Core/EndpointStream.o
 .debug_aranges
                0x00000288       0x20 LUFA/Drivers/USB/Core/USBTask.o
 .debug_aranges
                0x000002a8       0x38 LUFA/Drivers/USB/Class/Common/HIDParser.o

.debug_pubnames
                0x00000000      0x867
 *(.debug_pubnames)
 .debug_pubnames
                0x00000000      0x122 Keyglove.o
 .debug_pubnames
                0x00000122       0xd4 Descriptors.o
 .debug_pubnames
                0x000001f6       0x32 LUFA/Drivers/USB/Core/AVR8/Device_AVR8.o
 .debug_pubnames
                0x00000228       0x8b LUFA/Drivers/USB/Core/AVR8/Endpoint_AVR8.o
 .debug_pubnames
                0x000002b3       0x46 LUFA/Drivers/USB/Core/AVR8/USBController_AVR8.o
 .debug_pubnames
                0x000002f9       0x62 LUFA/Drivers/USB/Core/AVR8/USBInterrupt_AVR8.o
 .debug_pubnames
                0x0000035b       0x9b LUFA/Drivers/USB/Core/ConfigDescriptor.o
 .debug_pubnames
                0x000003f6       0x8c LUFA/Drivers/USB/Core/DeviceStandardReq.o
 .debug_pubnames
                0x00000482       0x25 LUFA/Drivers/USB/Core/Events.o
 .debug_pubnames
                0x000004a7      0x2df LUFA/Drivers/USB/Core/EndpointStream.o
 .debug_pubnames
                0x00000786       0x63 LUFA/Drivers/USB/Core/USBTask.o
 .debug_pubnames
                0x000007e9       0x7e LUFA/Drivers/USB/Class/Common/HIDParser.o

.debug_info     0x00000000     0x4d5e
 *(.debug_info)
 .debug_info    0x00000000      0xa52 Keyglove.o
 .debug_info    0x00000a52      0x6f6 Descriptors.o
 .debug_info    0x00001148       0xc4 LUFA/Drivers/USB/Core/AVR8/Device_AVR8.o
 .debug_info    0x0000120c      0x44d LUFA/Drivers/USB/Core/AVR8/Endpoint_AVR8.o
 .debug_info    0x00001659        0x0 LUFA/Drivers/USB/Core/AVR8/Host_AVR8.o
 .debug_info    0x00001659        0x0 LUFA/Drivers/USB/Core/AVR8/Pipe_AVR8.o
 .debug_info    0x00001659      0x4bf LUFA/Drivers/USB/Core/AVR8/USBController_AVR8.o
 .debug_info    0x00001b18      0x56d LUFA/Drivers/USB/Core/AVR8/USBInterrupt_AVR8.o
 .debug_info    0x00002085      0x34e LUFA/Drivers/USB/Core/ConfigDescriptor.o
 .debug_info    0x000023d3      0xa67 LUFA/Drivers/USB/Core/DeviceStandardReq.o
 .debug_info    0x00002e3a       0x79 LUFA/Drivers/USB/Core/Events.o
 .debug_info    0x00002eb3     0x157b LUFA/Drivers/USB/Core/EndpointStream.o
 .debug_info    0x0000442e        0x0 LUFA/Drivers/USB/Core/HostStandardReq.o
 .debug_info    0x0000442e        0x0 LUFA/Drivers/USB/Core/PipeStream.o
 .debug_info    0x0000442e      0x23b LUFA/Drivers/USB/Core/USBTask.o
 .debug_info    0x00004669      0x6f5 LUFA/Drivers/USB/Class/Common/HIDParser.o
 *(.gnu.linkonce.wi.*)

.debug_abbrev   0x00000000     0x129c
 *(.debug_abbrev)
 .debug_abbrev  0x00000000      0x2f1 Keyglove.o
 .debug_abbrev  0x000002f1      0x17d Descriptors.o
 .debug_abbrev  0x0000046e       0x79 LUFA/Drivers/USB/Core/AVR8/Device_AVR8.o
 .debug_abbrev  0x000004e7      0x19a LUFA/Drivers/USB/Core/AVR8/Endpoint_AVR8.o
 .debug_abbrev  0x00000681        0x1 LUFA/Drivers/USB/Core/AVR8/Host_AVR8.o
 .debug_abbrev  0x00000682        0x1 LUFA/Drivers/USB/Core/AVR8/Pipe_AVR8.o
 .debug_abbrev  0x00000683      0x18a LUFA/Drivers/USB/Core/AVR8/USBController_AVR8.o
 .debug_abbrev  0x0000080d      0x176 LUFA/Drivers/USB/Core/AVR8/USBInterrupt_AVR8.o
 .debug_abbrev  0x00000983      0x15c LUFA/Drivers/USB/Core/ConfigDescriptor.o
 .debug_abbrev  0x00000adf      0x283 LUFA/Drivers/USB/Core/DeviceStandardReq.o
 .debug_abbrev  0x00000d62       0x4a LUFA/Drivers/USB/Core/Events.o
 .debug_abbrev  0x00000dac      0x1aa LUFA/Drivers/USB/Core/EndpointStream.o
 .debug_abbrev  0x00000f56        0x1 LUFA/Drivers/USB/Core/HostStandardReq.o
 .debug_abbrev  0x00000f57        0x1 LUFA/Drivers/USB/Core/PipeStream.o
 .debug_abbrev  0x00000f58      0x15d LUFA/Drivers/USB/Core/USBTask.o
 .debug_abbrev  0x000010b5      0x1e7 LUFA/Drivers/USB/Class/Common/HIDParser.o

.debug_line     0x00000000     0x3eab
 *(.debug_line)
 .debug_line    0x00000000      0x76a Keyglove.o
 .debug_line    0x0000076a      0x1e4 Descriptors.o
 .debug_line    0x0000094e      0x11b LUFA/Drivers/USB/Core/AVR8/Device_AVR8.o
 .debug_line    0x00000a69      0x444 LUFA/Drivers/USB/Core/AVR8/Endpoint_AVR8.o
 .debug_line    0x00000ead       0x24 LUFA/Drivers/USB/Core/AVR8/Host_AVR8.o
 .debug_line    0x00000ed1       0x24 LUFA/Drivers/USB/Core/AVR8/Pipe_AVR8.o
 .debug_line    0x00000ef5      0x346 LUFA/Drivers/USB/Core/AVR8/USBController_AVR8.o
 .debug_line    0x0000123b      0x4e1 LUFA/Drivers/USB/Core/AVR8/USBInterrupt_AVR8.o
 .debug_line    0x0000171c      0x232 LUFA/Drivers/USB/Core/ConfigDescriptor.o
 .debug_line    0x0000194e      0x628 LUFA/Drivers/USB/Core/DeviceStandardReq.o
 .debug_line    0x00001f76       0x7a LUFA/Drivers/USB/Core/Events.o
 .debug_line    0x00001ff0     0x174d LUFA/Drivers/USB/Core/EndpointStream.o
 .debug_line    0x0000373d       0x24 LUFA/Drivers/USB/Core/HostStandardReq.o
 .debug_line    0x00003761       0x24 LUFA/Drivers/USB/Core/PipeStream.o
 .debug_line    0x00003785      0x199 LUFA/Drivers/USB/Core/USBTask.o
 .debug_line    0x0000391e      0x58d LUFA/Drivers/USB/Class/Common/HIDParser.o

.debug_frame    0x00000000      0x440
 *(.debug_frame)
 .debug_frame   0x00000000       0xc0 Keyglove.o
 .debug_frame   0x000000c0       0x20 Descriptors.o
 .debug_frame   0x000000e0       0x20 LUFA/Drivers/USB/Core/AVR8/Device_AVR8.o
 .debug_frame   0x00000100       0x50 LUFA/Drivers/USB/Core/AVR8/Endpoint_AVR8.o
 .debug_frame   0x00000150       0x40 LUFA/Drivers/USB/Core/AVR8/USBController_AVR8.o
 .debug_frame   0x00000190       0x40 LUFA/Drivers/USB/Core/AVR8/USBInterrupt_AVR8.o
 .debug_frame   0x000001d0       0x50 LUFA/Drivers/USB/Core/ConfigDescriptor.o
 .debug_frame   0x00000220       0x20 LUFA/Drivers/USB/Core/DeviceStandardReq.o
 .debug_frame   0x00000240       0x20 LUFA/Drivers/USB/Core/Events.o
 .debug_frame   0x00000260      0x170 LUFA/Drivers/USB/Core/EndpointStream.o
 .debug_frame   0x000003d0       0x20 LUFA/Drivers/USB/Core/USBTask.o
 .debug_frame   0x000003f0       0x50 LUFA/Drivers/USB/Class/Common/HIDParser.o

.debug_str      0x00000000     0x2189
 *(.debug_str)
 .debug_str     0x00000000      0x64a Keyglove.o
                                0x6c1 (size before relaxing)
 .debug_str     0x0000064a      0x59e Descriptors.o
                                0x6b4 (size before relaxing)
 .debug_str     0x00000be8       0x71 LUFA/Drivers/USB/Core/AVR8/Device_AVR8.o
                                0x113 (size before relaxing)
 .debug_str     0x00000c59      0x273 LUFA/Drivers/USB/Core/AVR8/Endpoint_AVR8.o
                                0x4a2 (size before relaxing)
 .debug_str     0x00000ecc      0x232 LUFA/Drivers/USB/Core/AVR8/USBController_AVR8.o
                                0x417 (size before relaxing)
 .debug_str     0x000010fe       0xe3 LUFA/Drivers/USB/Core/AVR8/USBInterrupt_AVR8.o
                                0x392 (size before relaxing)
 .debug_str     0x000011e1      0x220 LUFA/Drivers/USB/Core/ConfigDescriptor.o
                                0x2e0 (size before relaxing)
 .debug_str     0x00001401      0x406 LUFA/Drivers/USB/Core/DeviceStandardReq.o
                                0x7fd (size before relaxing)
 .debug_str     0x00001807       0x2e LUFA/Drivers/USB/Core/Events.o
                                 0xca (size before relaxing)
 .debug_str     0x00001835      0x47b LUFA/Drivers/USB/Core/EndpointStream.o
                                0x737 (size before relaxing)
 .debug_str     0x00001cb0       0x64 LUFA/Drivers/USB/Core/USBTask.o
                                0x26a (size before relaxing)
 .debug_str     0x00001d14      0x475 LUFA/Drivers/USB/Class/Common/HIDParser.o
                                0x5b8 (size before relaxing)

.debug_loc      0x00000000     0x250e
 *(.debug_loc)
 .debug_loc     0x00000000       0xf0 Keyglove.o
 .debug_loc     0x000000f0      0x200 Descriptors.o
 .debug_loc     0x000002f0       0x7f LUFA/Drivers/USB/Core/AVR8/Endpoint_AVR8.o
 .debug_loc     0x0000036f       0x13 LUFA/Drivers/USB/Core/AVR8/USBController_AVR8.o
 .debug_loc     0x00000382      0x2c7 LUFA/Drivers/USB/Core/ConfigDescriptor.o
 .debug_loc     0x00000649      0x224 LUFA/Drivers/USB/Core/DeviceStandardReq.o
 .debug_loc     0x0000086d     0x182a LUFA/Drivers/USB/Core/EndpointStream.o
 .debug_loc     0x00002097      0x477 LUFA/Drivers/USB/Class/Common/HIDParser.o

.debug_macinfo
 *(.debug_macinfo)
OUTPUT(Keyglove.elf elf32-avr)
LOAD linker stubs

.debug_ranges   0x00000000      0x368
 .debug_ranges  0x00000000       0x68 Keyglove.o
 .debug_ranges  0x00000068       0x18 Descriptors.o
 .debug_ranges  0x00000080       0x18 LUFA/Drivers/USB/Core/AVR8/Device_AVR8.o
 .debug_ranges  0x00000098       0x30 LUFA/Drivers/USB/Core/AVR8/Endpoint_AVR8.o
 .debug_ranges  0x000000c8       0x28 LUFA/Drivers/USB/Core/AVR8/USBController_AVR8.o
 .debug_ranges  0x000000f0       0x28 LUFA/Drivers/USB/Core/AVR8/USBInterrupt_AVR8.o
 .debug_ranges  0x00000118       0x30 LUFA/Drivers/USB/Core/ConfigDescriptor.o
 .debug_ranges  0x00000148       0x78 LUFA/Drivers/USB/Core/DeviceStandardReq.o
 .debug_ranges  0x000001c0       0x18 LUFA/Drivers/USB/Core/Events.o
 .debug_ranges  0x000001d8       0xc0 LUFA/Drivers/USB/Core/EndpointStream.o
 .debug_ranges  0x00000298       0x30 LUFA/Drivers/USB/Core/USBTask.o
 .debug_ranges  0x000002c8       0xa0 LUFA/Drivers/USB/Class/Common/HIDParser.o

Cross Reference Table

Symbol                                            File
CALLBACK_HIDParser_FilterHIDReportItem            LUFA/Drivers/USB/Class/Common/HIDParser.o
CALLBACK_USB_GetDescriptor                        Descriptors.o
                                                  LUFA/Drivers/USB/Core/DeviceStandardReq.o
CDC_Task                                          Keyglove.o
ConfigurationDescriptor                           Descriptors.o
DeviceDescriptor                                  Descriptors.o
EVENT_USB_Device_ConfigurationChanged             Keyglove.o
                                                  LUFA/Drivers/USB/Core/DeviceStandardReq.o
EVENT_USB_Device_Connect                          Keyglove.o
                                                  LUFA/Drivers/USB/Core/AVR8/USBInterrupt_AVR8.o
EVENT_USB_Device_ControlRequest                   Keyglove.o
                                                  LUFA/Drivers/USB/Core/DeviceStandardReq.o
EVENT_USB_Device_Disconnect                       Keyglove.o
                                                  LUFA/Drivers/USB/Core/AVR8/USBInterrupt_AVR8.o
EVENT_USB_Device_Reset                            LUFA/Drivers/USB/Core/Events.o
                                                  LUFA/Drivers/USB/Core/AVR8/USBInterrupt_AVR8.o
EVENT_USB_Device_StartOfFrame                     LUFA/Drivers/USB/Core/Events.o
                                                  LUFA/Drivers/USB/Core/AVR8/USBInterrupt_AVR8.o
EVENT_USB_Device_Suspend                          LUFA/Drivers/USB/Core/Events.o
                                                  LUFA/Drivers/USB/Core/AVR8/USBInterrupt_AVR8.o
EVENT_USB_Device_WakeUp                           LUFA/Drivers/USB/Core/Events.o
                                                  LUFA/Drivers/USB/Core/AVR8/USBInterrupt_AVR8.o
Endpoint_ClearEndpoints                           LUFA/Drivers/USB/Core/AVR8/Endpoint_AVR8.o
Endpoint_ClearStatusStage                         LUFA/Drivers/USB/Core/AVR8/Endpoint_AVR8.o
                                                  LUFA/Drivers/USB/Core/DeviceStandardReq.o
                                                  Keyglove.o
Endpoint_ConfigureEndpoint_Prv                    LUFA/Drivers/USB/Core/AVR8/Endpoint_AVR8.o
                                                  LUFA/Drivers/USB/Core/AVR8/USBInterrupt_AVR8.o
                                                  LUFA/Drivers/USB/Core/AVR8/USBController_AVR8.o
                                                  Keyglove.o
Endpoint_Discard_Stream                           LUFA/Drivers/USB/Core/EndpointStream.o
Endpoint_Null_Stream                              LUFA/Drivers/USB/Core/EndpointStream.o
Endpoint_Read_Control_EStream_BE                  LUFA/Drivers/USB/Core/EndpointStream.o
Endpoint_Read_Control_EStream_LE                  LUFA/Drivers/USB/Core/EndpointStream.o
Endpoint_Read_Control_Stream_BE                   LUFA/Drivers/USB/Core/EndpointStream.o
Endpoint_Read_Control_Stream_LE                   LUFA/Drivers/USB/Core/EndpointStream.o
                                                  Keyglove.o
Endpoint_Read_EStream_BE                          LUFA/Drivers/USB/Core/EndpointStream.o
Endpoint_Read_EStream_LE                          LUFA/Drivers/USB/Core/EndpointStream.o
Endpoint_Read_Stream_BE                           LUFA/Drivers/USB/Core/EndpointStream.o
Endpoint_Read_Stream_LE                           LUFA/Drivers/USB/Core/EndpointStream.o
Endpoint_WaitUntilReady                           LUFA/Drivers/USB/Core/AVR8/Endpoint_AVR8.o
                                                  LUFA/Drivers/USB/Core/EndpointStream.o
                                                  Keyglove.o
Endpoint_Write_Control_EStream_BE                 LUFA/Drivers/USB/Core/EndpointStream.o
Endpoint_Write_Control_EStream_LE                 LUFA/Drivers/USB/Core/EndpointStream.o
Endpoint_Write_Control_PStream_BE                 LUFA/Drivers/USB/Core/EndpointStream.o
Endpoint_Write_Control_PStream_LE                 LUFA/Drivers/USB/Core/EndpointStream.o
                                                  LUFA/Drivers/USB/Core/DeviceStandardReq.o
Endpoint_Write_Control_Stream_BE                  LUFA/Drivers/USB/Core/EndpointStream.o
Endpoint_Write_Control_Stream_LE                  LUFA/Drivers/USB/Core/EndpointStream.o
                                                  LUFA/Drivers/USB/Core/DeviceStandardReq.o
                                                  Keyglove.o
Endpoint_Write_EStream_BE                         LUFA/Drivers/USB/Core/EndpointStream.o
Endpoint_Write_EStream_LE                         LUFA/Drivers/USB/Core/EndpointStream.o
Endpoint_Write_PStream_BE                         LUFA/Drivers/USB/Core/EndpointStream.o
Endpoint_Write_PStream_LE                         LUFA/Drivers/USB/Core/EndpointStream.o
Endpoint_Write_Stream_BE                          LUFA/Drivers/USB/Core/EndpointStream.o
Endpoint_Write_Stream_LE                          LUFA/Drivers/USB/Core/EndpointStream.o
                                                  Keyglove.o
JoystickReport                                    Descriptors.o
Joystick_HID_Task                                 Keyglove.o
KeyboardReport                                    Descriptors.o
Keyboard_HID_Task                                 Keyglove.o
Keyboard_ProcessLEDReport                         Keyglove.o
LanguageString                                    Descriptors.o
ManufacturerString                                Descriptors.o
MouseReport                                       Descriptors.o
Mouse_HID_Task                                    Keyglove.o
ProductString                                     Descriptors.o
SetupHardware                                     Keyglove.o
USB_ConfigurationNumber                           LUFA/Drivers/USB/Core/DeviceStandardReq.o
                                                  LUFA/Drivers/USB/Core/AVR8/USBInterrupt_AVR8.o
                                                  LUFA/Drivers/USB/Core/AVR8/USBController_AVR8.o
USB_ControlRequest                                LUFA/Drivers/USB/Core/USBTask.o
                                                  LUFA/Drivers/USB/Core/EndpointStream.o
                                                  LUFA/Drivers/USB/Core/DeviceStandardReq.o
                                                  LUFA/Drivers/USB/Core/AVR8/Endpoint_AVR8.o
                                                  Keyglove.o
USB_CurrentlySelfPowered                          LUFA/Drivers/USB/Core/DeviceStandardReq.o
                                                  LUFA/Drivers/USB/Core/AVR8/USBController_AVR8.o
USB_DeviceState                                   LUFA/Drivers/USB/Core/USBTask.o
                                                  LUFA/Drivers/USB/Core/EndpointStream.o
                                                  LUFA/Drivers/USB/Core/DeviceStandardReq.o
                                                  LUFA/Drivers/USB/Core/AVR8/USBInterrupt_AVR8.o
                                                  LUFA/Drivers/USB/Core/AVR8/USBController_AVR8.o
                                                  LUFA/Drivers/USB/Core/AVR8/Endpoint_AVR8.o
                                                  Keyglove.o
USB_Device_ProcessControlRequest                  LUFA/Drivers/USB/Core/DeviceStandardReq.o
                                                  LUFA/Drivers/USB/Core/USBTask.o
USB_Device_SendRemoteWakeup                       LUFA/Drivers/USB/Core/AVR8/Device_AVR8.o
USB_Disable                                       LUFA/Drivers/USB/Core/AVR8/USBController_AVR8.o
USB_Event_Stub                                    LUFA/Drivers/USB/Core/Events.o
USB_GetHIDReportItemInfo                          LUFA/Drivers/USB/Class/Common/HIDParser.o
USB_GetHIDReportSize                              LUFA/Drivers/USB/Class/Common/HIDParser.o
USB_GetNextDescriptorComp                         LUFA/Drivers/USB/Core/ConfigDescriptor.o
USB_GetNextDescriptorOfType                       LUFA/Drivers/USB/Core/ConfigDescriptor.o
USB_GetNextDescriptorOfTypeAfter                  LUFA/Drivers/USB/Core/ConfigDescriptor.o
USB_GetNextDescriptorOfTypeBefore                 LUFA/Drivers/USB/Core/ConfigDescriptor.o
USB_INT_ClearAllInterrupts                        LUFA/Drivers/USB/Core/AVR8/USBInterrupt_AVR8.o
                                                  LUFA/Drivers/USB/Core/AVR8/USBController_AVR8.o
USB_INT_DisableAllInterrupts                      LUFA/Drivers/USB/Core/AVR8/USBInterrupt_AVR8.o
                                                  LUFA/Drivers/USB/Core/AVR8/USBController_AVR8.o
USB_Init                                          LUFA/Drivers/USB/Core/AVR8/USBController_AVR8.o
                                                  Keyglove.o
USB_IsInitialized                                 LUFA/Drivers/USB/Core/USBTask.o
                                                  LUFA/Drivers/USB/Core/AVR8/USBController_AVR8.o
USB_ProcessHIDReport                              LUFA/Drivers/USB/Class/Common/HIDParser.o
USB_RemoteWakeupEnabled                           LUFA/Drivers/USB/Core/DeviceStandardReq.o
                                                  LUFA/Drivers/USB/Core/AVR8/USBController_AVR8.o
USB_ResetInterface                                LUFA/Drivers/USB/Core/AVR8/USBController_AVR8.o
USB_SetHIDReportItemInfo                          LUFA/Drivers/USB/Class/Common/HIDParser.o
USB_USBTask                                       LUFA/Drivers/USB/Core/USBTask.o
                                                  LUFA/Drivers/USB/Core/EndpointStream.o
                                                  Keyglove.o
__bad_interrupt                                   c:/winavr-20100110/bin/../lib/gcc/avr/4.3.3/../../../../avr/lib/avr51/crtusb1287.o
__bss_end                                         c:/winavr-20100110/bin/../lib/gcc/avr/4.3.3/avr51\libgcc.a(_clear_bss.o)
__bss_start                                       c:/winavr-20100110/bin/../lib/gcc/avr/4.3.3/avr51\libgcc.a(_clear_bss.o)
__data_end                                        c:/winavr-20100110/bin/../lib/gcc/avr/4.3.3/../../../../avr/lib/avr51/crtusb1287.o
__data_load_start                                 c:/winavr-20100110/bin/../lib/gcc/avr/4.3.3/../../../../avr/lib/avr51/crtusb1287.o
__data_start                                      c:/winavr-20100110/bin/../lib/gcc/avr/4.3.3/../../../../avr/lib/avr51/crtusb1287.o
__do_clear_bss                                    c:/winavr-20100110/bin/../lib/gcc/avr/4.3.3/avr51\libgcc.a(_clear_bss.o)
                                                  LUFA/Drivers/USB/Core/USBTask.o
                                                  LUFA/Drivers/USB/Core/DeviceStandardReq.o
                                                  Keyglove.o
__do_copy_data                                    c:/winavr-20100110/bin/../lib/gcc/avr/4.3.3/../../../../avr/lib/avr51/crtusb1287.o
                                                  Keyglove.o
__eerd_byte_usb1287                               c:/winavr-20100110/bin/../lib/gcc/avr/4.3.3/../../../../avr/lib/avr51\libc.a(eerd_byte_at90usb1287.o)
                                                  LUFA/Drivers/USB/Core/EndpointStream.o
__eeupd_byte_usb1287                              c:/winavr-20100110/bin/../lib/gcc/avr/4.3.3/../../../../avr/lib/avr51\libc.a(eeupd_byte_at90usb1287.o)
                                                  LUFA/Drivers/USB/Core/EndpointStream.o
__eeupd_r18_usb1287                               c:/winavr-20100110/bin/../lib/gcc/avr/4.3.3/../../../../avr/lib/avr51\libc.a(eeupd_byte_at90usb1287.o)
__heap_end                                        c:/winavr-20100110/bin/../lib/gcc/avr/4.3.3/../../../../avr/lib/avr51/crtusb1287.o
__init                                            c:/winavr-20100110/bin/../lib/gcc/avr/4.3.3/../../../../avr/lib/avr51/crtusb1287.o
__stack                                           c:/winavr-20100110/bin/../lib/gcc/avr/4.3.3/../../../../avr/lib/avr51/crtusb1287.o
__vector_1                                        c:/winavr-20100110/bin/../lib/gcc/avr/4.3.3/../../../../avr/lib/avr51/crtusb1287.o
__vector_10                                       LUFA/Drivers/USB/Core/AVR8/USBInterrupt_AVR8.o
                                                  c:/winavr-20100110/bin/../lib/gcc/avr/4.3.3/../../../../avr/lib/avr51/crtusb1287.o
__vector_11                                       c:/winavr-20100110/bin/../lib/gcc/avr/4.3.3/../../../../avr/lib/avr51/crtusb1287.o
__vector_12                                       c:/winavr-20100110/bin/../lib/gcc/avr/4.3.3/../../../../avr/lib/avr51/crtusb1287.o
__vector_13                                       c:/winavr-20100110/bin/../lib/gcc/avr/4.3.3/../../../../avr/lib/avr51/crtusb1287.o
__vector_14                                       c:/winavr-20100110/bin/../lib/gcc/avr/4.3.3/../../../../avr/lib/avr51/crtusb1287.o
__vector_15                                       c:/winavr-20100110/bin/../lib/gcc/avr/4.3.3/../../../../avr/lib/avr51/crtusb1287.o
__vector_16                                       c:/winavr-20100110/bin/../lib/gcc/avr/4.3.3/../../../../avr/lib/avr51/crtusb1287.o
__vector_17                                       c:/winavr-20100110/bin/../lib/gcc/avr/4.3.3/../../../../avr/lib/avr51/crtusb1287.o
__vector_18                                       c:/winavr-20100110/bin/../lib/gcc/avr/4.3.3/../../../../avr/lib/avr51/crtusb1287.o
__vector_19                                       c:/winavr-20100110/bin/../lib/gcc/avr/4.3.3/../../../../avr/lib/avr51/crtusb1287.o
__vector_2                                        c:/winavr-20100110/bin/../lib/gcc/avr/4.3.3/../../../../avr/lib/avr51/crtusb1287.o
__vector_20                                       c:/winavr-20100110/bin/../lib/gcc/avr/4.3.3/../../../../avr/lib/avr51/crtusb1287.o
__vector_21                                       c:/winavr-20100110/bin/../lib/gcc/avr/4.3.3/../../../../avr/lib/avr51/crtusb1287.o
__vector_22                                       c:/winavr-20100110/bin/../lib/gcc/avr/4.3.3/../../../../avr/lib/avr51/crtusb1287.o
__vector_23                                       c:/winavr-20100110/bin/../lib/gcc/avr/4.3.3/../../../../avr/lib/avr51/crtusb1287.o
__vector_24                                       c:/winavr-20100110/bin/../lib/gcc/avr/4.3.3/../../../../avr/lib/avr51/crtusb1287.o
__vector_25                                       c:/winavr-20100110/bin/../lib/gcc/avr/4.3.3/../../../../avr/lib/avr51/crtusb1287.o
__vector_26                                       c:/winavr-20100110/bin/../lib/gcc/avr/4.3.3/../../../../avr/lib/avr51/crtusb1287.o
__vector_27                                       c:/winavr-20100110/bin/../lib/gcc/avr/4.3.3/../../../../avr/lib/avr51/crtusb1287.o
__vector_28                                       c:/winavr-20100110/bin/../lib/gcc/avr/4.3.3/../../../../avr/lib/avr51/crtusb1287.o
__vector_29                                       c:/winavr-20100110/bin/../lib/gcc/avr/4.3.3/../../../../avr/lib/avr51/crtusb1287.o
__vector_3                                        c:/winavr-20100110/bin/../lib/gcc/avr/4.3.3/../../../../avr/lib/avr51/crtusb1287.o
__vector_30                                       c:/winavr-20100110/bin/../lib/gcc/avr/4.3.3/../../../../avr/lib/avr51/crtusb1287.o
__vector_31                                       c:/winavr-20100110/bin/../lib/gcc/avr/4.3.3/../../../../avr/lib/avr51/crtusb1287.o
__vector_32                                       c:/winavr-20100110/bin/../lib/gcc/avr/4.3.3/../../../../avr/lib/avr51/crtusb1287.o
__vector_33                                       c:/winavr-20100110/bin/../lib/gcc/avr/4.3.3/../../../../avr/lib/avr51/crtusb1287.o
__vector_34                                       c:/winavr-20100110/bin/../lib/gcc/avr/4.3.3/../../../../avr/lib/avr51/crtusb1287.o
__vector_35                                       c:/winavr-20100110/bin/../lib/gcc/avr/4.3.3/../../../../avr/lib/avr51/crtusb1287.o
__vector_36                                       c:/winavr-20100110/bin/../lib/gcc/avr/4.3.3/../../../../avr/lib/avr51/crtusb1287.o
__vector_37                                       c:/winavr-20100110/bin/../lib/gcc/avr/4.3.3/../../../../avr/lib/avr51/crtusb1287.o
__vector_4                                        c:/winavr-20100110/bin/../lib/gcc/avr/4.3.3/../../../../avr/lib/avr51/crtusb1287.o
__vector_5                                        c:/winavr-20100110/bin/../lib/gcc/avr/4.3.3/../../../../avr/lib/avr51/crtusb1287.o
__vector_6                                        c:/winavr-20100110/bin/../lib/gcc/avr/4.3.3/../../../../avr/lib/avr51/crtusb1287.o
__vector_7                                        c:/winavr-20100110/bin/../lib/gcc/avr/4.3.3/../../../../avr/lib/avr51/crtusb1287.o
__vector_8                                        c:/winavr-20100110/bin/../lib/gcc/avr/4.3.3/../../../../avr/lib/avr51/crtusb1287.o
__vector_9                                        c:/winavr-20100110/bin/../lib/gcc/avr/4.3.3/../../../../avr/lib/avr51/crtusb1287.o
__vector_default                                  c:/winavr-20100110/bin/../lib/gcc/avr/4.3.3/../../../../avr/lib/avr51/crtusb1287.o
__vectors                                         c:/winavr-20100110/bin/../lib/gcc/avr/4.3.3/../../../../avr/lib/avr51/crtusb1287.o
_exit                                             c:/winavr-20100110/bin/../lib/gcc/avr/4.3.3/avr51\libgcc.a(_exit.o)
exit                                              c:/winavr-20100110/bin/../lib/gcc/avr/4.3.3/avr51\libgcc.a(_exit.o)
                                                  c:/winavr-20100110/bin/../lib/gcc/avr/4.3.3/../../../../avr/lib/avr51/crtusb1287.o
main                                              Keyglove.o
                                                  c:/winavr-20100110/bin/../lib/gcc/avr/4.3.3/../../../../avr/lib/avr51/crtusb1287.o
memset                                            c:/winavr-20100110/bin/../lib/gcc/avr/4.3.3/../../../../avr/lib/avr51\libc.a(memset.o)
                                                  Keyglove.o
