Archive member included because of file (symbol)

c:/winavr-20100110/bin/../lib/gcc/avr/4.3.3/../../../../avr/lib/avr51\libm.a(addsf3.o)
                              Keyglove.o (__subsf3)
c:/winavr-20100110/bin/../lib/gcc/avr/4.3.3/../../../../avr/lib/avr51\libm.a(addsf3x.o)
                              c:/winavr-20100110/bin/../lib/gcc/avr/4.3.3/../../../../avr/lib/avr51\libm.a(addsf3.o) (__addsf3x)
c:/winavr-20100110/bin/../lib/gcc/avr/4.3.3/../../../../avr/lib/avr51\libm.a(atan.o)
                              Keyglove.o (atan)
c:/winavr-20100110/bin/../lib/gcc/avr/4.3.3/../../../../avr/lib/avr51\libm.a(divsf3.o)
                              Keyglove.o (__divsf3)
c:/winavr-20100110/bin/../lib/gcc/avr/4.3.3/../../../../avr/lib/avr51\libm.a(divsf3x.o)
                              c:/winavr-20100110/bin/../lib/gcc/avr/4.3.3/../../../../avr/lib/avr51\libm.a(divsf3.o) (__divsf3x)
c:/winavr-20100110/bin/../lib/gcc/avr/4.3.3/../../../../avr/lib/avr51\libm.a(fixsfsi.o)
                              Keyglove.o (__fixsfsi)
c:/winavr-20100110/bin/../lib/gcc/avr/4.3.3/../../../../avr/lib/avr51\libm.a(fixunssfsi.o)
                              ArduinoWrapper.o (__fixunssfsi)
c:/winavr-20100110/bin/../lib/gcc/avr/4.3.3/../../../../avr/lib/avr51\libm.a(floatsisf.o)
                              ../keyglove/ITG3200.o (__floatunsisf)
c:/winavr-20100110/bin/../lib/gcc/avr/4.3.3/../../../../avr/lib/avr51\libm.a(fp_inf.o)
                              c:/winavr-20100110/bin/../lib/gcc/avr/4.3.3/../../../../avr/lib/avr51\libm.a(addsf3x.o) (__fp_inf)
c:/winavr-20100110/bin/../lib/gcc/avr/4.3.3/../../../../avr/lib/avr51\libm.a(fp_nan.o)
                              c:/winavr-20100110/bin/../lib/gcc/avr/4.3.3/../../../../avr/lib/avr51\libm.a(addsf3x.o) (__fp_nan)
c:/winavr-20100110/bin/../lib/gcc/avr/4.3.3/../../../../avr/lib/avr51\libm.a(fp_powser.o)
                              c:/winavr-20100110/bin/../lib/gcc/avr/4.3.3/../../../../avr/lib/avr51\libm.a(atan.o) (__fp_powser)
c:/winavr-20100110/bin/../lib/gcc/avr/4.3.3/../../../../avr/lib/avr51\libm.a(fp_pscA.o)
                              c:/winavr-20100110/bin/../lib/gcc/avr/4.3.3/../../../../avr/lib/avr51\libm.a(addsf3x.o) (__fp_pscA)
c:/winavr-20100110/bin/../lib/gcc/avr/4.3.3/../../../../avr/lib/avr51\libm.a(fp_pscB.o)
                              c:/winavr-20100110/bin/../lib/gcc/avr/4.3.3/../../../../avr/lib/avr51\libm.a(addsf3x.o) (__fp_pscB)
c:/winavr-20100110/bin/../lib/gcc/avr/4.3.3/../../../../avr/lib/avr51\libm.a(fp_round.o)
                              c:/winavr-20100110/bin/../lib/gcc/avr/4.3.3/../../../../avr/lib/avr51\libm.a(addsf3.o) (__fp_round)
c:/winavr-20100110/bin/../lib/gcc/avr/4.3.3/../../../../avr/lib/avr51\libm.a(fp_split3.o)
                              c:/winavr-20100110/bin/../lib/gcc/avr/4.3.3/../../../../avr/lib/avr51\libm.a(addsf3x.o) (__fp_split3)
c:/winavr-20100110/bin/../lib/gcc/avr/4.3.3/../../../../avr/lib/avr51\libm.a(fp_zero.o)
                              c:/winavr-20100110/bin/../lib/gcc/avr/4.3.3/../../../../avr/lib/avr51\libm.a(addsf3x.o) (__fp_zero)
c:/winavr-20100110/bin/../lib/gcc/avr/4.3.3/../../../../avr/lib/avr51\libm.a(inverse.o)
                              c:/winavr-20100110/bin/../lib/gcc/avr/4.3.3/../../../../avr/lib/avr51\libm.a(atan.o) (inverse)
c:/winavr-20100110/bin/../lib/gcc/avr/4.3.3/../../../../avr/lib/avr51\libm.a(mulsf3.o)
                              Keyglove.o (__mulsf3)
c:/winavr-20100110/bin/../lib/gcc/avr/4.3.3/../../../../avr/lib/avr51\libm.a(mulsf3x.o)
                              c:/winavr-20100110/bin/../lib/gcc/avr/4.3.3/../../../../avr/lib/avr51\libm.a(atan.o) (__mulsf3x)
c:/winavr-20100110/bin/../lib/gcc/avr/4.3.3/../../../../avr/lib/avr51\libm.a(pow.o)
                              ../keyglove/Adxl345.o (pow)
c:/winavr-20100110/bin/../lib/gcc/avr/4.3.3/../../../../avr/lib/avr51\libm.a(sqrt.o)
                              Keyglove.o (sqrt)
c:/winavr-20100110/bin/../lib/gcc/avr/4.3.3/../../../../avr/lib/avr51\libm.a(square.o)
                              c:/winavr-20100110/bin/../lib/gcc/avr/4.3.3/../../../../avr/lib/avr51\libm.a(atan.o) (square)
c:/winavr-20100110/bin/../lib/gcc/avr/4.3.3/../../../../avr/lib/avr51\libm.a(exp.o)
                              c:/winavr-20100110/bin/../lib/gcc/avr/4.3.3/../../../../avr/lib/avr51\libm.a(pow.o) (exp)
c:/winavr-20100110/bin/../lib/gcc/avr/4.3.3/../../../../avr/lib/avr51\libm.a(fp_mpack.o)
                              c:/winavr-20100110/bin/../lib/gcc/avr/4.3.3/../../../../avr/lib/avr51\libm.a(sqrt.o) (__fp_mpack)
c:/winavr-20100110/bin/../lib/gcc/avr/4.3.3/../../../../avr/lib/avr51\libm.a(fp_norm2.o)
                              c:/winavr-20100110/bin/../lib/gcc/avr/4.3.3/../../../../avr/lib/avr51\libm.a(sqrt.o) (__fp_norm2)
c:/winavr-20100110/bin/../lib/gcc/avr/4.3.3/../../../../avr/lib/avr51\libm.a(ldexp.o)
                              c:/winavr-20100110/bin/../lib/gcc/avr/4.3.3/../../../../avr/lib/avr51\libm.a(exp.o) (ldexp)
[...]
Memory Configuration

Name             Origin             Length             Attributes
text             0x00000000         0x00020000         xr
data             0x00800060         0x0000ffa0         rw !x
eeprom           0x00810000         0x00010000         rw !x
fuse             0x00820000         0x00000400         rw !x
lock             0x00830000         0x00000400         rw !x
signature        0x00840000         0x00000400         rw !x
*default*        0x00000000         0xffffffff

Linker script and memory map

Address of section .data set to 0x800100
LOAD c:/winavr-20100110/bin/../lib/gcc/avr/4.3.3/../../../../avr/lib/avr51/crtusb1287.o
LOAD wiring/wiring.o
LOAD wiring/wiring_analog.o
LOAD wiring/wiring_digital.o
LOAD wiring/wiring_pulse.o
LOAD wiring/wiring_shift.o
LOAD wiring/pins_arduino.o
LOAD Descriptors.o
LOAD LUFA/Drivers/USB/Core/AVR8/Device_AVR8.o
LOAD LUFA/Drivers/USB/Core/AVR8/Endpoint_AVR8.o
LOAD LUFA/Drivers/USB/Core/AVR8/Host_AVR8.o
LOAD LUFA/Drivers/USB/Core/AVR8/Pipe_AVR8.o
LOAD LUFA/Drivers/USB/Core/AVR8/USBController_AVR8.o
LOAD LUFA/Drivers/USB/Core/AVR8/USBInterrupt_AVR8.o
LOAD LUFA/Drivers/USB/Core/AVR8/EndpointStream_AVR8.o
LOAD LUFA/Drivers/USB/Core/AVR8/PipeStream_AVR8.o
LOAD LUFA/Drivers/USB/Core/ConfigDescriptor.o
LOAD LUFA/Drivers/USB/Core/DeviceStandardReq.o
LOAD LUFA/Drivers/USB/Core/Events.o
LOAD LUFA/Drivers/USB/Core/HostStandardReq.o
LOAD LUFA/Drivers/USB/Core/USBTask.o
LOAD LUFA/Drivers/USB/Class/Common/HIDParser.o
LOAD Keyglove.o
LOAD wiring/Tone.o
LOAD ArduinoWrapper.o
LOAD ../keyglove/Adxl345.o
LOAD ../keyglove/ITG3200.o
LOAD ../keyglove/iwrap.o
LOAD ../keyglove/logitech.o
LOAD ../keyglove/ps2dev.o
LOAD ../keyglove/ps2keyboard.o
LOAD ../keyglove/ps2mouse.o
LOAD c:/winavr-20100110/bin/../lib/gcc/avr/4.3.3/../../../../avr/lib/avr51\libm.a
LOAD c:/winavr-20100110/bin/../lib/gcc/avr/4.3.3/avr51\libgcc.a
LOAD c:/winavr-20100110/bin/../lib/gcc/avr/4.3.3/../../../../avr/lib/avr51\libc.a
LOAD c:/winavr-20100110/bin/../lib/gcc/avr/4.3.3/avr51\libgcc.a

.hash
 *(.hash)

.dynsym
 *(.dynsym)

.dynstr
 *(.dynstr)

.gnu.version
 *(.gnu.version)

.gnu.version_d
 *(.gnu.version_d)

.gnu.version_r
 *(.gnu.version_r)

.rel.init
 *(.rel.init)

.rela.init
 *(.rela.init)

.rel.text
 *(.rel.text)
 *(.rel.text.*)
 *(.rel.gnu.linkonce.t*)

.rela.text
 *(.rela.text)
 *(.rela.text.*)
 *(.rela.gnu.linkonce.t*)

.rel.fini
 *(.rel.fini)

.rela.fini
 *(.rela.fini)

.rel.rodata
 *(.rel.rodata)
 *(.rel.rodata.*)
 *(.rel.gnu.linkonce.r*)

.rela.rodata
 *(.rela.rodata)
 *(.rela.rodata.*)
 *(.rela.gnu.linkonce.r*)

.rel.data
 *(.rel.data)
 *(.rel.data.*)
 *(.rel.gnu.linkonce.d*)

.rela.data
 *(.rela.data)
 *(.rela.data.*)
 *(.rela.gnu.linkonce.d*)

.rel.ctors
 *(.rel.ctors)

.rela.ctors
 *(.rela.ctors)

.rel.dtors
 *(.rel.dtors)

.rela.dtors
 *(.rela.dtors)

.rel.got
 *(.rel.got)

.rela.got
 *(.rela.got)

.rel.bss
 *(.rel.bss)

.rela.bss
 *(.rela.bss)

.rel.plt
 *(.rel.plt)

.rela.plt
 *(.rela.plt)

.text           0x00000000     0x88d4
 *(.vectors)
 .vectors       0x00000000       0x98 c:/winavr-20100110/bin/../lib/gcc/avr/4.3.3/../../../../avr/lib/avr51/crtusb1287.o
                0x00000000                __vectors
                0x00000000                __vector_default
 *(.vectors)
 *(.progmem.gcc*)
 .progmem.gcc_fplib
                0x00000098       0x2d c:/winavr-20100110/bin/../lib/gcc/avr/4.3.3/../../../../avr/lib/avr51\libm.a(atan.o)
 .progmem.gcc_fplib
                0x000000c5       0x28 c:/winavr-20100110/bin/../lib/gcc/avr/4.3.3/../../../../avr/lib/avr51\libm.a(exp.o)
 .progmem.gcc_fplib
                0x000000ed       0x5a c:/winavr-20100110/bin/../lib/gcc/avr/4.3.3/../../../../avr/lib/avr51\libm.a(log.o)
 *(.progmem*)
 .progmem.data  0x00000147       0x5a wiring/pins_arduino.o
                0x00000147                port_to_mode_PGM
                0x00000165                digital_pin_to_port_PGM
                0x00000179                digital_pin_to_bit_mask_PGM
                0x00000151                port_to_output_PGM
                0x0000015b                port_to_input_PGM
                0x0000018d                digital_pin_to_timer_PGM
 .progmem.data  0x000001a1      0x1d1 Descriptors.o
                0x000002ce                ManufacturerString
                0x00000344                ProductStringHID
                0x000001a1                HIDReport
                0x000002ca                LanguageString
                0x00000318                ProductStringSerial
                0x00000252                DeviceDescriptor
                0x000002ea                ProductString
                0x00000264                ConfigurationDescriptor
 .progmem.data  0x00000372        0x1 wiring/Tone.o
                0x00000374                . = ALIGN (0x2)
 *fill*         0x00000373        0x1 00
                0x00000374                __trampolines_start = .
 *(.trampolines)
 .trampolines   0x00000374        0x0 linker stubs
 *(.trampolines*)
                0x00000374                __trampolines_end = .
 *(.jumptables)
 *(.jumptables*)
 *(.lowtext)
 *(.lowtext*)
                0x00000374                __ctors_start = .
 *(.ctors)
 .ctors         0x00000374        0x2 Keyglove.o
                0x00000376                __ctors_end = .
                0x00000376                __dtors_start = .
 *(.dtors)
                0x00000376                __dtors_end = .
 SORT(*)(.ctors)
 SORT(*)(.dtors)
 *(.init0)
 .init0         0x00000376        0x0 c:/winavr-20100110/bin/../lib/gcc/avr/4.3.3/../../../../avr/lib/avr51/crtusb1287.o
                0x00000376                __init
 *(.init0)
 *(.init1)
 *(.init1)
 *(.init2)
 .init2         0x00000376        0xc c:/winavr-20100110/bin/../lib/gcc/avr/4.3.3/../../../../avr/lib/avr51/crtusb1287.o
 *(.init2)
 *(.init3)
 *(.init3)
 *(.init4)
 .init4         0x00000382       0x1a c:/winavr-20100110/bin/../lib/gcc/avr/4.3.3/../../../../avr/lib/avr51/crtusb1287.o
                0x00000382                __do_copy_data
 .init4         0x0000039c       0x10 c:/winavr-20100110/bin/../lib/gcc/avr/4.3.3/avr51\libgcc.a(_clear_bss.o)
                0x0000039c                __do_clear_bss
 *(.init4)
 *(.init5)
 *(.init5)
 *(.init6)
 .init6         0x000003ac       0x16 c:/winavr-20100110/bin/../lib/gcc/avr/4.3.3/avr51\libgcc.a(_ctors.o)
                0x000003ac                __do_global_ctors
 *(.init6)
 *(.init7)
 *(.init7)
 *(.init8)
 *(.init8)
 *(.init9)
 .init9         0x000003c2        0x8 c:/winavr-20100110/bin/../lib/gcc/avr/4.3.3/../../../../avr/lib/avr51/crtusb1287.o
 *(.init9)
 *(.text)
 .text          0x000003ca        0x2 c:/winavr-20100110/bin/../lib/gcc/avr/4.3.3/../../../../avr/lib/avr51/crtusb1287.o
                0x000003ca                __vector_22
                0x000003ca                __vector_28
                0x000003ca                __vector_1
                0x000003ca                __vector_32
                0x000003ca                __vector_34
                0x000003ca                __vector_24
                0x000003ca                __vector_12
                0x000003ca                __bad_interrupt
                0x000003ca                __vector_6
                0x000003ca                __vector_31
                0x000003ca                __vector_35
                0x000003ca                __vector_3
                0x000003ca                __vector_30
                0x000003ca                __vector_25
                0x000003ca                __vector_11
                0x000003ca                __vector_17
                0x000003ca                __vector_19
                0x000003ca                __vector_7
                0x000003ca                __vector_27
                0x000003ca                __vector_5
                0x000003ca                __vector_33
                0x000003ca                __vector_37
                0x000003ca                __vector_4
                0x000003ca                __vector_9
                0x000003ca                __vector_2
                0x000003ca                __vector_21
                0x000003ca                __vector_15
                0x000003ca                __vector_36
                0x000003ca                __vector_29
                0x000003ca                __vector_8
                0x000003ca                __vector_26
                0x000003ca                __vector_14
                0x000003ca                __vector_16
                0x000003ca                __vector_18
                0x000003ca                __vector_20
 .text          0x000003cc     0x4b8a Keyglove.o
                0x0000138e                keypress(int)
                0x000006ba                EVENT_USB_Device_ConfigurationChanged
                0x00002f62                loop
                0x000007d2                tricolor(unsigned char, unsigned char, unsigned char)
                0x00000412                ProcessHIDReport
                0x00001174                modifierpress(int)
                0x000013cc                mouseup(int)
                0x000003fe                EVENT_USB_Device_Connect
                0x00000cf2                popmode()
                0x00000e36                setmode(int)
                0x00000b70                modifierup(int)
                0x000011b2                togglemodifier(int)
                0x000004b4                CDC_Task
                0x00004f18                mouseclick(int)
                0x00000408                EVENT_USB_Device_Disconnect
                0x000003cc                modeCheck(int, int)
                0x00000a02                redled(int, int)
                0x00000aa2                beep(int, int, int)
                0x00000806                mouseoff(int)
                0x00002c76                mousedown(int)
                0x00004e8e                main
                0x00000da6                togglemode(int)
                0x00000770                SetupHardware
                0x000008bc                blueled(int, int)
                0x00002cc8                check_sensors_touch(unsigned long, unsigned long, int)
                0x0000142a                check_sensors_release(unsigned long, unsigned long, int)
                0x00000ea0                setup
                0x000005da                EVENT_USB_Device_ControlRequest
                0x00000bce                modifierdown(int)
                0x00000c1c                activate_mode(int)
                0x00000872                vibrate(int, int)
                0x00000960                greenled(int, int)
                0x00000bc2                deactivate_mode(int)
                0x0000083a                mouseon(int)
                0x000011f0                keyup(int)
                0x0000043e                HID_Task
                0x000012be                keydown(int)
                0x00000414                Keyboard_ProcessLEDReport(unsigned char)
                0x00000d5a                pushmode(int)
 .text          0x00004f56      0x5fe wiring/Tone.o
                0x00004fa2                noTone(unsigned char)
                0x0000508a                tone(unsigned char, unsigned int, unsigned long)
                0x00004f56                disableTimer(unsigned char)
                0x00004fcc                __vector_13
 .text          0x00005554      0x834 ArduinoWrapper.o
                0x000055f0                WireI2C::receive()
                0x0000559c                HardwareSerial::print(unsigned long)
                0x00005cf8                USBVirtualSerial::print(double)
                0x000055ee                WireI2C::send(unsigned char)
                0x000055be                USBKeyboard::set_modifier(unsigned char)
                0x00005cfc                USBVirtualSerial::print(unsigned long, unsigned char)
                0x00005ad4                USBKeyboard::send_now()
                0x000055c4                USBKeyboard::set_key1(unsigned char)
                0x000055fa                digitalRead
                0x00005c02                USBVirtualSerial::println(unsigned long, unsigned char)
                0x000055f6                WireI2C::available()
                0x00005b7e                USBVirtualSerial::print(unsigned char, unsigned char)
                0x00005d20                USBVirtualSerial::print(long, unsigned char)
                0x000055b4                HardwareSerial::println(char const*, int)
                0x00005b8c                USBVirtualSerial::println(char const*)
                0x00005d40                USBVirtualSerial::print(long)
                0x000055ac                HardwareSerial::println(unsigned char)
                0x00005bde                USBVirtualSerial::println(double, unsigned char)
                0x00005c8a                USBVirtualSerial::println(int)
                0x00005b58                USBVirtualSerial::println(unsigned char, unsigned char)
                0x000056b0                digitalWrite
                0x00005594                HardwareSerial::begin(unsigned long)
                0x00005b54                USBMouse::move(unsigned char, unsigned char)
                0x000058c2                pinMode
                0x000055ec                WireI2C::endTransmission()
                0x00005d1c                USBVirtualSerial::print(unsigned long)
                0x00005596                HardwareSerial::print(char const*)
                0x00005b34                USBMouse::move(unsigned char, unsigned char, unsigned char)
                0x000055a2                HardwareSerial::print(unsigned char, int)
                0x000055ca                USBKeyboard::set_key2(unsigned char)
                0x00005c26                USBVirtualSerial::println(long, unsigned char)
                0x000055a6                HardwareSerial::print(unsigned long, int)
                0x0000559a                HardwareSerial::print(int)
                0x000055d6                USBKeyboard::set_key4(unsigned char)
                0x00005b0e                USBMouse::set_buttons(unsigned char, unsigned char, unsigned char)
                0x00005c8e                USBVirtualSerial::print(char const*)
                0x000055ae                HardwareSerial::println(int)
                0x000055aa                HardwareSerial::println(char const*)
                0x00005d66                USBVirtualSerial::print(int, unsigned char)
                0x0000559e                HardwareSerial::print(long double)
                0x00005592                USBVirtualSerial::begin(unsigned long)
                0x00005c6c                USBVirtualSerial::println(int, unsigned char)
                0x00005cd0                USBVirtualSerial::print(double, unsigned char)
                0x00005d62                USBVirtualSerial::print(unsigned int)
                0x000055b0                HardwareSerial::println(unsigned long)
                0x00005c46                USBVirtualSerial::println(long)
                0x000055b2                HardwareSerial::println(long double)
                0x00005cf4                USBVirtualSerial::println(double)
                0x000055b6                HardwareSerial::println(unsigned char, int)
                0x000055a4                HardwareSerial::print(int, int)
                0x00005b88                USBVirtualSerial::print(unsigned char)
                0x000055dc                USBKeyboard::set_key5(unsigned char)
                0x00005c4a                USBVirtualSerial::println(unsigned int, unsigned char)
                0x000055b8                HardwareSerial::println(int, int)
                0x000055a0                HardwareSerial::print(char const*, int)
                0x00005aee                USBMouse::scroll(unsigned char)
                0x00005c68                USBVirtualSerial::println(unsigned int)
                0x000055ba                HardwareSerial::println(unsigned long, int)
                0x000055e8                WireI2C::begin()
                0x000055a8                HardwareSerial::print(long double, int)
                0x000055ea                WireI2C::beginTransmission(int)
                0x000055e2                USBKeyboard::set_key6(unsigned char)
                0x00005598                HardwareSerial::print(unsigned char)
                0x000055d0                USBKeyboard::set_key3(unsigned char)
                0x000055bc                HardwareSerial::println(long double, int)
                0x00005d84                USBVirtualSerial::print(int)
                0x00005d44                USBVirtualSerial::print(unsigned int, unsigned char)
                0x00005b7a                USBVirtualSerial::println(unsigned char)
                0x00005c22                USBVirtualSerial::println(unsigned long)
                0x000055f4                WireI2C::requestFrom(int, int)
 .text          0x00005d88      0x9d4 ../keyglove/Adxl345.o
                0x00006532                Accelerometer::getAxisOffset(int*, int*, int*)
                0x00006074                Accelerometer::getInterruptMapping(unsigned char)
                0x00006094                Accelerometer::isTapSourceOnZ()
                0x00006104                Accelerometer::isInactivityXEnabled()
                0x00006266                Accelerometer::setJustifyBit(bool)
                0x00006084                Accelerometer::isLowPower()
                0x00006234                Accelerometer::setInactivityY(bool)
                0x000060b4                Accelerometer::isActivitySourceOnY()
                0x0000611c                Accelerometer::isActivityXEnabled()
                0x0000606c                Accelerometer::isInterruptEnabled(unsigned char)
                0x00006114                Accelerometer::isActivityYEnabled()
                0x0000623e                Accelerometer::setInactivityX(bool)
                0x00006248                Accelerometer::setActivityZ(bool)
                0x00005e78                Accelerometer::setTapDuration(int)
                0x00005df6                Accelerometer::setTimeInactivity(int)
                0x0000610c                Accelerometer::isActivityZEnabled()
                0x000066a8                Accelerometer::readAccel(int*, int*, int*)
                0x00005f5e                Accelerometer::printAllRegister()
                0x00005e14                Accelerometer::setInactivityThreshold(int)
                0x000060d4                Accelerometer::isTapDetectionOnX()
                0x000060e4                Accelerometer::isInactivityAc()
                0x0000607c                Accelerometer::getInterruptSource(unsigned char)
                0x00005e32                Accelerometer::setActivityThreshold(int)
                0x000063b2                Accelerometer::getFreeFallDuration()
                0x000060dc                Accelerometer::getSuppressBit()
                0x00006144                Accelerometer::getSelfTestBit()
                0x000060f4                Accelerometer::isInactivityZEnabled()
                0x000061f8                Accelerometer::setTapDetectionOnY(bool)
                0x0000666a                Accelerometer::getRangeSetting(unsigned char*)
                0x0000634c                Accelerometer::getRate()
                0x00006220                Accelerometer::setActivityAc(bool)
                0x00006216                Accelerometer::setInactivityAc(bool)
                0x0000609c                Accelerometer::isTapSourceOnY()
                0x000061d8                Accelerometer::setInterruptMapping(unsigned char, bool)
                0x000061ee                Accelerometer::setTapDetectionOnZ(bool)
                0x0000628e                Accelerometer::setSelfTestBit(bool)
                0x00005dd8                Accelerometer::setFreeFallThreshold(int)
                0x000061cc                Accelerometer::setInterrupt(unsigned char, bool)
                0x00006028                Accelerometer::getRegisterBit(unsigned char, int)
                0x00005dba                Accelerometer::setFreeFallDuration(int)
                0x00006472                Accelerometer::getActivityThreshold()
                0x0000613c                Accelerometer::getSpiBit()
                0x000060bc                Accelerometer::isActivitySourceOnX()
                0x00006270                Accelerometer::setFullResBit(bool)
                0x00005ef0                Accelerometer::readFrom(int, unsigned char, int, unsigned char*)
                0x000065c6                Accelerometer::getTapThreshold()
                0x000060fc                Accelerometer::isInactivityYEnabled()
                0x00005e96                Accelerometer::setAxisOffset(int, int, int)
                0x000060ac                Accelerometer::isActivitySourceOnZ()
                0x000060a4                Accelerometer::isTapSourceOnX()
                0x000063e2                Accelerometer::getFreeFallThreshold()
                0x00005e6e                Accelerometer::setDoubleTapLatency(int)
                0x000061e4                Accelerometer::setLowPower(bool)
                0x00005d8a                Accelerometer::Accelerometer()
                0x0000622a                Accelerometer::setInactivityZ(bool)
                0x000060cc                Accelerometer::isTapDetectionOnY()
                0x0000627a                Accelerometer::setInterruptLevelBit(bool)
                0x00006134                Accelerometer::getInterruptLevelBit()
                0x00006442                Accelerometer::getInactivityThreshold()
                0x00005ed2                Accelerometer::setTapThreshold(int)
                0x000062c6                Accelerometer::setRate(float)
                0x000060c4                Accelerometer::isTapDetectionOnZ()
                0x00005d8c                Accelerometer::writeTo(int, unsigned char, unsigned char)
                0x000065f6                Accelerometer::setRangeSetting(int)
                0x0000614c                Accelerometer::setRegisterBit(unsigned char, int, bool)
                0x0000612c                Accelerometer::getFullResBit()
                0x000064d2                Accelerometer::getDoubleTapLatency()
                0x00006412                Accelerometer::getTimeInactivity()
                0x000060ec                Accelerometer::isActivityAc()
                0x00006724                Accelerometer::powerOn()
                0x0000620c                Accelerometer::setSuppressBit(bool)
                0x00006502                Accelerometer::getTapDuration()
                0x00006284                Accelerometer::setSpiBit(bool)
                0x0000608c                Accelerometer::isAsleep()
                0x0000625c                Accelerometer::setActivityX(bool)
                0x00006202                Accelerometer::setTapDetectionOnX(bool)
                0x00006298                Accelerometer::getInterruptSource()
                0x00005d88                Accelerometer::Accelerometer()
                0x00006252                Accelerometer::setActivityY(bool)
                0x00005e50                Accelerometer::setDoubleTapWindow(int)
                0x00006124                Accelerometer::getJustifyBit()
                0x000064a2                Accelerometer::getDoubleTapWindow()
 .text          0x0000675c      0xb68 ../keyglove/ITG3200.o
                0x0000691a                ITG3200::setSampleRateDiv(unsigned char)
                0x0000729e                ITG3200::init(unsigned int)
                0x00006db0                ITG3200::isRawDataReady()
                0x00006f74                ITG3200::isINTOpenDrain()
                0x0000684e                ITG3200::ITG3200()
                0x00006ee6                ITG3200::setLatchMode(bool)
                0x00007096                ITG3200::getSampleRateDiv()
                0x00006c50                ITG3200::readGyro(float*, float*, float*)
                0x00006b4c                ITG3200::isLowPower()
                0x00006762                ITG3200::setScaleFactor(float, float, float, bool)
                0x00006e1e                ITG3200::isRawDataReadyOn()
                0x0000675c                ITG3200::getDevAddr()
                0x00006be2                ITG3200::readGyroRawCal(int*, int*, int*)
                0x00006b16                ITG3200::setPowerMode(bool)
                0x000070c2                ITG3200::zeroCalibrate(unsigned int, unsigned int)
                0x00006fee                ITG3200::setFilterBW(unsigned char)
                0x0000688e                ITG3200::ITG3200()
                0x00006e3c                ITG3200::setITGReady(bool)
                0x00006aaa                ITG3200::isZgyroStandby()
                0x00006a12                ITG3200::setZgyroStandby(bool)
                0x00006b70                ITG3200::readGyroRaw(int*, int*, int*)
                0x00006f98                ITG3200::setINTLogiclvl(bool)
                0x00006e90                ITG3200::setLatchClearMode(bool)
                0x00006f1a                ITG3200::isLatchUntilCleared()
                0x00006a44                ITG3200::setYgyroStandby(bool)
                0x00006a76                ITG3200::setXgyroStandby(bool)
                0x00006dce                ITG3200::isITGReady()
                0x00006f3e                ITG3200::setINTDriveType(bool)
                0x0000693c                ITG3200::readmem(unsigned char, unsigned char, unsigned char*)
                0x00006d24                ITG3200::readGyro(float*)
                0x00006d32                ITG3200::readGyroRawCal(int*)
                0x00006d4e                ITG3200::readTemp(float*)
                0x000070b2                ITG3200::reset()
                0x00006df2                ITG3200::setRawDataReady(bool)
                0x00006af2                ITG3200::isXgyroStandby()
                0x00006d40                ITG3200::readGyroRaw(int*)
                0x0000701a                ITG3200::getFilterBW()
                0x0000724c                ITG3200::init(unsigned int, unsigned char, unsigned char, unsigned char, unsigned char, bool, bool)
                0x000069f4                ITG3200::getClockSource()
                0x00006ace                ITG3200::isYgyroStandby()
                0x00006ec2                ITG3200::isAnyRegClrMode()
                0x00007038                ITG3200::setFSRange(unsigned char)
                0x000068de                ITG3200::writemem(unsigned char, unsigned char)
                0x00006fca                ITG3200::isINTActiveOnLow()
                0x000068ce                ITG3200::setOffsets(int, int, int)
                0x00006e6c                ITG3200::isITGReadyOn()
                0x000069c8                ITG3200::setClockSource(unsigned char)
                0x0000706a                ITG3200::getFSRange()
                0x00006920                ITG3200::setDevAddr(unsigned int)
                0x000072c4                . = ALIGN (0x2)
 *(.text.*)
 .text.__vector_23
                0x000072c4       0xa8 wiring/wiring.o
                0x000072c4                __vector_23
 .text.millis   0x0000736c       0x1c wiring/wiring.o
                0x0000736c                millis
 .text.micros   0x00007388       0x4c wiring/wiring.o
                0x00007388                micros
 .text.delay    0x000073d4       0x48 wiring/wiring.o
                0x000073d4                delay
 .text.init     0x0000741c       0x8c wiring/wiring.o
                0x0000741c                init
 .text.CALLBACK_USB_GetDescriptor
                0x000074a8       0xa4 Descriptors.o
                0x000074a8                CALLBACK_USB_GetDescriptor
 .text.Endpoint_ConfigureEndpoint_Prv
                0x0000754c       0x6a LUFA/Drivers/USB/Core/AVR8/Endpoint_AVR8.o
                0x0000754c                Endpoint_ConfigureEndpoint_Prv
 .text.Endpoint_ClearStatusStage
                0x000075b6       0x42 LUFA/Drivers/USB/Core/AVR8/Endpoint_AVR8.o
                0x000075b6                Endpoint_ClearStatusStage
 .text.Endpoint_WaitUntilReady
                0x000075f8       0x64 LUFA/Drivers/USB/Core/AVR8/Endpoint_AVR8.o
                0x000075f8                Endpoint_WaitUntilReady
 .text.USB_ResetInterface
                0x0000765c       0x92 LUFA/Drivers/USB/Core/AVR8/USBController_AVR8.o
                0x0000765c                USB_ResetInterface
 .text.USB_Init
                0x000076ee       0x12 LUFA/Drivers/USB/Core/AVR8/USBController_AVR8.o
                0x000076ee                USB_Init
 .text.USB_INT_DisableAllInterrupts
                0x00007700       0x10 LUFA/Drivers/USB/Core/AVR8/USBInterrupt_AVR8.o
                0x00007700                USB_INT_DisableAllInterrupts
 .text.USB_INT_ClearAllInterrupts
                0x00007710        0xa LUFA/Drivers/USB/Core/AVR8/USBInterrupt_AVR8.o
                0x00007710                USB_INT_ClearAllInterrupts
 .text.__vector_10
                0x0000771a      0x194 LUFA/Drivers/USB/Core/AVR8/USBInterrupt_AVR8.o
                0x0000771a                __vector_10
 .text.Endpoint_Write_Control_Stream_LE
                0x000078ae       0xbc LUFA/Drivers/USB/Core/AVR8/EndpointStream_AVR8.o
                0x000078ae                Endpoint_Write_Control_Stream_LE
 .text.Endpoint_Read_Control_Stream_LE
                0x0000796a       0x82 LUFA/Drivers/USB/Core/AVR8/EndpointStream_AVR8.o
                0x0000796a                Endpoint_Read_Control_Stream_LE
 .text.Endpoint_Write_Control_PStream_LE
                0x000079ec       0xc2 LUFA/Drivers/USB/Core/AVR8/EndpointStream_AVR8.o
                0x000079ec                Endpoint_Write_Control_PStream_LE
 .text.Endpoint_Read_Stream_LE
                0x00007aae       0xa4 LUFA/Drivers/USB/Core/AVR8/EndpointStream_AVR8.o
                0x00007aae                Endpoint_Read_Stream_LE
 .text.Endpoint_Write_Stream_LE
                0x00007b52       0xa4 LUFA/Drivers/USB/Core/AVR8/EndpointStream_AVR8.o
                0x00007b52                Endpoint_Write_Stream_LE
 .text.USB_Device_ProcessControlRequest
                0x00007bf6      0x308 LUFA/Drivers/USB/Core/DeviceStandardReq.o
                0x00007bf6                USB_Device_ProcessControlRequest
 .text.USB_Event_Stub
                0x00007efe        0x2 LUFA/Drivers/USB/Core/Events.o
                0x00007efe                EVENT_USB_Device_WakeUp
                0x00007efe                USB_Event_Stub
                0x00007efe                EVENT_USB_Device_Suspend
                0x00007efe                EVENT_USB_Device_StartOfFrame
                0x00007efe                EVENT_USB_Device_Reset
 .text.USB_USBTask
                0x00007f00       0x26 LUFA/Drivers/USB/Core/USBTask.o
                0x00007f00                USB_USBTask
 .text.avr-libc.fplib
                0x00007f26        0xa c:/winavr-20100110/bin/../lib/gcc/avr/4.3.3/../../../../avr/lib/avr51\libm.a(addsf3.o)
                0x00007f26                __subsf3
                0x00007f28                __addsf3
 .text.avr-libc.fplib
                0x00007f30       0xc0 c:/winavr-20100110/bin/../lib/gcc/avr/4.3.3/../../../../avr/lib/avr51\libm.a(addsf3x.o)
                0x00007f4a                __addsf3x
 .text.avr-libc.fplib
                0x00007ff0       0x50 c:/winavr-20100110/bin/../lib/gcc/avr/4.3.3/../../../../avr/lib/avr51\libm.a(atan.o)
                0x00007ff0                atan
 .text.avr-libc.fplib
                0x00008040        0x4 c:/winavr-20100110/bin/../lib/gcc/avr/4.3.3/../../../../avr/lib/avr51\libm.a(divsf3.o)
                0x00008040                __divsf3
 .text.avr-libc.fplib
                0x00008044       0xcc c:/winavr-20100110/bin/../lib/gcc/avr/4.3.3/../../../../avr/lib/avr51\libm.a(divsf3x.o)
                0x0000805a                __divsf3x
                0x0000805e                __divsf3_pse
 .text.avr-libc.fplib
                0x00008110        0xa c:/winavr-20100110/bin/../lib/gcc/avr/4.3.3/../../../../avr/lib/avr51\libm.a(fixsfsi.o)
                0x00008110                __fixsfsi
 .text.avr-libc.fplib
                0x0000811a       0x58 c:/winavr-20100110/bin/../lib/gcc/avr/4.3.3/../../../../avr/lib/avr51\libm.a(fixunssfsi.o)
                0x0000811a                __fixunssfsi
 .text.avr-libc.fplib
                0x00008172       0x7a c:/winavr-20100110/bin/../lib/gcc/avr/4.3.3/../../../../avr/lib/avr51\libm.a(floatsisf.o)
                0x00008176                __floatsisf
                0x00008172                __floatunsisf
 .text.avr-libc.fplib
                0x000081ec        0xc c:/winavr-20100110/bin/../lib/gcc/avr/4.3.3/../../../../avr/lib/avr51\libm.a(fp_inf.o)
                0x000081ec                __fp_inf
 .text.avr-libc.fplib
                0x000081f8        0x6 c:/winavr-20100110/bin/../lib/gcc/avr/4.3.3/../../../../avr/lib/avr51\libm.a(fp_nan.o)
                0x000081f8                __fp_nan
 .text.avr-libc.fplib
                0x000081fe       0x4a c:/winavr-20100110/bin/../lib/gcc/avr/4.3.3/../../../../avr/lib/avr51\libm.a(fp_powser.o)
                0x000081fe                __fp_powser
 .text.avr-libc.fplib
                0x00008248        0xe c:/winavr-20100110/bin/../lib/gcc/avr/4.3.3/../../../../avr/lib/avr51\libm.a(fp_pscA.o)
                0x00008248                __fp_pscA
 .text.avr-libc.fplib
                0x00008256        0xe c:/winavr-20100110/bin/../lib/gcc/avr/4.3.3/../../../../avr/lib/avr51\libm.a(fp_pscB.o)
                0x00008256                __fp_pscB
 .text.avr-libc.fplib
                0x00008264       0x22 c:/winavr-20100110/bin/../lib/gcc/avr/4.3.3/../../../../avr/lib/avr51\libm.a(fp_round.o)
                0x00008264                __fp_round
 .text.avr-libc.fplib
                0x00008286       0x44 c:/winavr-20100110/bin/../lib/gcc/avr/4.3.3/../../../../avr/lib/avr51\libm.a(fp_split3.o)
                0x00008286                __fp_split3
                0x00008296                __fp_splitA
 .text.avr-libc.fplib
                0x000082ca        0xe c:/winavr-20100110/bin/../lib/gcc/avr/4.3.3/../../../../avr/lib/avr51\libm.a(fp_zero.o)
                0x000082ca                __fp_zero
                0x000082cc                __fp_szero
 .text.avr-libc.fplib
                0x000082d8        0xe c:/winavr-20100110/bin/../lib/gcc/avr/4.3.3/../../../../avr/lib/avr51\libm.a(inverse.o)
                0x000082d8                inverse
 .text.avr-libc.fplib
                0x000082e6        0x4 c:/winavr-20100110/bin/../lib/gcc/avr/4.3.3/../../../../avr/lib/avr51\libm.a(mulsf3.o)
                0x000082e6                __mulsf3
 .text.avr-libc.fplib
                0x000082ea       0xc2 c:/winavr-20100110/bin/../lib/gcc/avr/4.3.3/../../../../avr/lib/avr51\libm.a(mulsf3x.o)
                0x00008302                __mulsf3_pse
                0x000082fe                __mulsf3x
 .text.avr-libc.fplib
                0x000083ac       0x98 c:/winavr-20100110/bin/../lib/gcc/avr/4.3.3/../../../../avr/lib/avr51\libm.a(pow.o)
                0x000083ac                pow
 .text.avr-libc.fplib
                0x00008444       0x84 c:/winavr-20100110/bin/../lib/gcc/avr/4.3.3/../../../../avr/lib/avr51\libm.a(sqrt.o)
                0x0000844c                sqrt
 .text.avr-libc.fplib
                0x000084c8        0x6 c:/winavr-20100110/bin/../lib/gcc/avr/4.3.3/../../../../avr/lib/avr51\libm.a(square.o)
                0x000084c8                square
 .text.avr-libc.fplib
                0x000084ce       0x62 c:/winavr-20100110/bin/../lib/gcc/avr/4.3.3/../../../../avr/lib/avr51\libm.a(exp.o)
                0x000084d8                exp
 .text.avr-libc.fplib
                0x00008530       0x1c c:/winavr-20100110/bin/../lib/gcc/avr/4.3.3/../../../../avr/lib/avr51\libm.a(fp_mpack.o)
                0x00008534                __fp_mpack_finite
                0x00008530                __fp_mpack
 .text.avr-libc.fplib
                0x0000854c        0xe c:/winavr-20100110/bin/../lib/gcc/avr/4.3.3/../../../../avr/lib/avr51\libm.a(fp_norm2.o)
                0x0000854c                __fp_norm2
 .text.avr-libc.fplib
                0x0000855a       0x6c c:/winavr-20100110/bin/../lib/gcc/avr/4.3.3/../../../../avr/lib/avr51\libm.a(ldexp.o)
                0x0000855e                ldexp
 .text.avr-libc.fplib
                0x000085c6       0x8a c:/winavr-20100110/bin/../lib/gcc/avr/4.3.3/../../../../avr/lib/avr51\libm.a(log.o)
                0x000085d0                log
 .text.avr-libc.fplib
                0x00008650       0x66 c:/winavr-20100110/bin/../lib/gcc/avr/4.3.3/../../../../avr/lib/avr51\libm.a(modf.o)
                0x00008650                modff
                0x00008650                modf
 .text.libgcc   0x000086b6       0x3e c:/winavr-20100110/bin/../lib/gcc/avr/4.3.3/avr51\libgcc.a(_mulsi3.o)
                0x000086b6                __mulsi3
 .text.libgcc   0x000086f4       0x26 c:/winavr-20100110/bin/../lib/gcc/avr/4.3.3/avr51\libgcc.a(_divmodhi4.o)
                0x000086f4                __divmodhi4
                0x000086f4                _div
 .text.libgcc   0x0000871a       0x44 c:/winavr-20100110/bin/../lib/gcc/avr/4.3.3/avr51\libgcc.a(_udivmodsi4.o)
                0x0000871a                __udivmodsi4
 .text.libgcc   0x0000875e       0x36 c:/winavr-20100110/bin/../lib/gcc/avr/4.3.3/avr51\libgcc.a(_divmodsi4.o)
                0x0000875e                __divmodsi4
 .text.libgcc   0x00008794       0x28 c:/winavr-20100110/bin/../lib/gcc/avr/4.3.3/avr51\libgcc.a(_udivmodhi4.o)
                0x00008794                __udivmodhi4
 .text.libgcc   0x000087bc        0xc c:/winavr-20100110/bin/../lib/gcc/avr/4.3.3/avr51\libgcc.a(_tablejump.o)
                0x000087c0                __tablejump__
                0x000087bc                __tablejump2__
 .text.avr-libc
                0x000087c8       0x3e c:/winavr-20100110/bin/../lib/gcc/avr/4.3.3/../../../../avr/lib/avr51\libc.a(itoa.o)
                0x000087c8                itoa
 .text.avr-libc
                0x00008806       0x64 c:/winavr-20100110/bin/../lib/gcc/avr/4.3.3/../../../../avr/lib/avr51\libc.a(ltoa.o)
                0x00008806                ltoa
 .text.avr-libc
                0x0000886a       0x46 c:/winavr-20100110/bin/../lib/gcc/avr/4.3.3/../../../../avr/lib/avr51\libc.a(ultoa.o)
                0x0000886a                ultoa
 .text.avr-libc
                0x000088b0       0x20 c:/winavr-20100110/bin/../lib/gcc/avr/4.3.3/../../../../avr/lib/avr51\libc.a(strrev.o)
                0x000088b0                strrev
                0x000088d0                . = ALIGN (0x2)
 *(.fini9)
 .fini9         0x000088d0        0x0 c:/winavr-20100110/bin/../lib/gcc/avr/4.3.3/avr51\libgcc.a(_exit.o)
                0x000088d0                exit
                0x000088d0                _exit
 *(.fini9)
 *(.fini8)
 *(.fini8)
 *(.fini7)
 *(.fini7)
 *(.fini6)
 *(.fini6)
 *(.fini5)
 *(.fini5)
 *(.fini4)
 *(.fini4)
 *(.fini3)
 *(.fini3)
 *(.fini2)
 *(.fini2)
 *(.fini1)
 *(.fini1)
 *(.fini0)
 .fini0         0x000088d0        0x4 c:/winavr-20100110/bin/../lib/gcc/avr/4.3.3/avr51\libgcc.a(_exit.o)
 *(.fini0)
                0x000088d4                _etext = .

.data           0x00800100      0x36c load address 0x000088d4
                0x00800100                PROVIDE (__data_start, .)
 *(.data)
 .data          0x00800100      0x35b Keyglove.o
                0x00800409                opt_touch_detect_threshold
                0x008002ce                LineEncodingData
                0x00800435                opt_mouse_invert_x
                0x00800434                opt_gyro_rot90
                0x0080043f                opt_mouse_scale_mode2
                0x0080042f                opt_gyro_kalman_constant
                0x00800429                opt_motion_sampling_div
                0x0080042b                opt_accel_kalman_constant
                0x008002d5                pins
                0x00800436                opt_mouse_invert_y
                0x0080041d                opt_gyro_calibrate
                0x00800411                opt_accel_calibrate
                0x00800319                combinations
                0x00800433                opt_accel_smooth_average
                0x00800437                opt_mouse_scale_mode1
                0x00800447                opt_mouse_scale_mode3
                0x0080044f                opt_mouse_scale_mode4
                0x0080040b                opt_accel_offset
 .data          0x0080045b        0x1 wiring/Tone.o
 .data          0x0080045c       0x10 ../keyglove/Adxl345.o
 *(.data*)
 *(.rodata)
 *(.rodata*)
 *(.gnu.linkonce.d*)
                0x0080046c                . = ALIGN (0x2)
                0x0080046c                _edata = .
                0x0080046c                PROVIDE (__data_end, .)

.bss            0x0080046c      0x4c2
                0x0080046c                PROVIDE (__bss_start, .)
 *(.bss)
 .bss           0x0080046c        0x9 wiring/wiring.o
                0x0080046c                timer0_overflow_count
                0x00800470                timer0_millis
 .bss           0x00800475      0x45f Keyglove.o
                0x008006ff                zv
                0x0080088a                tricolorBlinkGreen
                0x008006fd                yv
                0x008006a4                t
                0x0080069f                ide_workaround
                0x0080069e                HIDTaskRun
                0x00800793                yMax
                0x008007a3                ax00
                0x008006c6                opt_enable_calibration
                0x00800828                gyHist
                0x00800795                zMax
                0x0080088c                tricolorBlinkBlue
                0x008006e9                x
                0x00800705                cy
                0x008006bc                sy0
                0x008007b2                accelCalibrated
                0x008006ac                moveMouse
                0x0080070f                yBase
                0x008006e1                accelTick
                0x00800701                cx
                0x008007fa                gxBase
                0x008008cf                sensors2
                0x008008b3                modeStackPos
                0x00800475                HIDReportInData
                0x0080070d                xBase
                0x008006f1                y0
                0x008007e6                gz0
                0x00800884                gset
                0x00800878                gxMin
                0x008006f9                z00
                0x008008b5                touchTime
                0x008006fb                xv
                0x00800882                gzMax
                0x008007d6                gxRaw
                0x008006f5                x00
                0x00800800                gxHist
                0x0080069d                CDCTaskRun
                0x008006ce                opt_gyro_smooth_average
                0x008008ba                removing
                0x008006d3                accel
                0x0080088f                modifiersDown
                0x008006e5                yRaw
                0x008007de                gy
                0x00800791                xMax
                0x0080078b                xMin
                0x0080079b                az
                0x008006b0                my
                0x008006e3                xRaw
                0x00800487                HostRXSerial_Buffer
                0x00800850                gzHist
                0x0080073b                yHist
                0x008006cf                opt_accel_rot90
                0x008008bf                detect2
                0x008007ab                ayBase
                0x0080078d                yMin
                0x008006ef                x0
                0x008006c4                sdy
                0x0080047e                HIDReportOutData
                0x008007d0                gyroDiff
                0x0080088e                blink_led
                0x008006ed                z
                0x008007da                gzRaw
                0x00800797                ax
                0x008006c2                mdz
                0x008008d3                mode
                0x008007b3                gyro
                0x0080087c                gzMin
                0x008006a8                i
                0x00800711                zBase
                0x0080078f                zMin
                0x008007b0                calAccel
                0x008006f7                y00
                0x008007fc                gyBase
                0x008008b9                adding
                0x008006c8                opt_gyro_offset
                0x008007f2                cgy
                0x00800880                gyMax
                0x0080089d                mouseDown
                0x0080087e                gxMax
                0x008007ea                gy00
                0x008006a0                counter
                0x008007a7                az00
                0x00800891                keysDown
                0x008008c3                verify1
                0x008006b6                mx0
                0x008007ad                azBase
                0x008006c0                mdy
                0x0080059d                HostTXSerial_Buffer_Data
                0x00800887                gyroCalibrated
                0x008006d2                opt_scroll_mode
                0x008007f6                cgz
                0x008006b8                my0
                0x008006d1                opt_mouse_mode
                0x008006f3                z0
                0x008007ec                gz00
                0x008006eb                y
                0x00800763                zHist
                0x008006be                mdx
                0x00800888                tricolorBlinkRed
                0x00800885                calGyro
                0x008007e0                gz
                0x008008bb                detect1
                0x00800492                HostRXSerial_Buffer_Data
                0x008007cc                gyroMicros
                0x008006a2                ticks
                0x00800709                cz
                0x008006b2                mz
                0x00800713                xHist
                0x008006ba                mz0
                0x008007a1                az0
                0x008007d4                gyroTick
                0x008006b4                sy
                0x008007ee                cgx
                0x008008cb                sensors1
                0x008007e8                gx00
                0x008007a5                ay00
                0x008007a9                axBase
                0x0080089f                modeStack
                0x008007d8                gyRaw
                0x008007dc                gx
                0x008006ad                scrollMouse
                0x00800799                ay
                0x0080079d                ax0
                0x008008c7                verify2
                0x008006ae                mx
                0x008006dd                accelDiff
                0x0080079f                ay0
                0x008007fe                gzBase
                0x008007af                aset
                0x008006d0                opt_mouse_invert_z
                0x008006e7                zRaw
                0x008006d9                accelMicros
                0x0080087a                gyMin
                0x008007e2                gx0
                0x00800592                HostTXSerial_Buffer
                0x008007e4                gy0
 .bss           0x008008d4       0x1c wiring/Tone.o
                0x008008da                timer0_pin_mask
                0x008008ef                timer3_pin_mask
                0x008008e6                timer2_pin_port
                0x008008ed                timer3_pin_port
                0x008008e9                timer3_toggle_count
                0x008008e8                timer2_pin_mask
                0x008008d8                timer0_pin_port
                0x008008db                timer1_toggle_count
                0x008008e1                timer1_pin_mask
                0x008008df                timer1_pin_port
                0x008008d4                timer0_toggle_count
                0x008008e2                timer2_toggle_count
 .bss           0x008008f0       0x31 ArduinoWrapper.o
                0x00800918                Keyboard
                0x008008f0                Serial
                0x00800920                Wire
                0x00800910                Mouse
 *(.bss*)
 *(COMMON)
 COMMON         0x00800921        0x3 LUFA/Drivers/USB/Core/DeviceStandardReq.o
                0x00800921                USB_CurrentlySelfPowered
                0x00800922                USB_RemoteWakeupEnabled
                0x00800923                USB_ConfigurationNumber
 COMMON         0x00800924        0xa LUFA/Drivers/USB/Core/USBTask.o
                0x00800924                USB_IsInitialized
                0x00800925                USB_DeviceState
                0x00800926                USB_ControlRequest
                0x0080092e                PROVIDE (__bss_end, .)
                0x000088d4                __data_load_start = LOADADDR (.data)
                0x00008c40                __data_load_end = (__data_load_start + SIZEOF (.data))

.noinit         0x0080092e        0x0
                0x0080092e                PROVIDE (__noinit_start, .)
 *(.noinit*)
                0x0080092e                PROVIDE (__noinit_end, .)
                0x0080092e                _end = .
                0x0080092e                PROVIDE (__heap_start, .)

.eeprom         0x00810000        0x0
 *(.eeprom*)
                0x00810000                __eeprom_end = .

.fuse
 *(.fuse)
 *(.lfuse)
 *(.hfuse)
 *(.efuse)

.lock
 *(.lock*)

.signature
 *(.signature*)

.stab
 *(.stab)

.stabstr
 *(.stabstr)

.stab.excl
 *(.stab.excl)

.stab.exclstr
 *(.stab.exclstr)

.stab.index
 *(.stab.index)

.stab.indexstr
 *(.stab.indexstr)

.comment
 *(.comment)

.debug
 *(.debug)

.line
 *(.line)

.debug_srcinfo
 *(.debug_srcinfo)

.debug_sfnames
 *(.debug_sfnames)

.debug_aranges  0x00000000      0x470
 *(.debug_aranges)
 .debug_aranges
                0x00000000       0x48 wiring/wiring.o
 .debug_aranges
                0x00000048       0x30 wiring/wiring_analog.o
 .debug_aranges
                0x00000078       0x20 wiring/wiring_pulse.o
 .debug_aranges
                0x00000098       0x28 wiring/wiring_shift.o
 .debug_aranges
                0x000000c0       0x20 Descriptors.o
 .debug_aranges
                0x000000e0       0x20 LUFA/Drivers/USB/Core/AVR8/Device_AVR8.o
 .debug_aranges
                0x00000100       0x38 LUFA/Drivers/USB/Core/AVR8/Endpoint_AVR8.o
 .debug_aranges
                0x00000138       0x30 LUFA/Drivers/USB/Core/AVR8/USBController_AVR8.o
 .debug_aranges
                0x00000168       0x30 LUFA/Drivers/USB/Core/AVR8/USBInterrupt_AVR8.o
 .debug_aranges
                0x00000198       0xc8 LUFA/Drivers/USB/Core/AVR8/EndpointStream_AVR8.o
 .debug_aranges
                0x00000260       0x38 LUFA/Drivers/USB/Core/ConfigDescriptor.o
 .debug_aranges
                0x00000298       0x20 LUFA/Drivers/USB/Core/DeviceStandardReq.o
 .debug_aranges
                0x000002b8       0x20 LUFA/Drivers/USB/Core/Events.o
 .debug_aranges
                0x000002d8       0x20 LUFA/Drivers/USB/Core/USBTask.o
 .debug_aranges
                0x000002f8       0x38 LUFA/Drivers/USB/Class/Common/HIDParser.o
 .debug_aranges
                0x00000330       0x20 Keyglove.o
 .debug_aranges
                0x00000350       0x20 wiring/Tone.o
 .debug_aranges
                0x00000370       0x20 ArduinoWrapper.o
 .debug_aranges
                0x00000390       0x20 ../keyglove/Adxl345.o
 .debug_aranges
                0x000003b0       0x20 ../keyglove/ITG3200.o
 .debug_aranges
                0x000003d0       0x20 ../keyglove/iwrap.o
 .debug_aranges
                0x000003f0       0x20 ../keyglove/logitech.o
 .debug_aranges
                0x00000410       0x20 ../keyglove/ps2dev.o
 .debug_aranges
                0x00000430       0x20 ../keyglove/ps2keyboard.o
 .debug_aranges
                0x00000450       0x20 ../keyglove/ps2mouse.o

.debug_pubnames
                0x00000000     0x3541
 *(.debug_pubnames)
 .debug_pubnames
                0x00000000       0x8d wiring/wiring.o
 .debug_pubnames
                0x0000008d       0x5a wiring/wiring_analog.o
 .debug_pubnames
                0x000000e7       0x1e wiring/wiring_pulse.o
 .debug_pubnames
                0x00000105       0x2b wiring/wiring_shift.o
 .debug_pubnames
                0x00000130       0xad wiring/pins_arduino.o
 .debug_pubnames
                0x000001dd       0xd9 Descriptors.o
 .debug_pubnames
                0x000002b6       0x32 LUFA/Drivers/USB/Core/AVR8/Device_AVR8.o
 .debug_pubnames
                0x000002e8       0x8b LUFA/Drivers/USB/Core/AVR8/Endpoint_AVR8.o
 .debug_pubnames
                0x00000373       0x46 LUFA/Drivers/USB/Core/AVR8/USBController_AVR8.o
 .debug_pubnames
                0x000003b9       0x62 LUFA/Drivers/USB/Core/AVR8/USBInterrupt_AVR8.o
 .debug_pubnames
                0x0000041b      0x2df LUFA/Drivers/USB/Core/AVR8/EndpointStream_AVR8.o
 .debug_pubnames
                0x000006fa       0x9b LUFA/Drivers/USB/Core/ConfigDescriptor.o
 .debug_pubnames
                0x00000795       0x8c LUFA/Drivers/USB/Core/DeviceStandardReq.o
 .debug_pubnames
                0x00000821       0x25 LUFA/Drivers/USB/Core/Events.o
 .debug_pubnames
                0x00000846       0x63 LUFA/Drivers/USB/Core/USBTask.o
 .debug_pubnames
                0x000008a9       0x7e LUFA/Drivers/USB/Class/Common/HIDParser.o
 .debug_pubnames
                0x00000927      0xa78 Keyglove.o
 .debug_pubnames
                0x0000139f      0x147 wiring/Tone.o
 .debug_pubnames
                0x000014e6      0x77d ArduinoWrapper.o
 .debug_pubnames
                0x00001c63      0xb5a ../keyglove/Adxl345.o
 .debug_pubnames
                0x000027bd      0x508 ../keyglove/ITG3200.o
 .debug_pubnames
                0x00002cc5      0x132 ../keyglove/iwrap.o
 .debug_pubnames
                0x00002df7      0x1cf ../keyglove/logitech.o
 .debug_pubnames
                0x00002fc6       0x7d ../keyglove/ps2dev.o
 .debug_pubnames
                0x00003043      0x3cb ../keyglove/ps2keyboard.o
 .debug_pubnames
                0x0000340e      0x133 ../keyglove/ps2mouse.o

.debug_info     0x00000000    0x118ac
 *(.debug_info)
 .debug_info    0x00000000      0x1df wiring/wiring.o
 .debug_info    0x000001df      0x1b0 wiring/wiring_analog.o
 .debug_info    0x0000038f       0xa7 wiring/wiring_digital.o
 .debug_info    0x00000436      0x26e wiring/wiring_pulse.o
 .debug_info    0x000006a4      0x130 wiring/wiring_shift.o
 .debug_info    0x000007d4      0x165 wiring/pins_arduino.o
 .debug_info    0x00000939      0x89e Descriptors.o
 .debug_info    0x000011d7       0xc4 LUFA/Drivers/USB/Core/AVR8/Device_AVR8.o
 .debug_info    0x0000129b      0x44d LUFA/Drivers/USB/Core/AVR8/Endpoint_AVR8.o
 .debug_info    0x000016e8        0x0 LUFA/Drivers/USB/Core/AVR8/Host_AVR8.o
 .debug_info    0x000016e8        0x0 LUFA/Drivers/USB/Core/AVR8/Pipe_AVR8.o
 .debug_info    0x000016e8      0x496 LUFA/Drivers/USB/Core/AVR8/USBController_AVR8.o
 .debug_info    0x00001b7e      0x56d LUFA/Drivers/USB/Core/AVR8/USBInterrupt_AVR8.o
 .debug_info    0x000020eb     0x157b LUFA/Drivers/USB/Core/AVR8/EndpointStream_AVR8.o
 .debug_info    0x00003666        0x0 LUFA/Drivers/USB/Core/AVR8/PipeStream_AVR8.o
 .debug_info    0x00003666      0x34e LUFA/Drivers/USB/Core/ConfigDescriptor.o
 .debug_info    0x000039b4      0xa8c LUFA/Drivers/USB/Core/DeviceStandardReq.o
 .debug_info    0x00004440       0x79 LUFA/Drivers/USB/Core/Events.o
 .debug_info    0x000044b9        0x0 LUFA/Drivers/USB/Core/HostStandardReq.o
 .debug_info    0x000044b9      0x23b LUFA/Drivers/USB/Core/USBTask.o
 .debug_info    0x000046f4      0x6f5 LUFA/Drivers/USB/Class/Common/HIDParser.o
 .debug_info    0x00004de9     0x39f8 Keyglove.o
 .debug_info    0x000087e1      0x6cd wiring/Tone.o
 .debug_info    0x00008eae     0x1c88 ArduinoWrapper.o
 .debug_info    0x0000ab36     0x1fe3 ../keyglove/Adxl345.o
 .debug_info    0x0000cb19     0x12e6 ../keyglove/ITG3200.o
 .debug_info    0x0000ddff      0xc2c ../keyglove/iwrap.o
 .debug_info    0x0000ea2b      0xccd ../keyglove/logitech.o
 .debug_info    0x0000f6f8      0x6b2 ../keyglove/ps2dev.o
 .debug_info    0x0000fdaa     0x11a9 ../keyglove/ps2keyboard.o
 .debug_info    0x00010f53      0x959 ../keyglove/ps2mouse.o
 *(.gnu.linkonce.wi.*)

.debug_abbrev   0x00000000     0x2c2e
 *(.debug_abbrev)
 .debug_abbrev  0x00000000       0xe1 wiring/wiring.o
 .debug_abbrev  0x000000e1      0x119 wiring/wiring_analog.o
 .debug_abbrev  0x000001fa       0x65 wiring/wiring_digital.o
 .debug_abbrev  0x0000025f       0xfa wiring/wiring_pulse.o
 .debug_abbrev  0x00000359       0xa1 wiring/wiring_shift.o
 .debug_abbrev  0x000003fa       0x88 wiring/pins_arduino.o
 .debug_abbrev  0x00000482      0x17d Descriptors.o
 .debug_abbrev  0x000005ff       0x79 LUFA/Drivers/USB/Core/AVR8/Device_AVR8.o
 .debug_abbrev  0x00000678      0x19a LUFA/Drivers/USB/Core/AVR8/Endpoint_AVR8.o
 .debug_abbrev  0x00000812        0x1 LUFA/Drivers/USB/Core/AVR8/Host_AVR8.o
 .debug_abbrev  0x00000813        0x1 LUFA/Drivers/USB/Core/AVR8/Pipe_AVR8.o
 .debug_abbrev  0x00000814      0x15a LUFA/Drivers/USB/Core/AVR8/USBController_AVR8.o
 .debug_abbrev  0x0000096e      0x176 LUFA/Drivers/USB/Core/AVR8/USBInterrupt_AVR8.o
 .debug_abbrev  0x00000ae4      0x1aa LUFA/Drivers/USB/Core/AVR8/EndpointStream_AVR8.o
 .debug_abbrev  0x00000c8e        0x1 LUFA/Drivers/USB/Core/AVR8/PipeStream_AVR8.o
 .debug_abbrev  0x00000c8f      0x15c LUFA/Drivers/USB/Core/ConfigDescriptor.o
 .debug_abbrev  0x00000deb      0x283 LUFA/Drivers/USB/Core/DeviceStandardReq.o
 .debug_abbrev  0x0000106e       0x4a LUFA/Drivers/USB/Core/Events.o
 .debug_abbrev  0x000010b8        0x1 LUFA/Drivers/USB/Core/HostStandardReq.o
 .debug_abbrev  0x000010b9      0x15d LUFA/Drivers/USB/Core/USBTask.o
 .debug_abbrev  0x00001216      0x1e7 LUFA/Drivers/USB/Class/Common/HIDParser.o
 .debug_abbrev  0x000013fd      0x4f8 Keyglove.o
 .debug_abbrev  0x000018f5      0x1e3 wiring/Tone.o
 .debug_abbrev  0x00001ad8      0x2b1 ArduinoWrapper.o
 .debug_abbrev  0x00001d89      0x229 ../keyglove/Adxl345.o
 .debug_abbrev  0x00001fb2      0x216 ../keyglove/ITG3200.o
 .debug_abbrev  0x000021c8      0x182 ../keyglove/iwrap.o
 .debug_abbrev  0x0000234a      0x2a6 ../keyglove/logitech.o
 .debug_abbrev  0x000025f0      0x1c2 ../keyglove/ps2dev.o
 .debug_abbrev  0x000027b2      0x2c9 ../keyglove/ps2keyboard.o
 .debug_abbrev  0x00002a7b      0x1b3 ../keyglove/ps2mouse.o

.debug_line     0x00000000     0xab43
 *(.debug_line)
 .debug_line    0x00000000      0x2ae wiring/wiring.o
 .debug_line    0x000002ae      0x1f1 wiring/wiring_analog.o
 .debug_line    0x0000049f       0x90 wiring/wiring_digital.o
 .debug_line    0x0000052f      0x12c wiring/wiring_pulse.o
 .debug_line    0x0000065b      0x144 wiring/wiring_shift.o
 .debug_line    0x0000079f       0xa2 wiring/pins_arduino.o
 .debug_line    0x00000841      0x1d5 Descriptors.o
 .debug_line    0x00000a16      0x11b LUFA/Drivers/USB/Core/AVR8/Device_AVR8.o
 .debug_line    0x00000b31      0x444 LUFA/Drivers/USB/Core/AVR8/Endpoint_AVR8.o
 .debug_line    0x00000f75       0x24 LUFA/Drivers/USB/Core/AVR8/Host_AVR8.o
 .debug_line    0x00000f99       0x24 LUFA/Drivers/USB/Core/AVR8/Pipe_AVR8.o
 .debug_line    0x00000fbd      0x33e LUFA/Drivers/USB/Core/AVR8/USBController_AVR8.o
 .debug_line    0x000012fb      0x4e1 LUFA/Drivers/USB/Core/AVR8/USBInterrupt_AVR8.o
 .debug_line    0x000017dc     0x1775 LUFA/Drivers/USB/Core/AVR8/EndpointStream_AVR8.o
 .debug_line    0x00002f51       0x24 LUFA/Drivers/USB/Core/AVR8/PipeStream_AVR8.o
 .debug_line    0x00002f75      0x232 LUFA/Drivers/USB/Core/ConfigDescriptor.o
 .debug_line    0x000031a7      0x632 LUFA/Drivers/USB/Core/DeviceStandardReq.o
 .debug_line    0x000037d9       0x7a LUFA/Drivers/USB/Core/Events.o
 .debug_line    0x00003853       0x24 LUFA/Drivers/USB/Core/HostStandardReq.o
 .debug_line    0x00003877      0x199 LUFA/Drivers/USB/Core/USBTask.o
 .debug_line    0x00003a10      0x58d LUFA/Drivers/USB/Class/Common/HIDParser.o
 .debug_line    0x00003f9d     0x32c9 Keyglove.o
 .debug_line    0x00007266      0x3c5 wiring/Tone.o
 .debug_line    0x0000762b      0xa36 ArduinoWrapper.o
 .debug_line    0x00008061      0xa9b ../keyglove/Adxl345.o
 .debug_line    0x00008afc      0x795 ../keyglove/ITG3200.o
 .debug_line    0x00009291      0x3c2 ../keyglove/iwrap.o
 .debug_line    0x00009653      0x723 ../keyglove/logitech.o
 .debug_line    0x00009d76      0x37a ../keyglove/ps2dev.o
 .debug_line    0x0000a0f0      0x5a2 ../keyglove/ps2keyboard.o
 .debug_line    0x0000a692      0x4b1 ../keyglove/ps2mouse.o

.debug_frame    0x00000000     0x19a0
 *(.debug_frame)
 .debug_frame   0x00000000       0x70 wiring/wiring.o
 .debug_frame   0x00000070       0x40 wiring/wiring_analog.o
 .debug_frame   0x000000b0       0x20 wiring/wiring_pulse.o
 .debug_frame   0x000000d0       0x30 wiring/wiring_shift.o
 .debug_frame   0x00000100       0x20 Descriptors.o
 .debug_frame   0x00000120       0x20 LUFA/Drivers/USB/Core/AVR8/Device_AVR8.o
 .debug_frame   0x00000140       0x50 LUFA/Drivers/USB/Core/AVR8/Endpoint_AVR8.o
 .debug_frame   0x00000190       0x40 LUFA/Drivers/USB/Core/AVR8/USBController_AVR8.o
 .debug_frame   0x000001d0       0x40 LUFA/Drivers/USB/Core/AVR8/USBInterrupt_AVR8.o
 .debug_frame   0x00000210      0x170 LUFA/Drivers/USB/Core/AVR8/EndpointStream_AVR8.o
 .debug_frame   0x00000380       0x50 LUFA/Drivers/USB/Core/ConfigDescriptor.o
 .debug_frame   0x000003d0       0x20 LUFA/Drivers/USB/Core/DeviceStandardReq.o
 .debug_frame   0x000003f0       0x20 LUFA/Drivers/USB/Core/Events.o
 .debug_frame   0x00000410       0x20 LUFA/Drivers/USB/Core/USBTask.o
 .debug_frame   0x00000430       0x50 LUFA/Drivers/USB/Class/Common/HIDParser.o
 .debug_frame   0x00000480      0x290 Keyglove.o
 .debug_frame   0x00000710       0x50 wiring/Tone.o
 .debug_frame   0x00000760      0x480 ArduinoWrapper.o
 .debug_frame   0x00000be0      0x530 ../keyglove/Adxl345.o
 .debug_frame   0x00001110      0x320 ../keyglove/ITG3200.o
 .debug_frame   0x00001430      0x100 ../keyglove/iwrap.o
 .debug_frame   0x00001530      0x150 ../keyglove/logitech.o
 .debug_frame   0x00001680       0x70 ../keyglove/ps2dev.o
 .debug_frame   0x000016f0      0x1e0 ../keyglove/ps2keyboard.o
 .debug_frame   0x000018d0       0xd0 ../keyglove/ps2mouse.o

.debug_str      0x00000000     0x5d0f
 *(.debug_str)
 .debug_str     0x00000000       0xf3 wiring/wiring.o
                                0x139 (size before relaxing)
 .debug_str     0x000000f3       0x89 wiring/wiring_analog.o
                                0x141 (size before relaxing)
 .debug_str     0x0000017c       0x18 wiring/wiring_digital.o
                                 0xcc (size before relaxing)
 .debug_str     0x00000194       0x94 wiring/wiring_pulse.o
                                0x168 (size before relaxing)
 .debug_str     0x00000228       0x47 wiring/wiring_shift.o
                                 0xf1 (size before relaxing)
 .debug_str     0x0000026f       0x3a wiring/pins_arduino.o
                                0x156 (size before relaxing)
 .debug_str     0x000002a9      0x6c1 Descriptors.o
                                0x7e7 (size before relaxing)
 .debug_str     0x0000096a       0x71 LUFA/Drivers/USB/Core/AVR8/Device_AVR8.o
                                0x114 (size before relaxing)
 .debug_str     0x000009db      0x3ca LUFA/Drivers/USB/Core/AVR8/Endpoint_AVR8.o
                                0x4a3 (size before relaxing)
 .debug_str     0x00000da5      0x277 LUFA/Drivers/USB/Core/AVR8/USBController_AVR8.o
                                0x413 (size before relaxing)
 .debug_str     0x0000101c       0xe3 LUFA/Drivers/USB/Core/AVR8/USBInterrupt_AVR8.o
                                0x393 (size before relaxing)
 .debug_str     0x000010ff      0x4f7 LUFA/Drivers/USB/Core/AVR8/EndpointStream_AVR8.o
                                0x742 (size before relaxing)
 .debug_str     0x000015f6      0x216 LUFA/Drivers/USB/Core/ConfigDescriptor.o
                                0x2e1 (size before relaxing)
 .debug_str     0x0000180c      0x3f0 LUFA/Drivers/USB/Core/DeviceStandardReq.o
                                0x803 (size before relaxing)
 .debug_str     0x00001bfc       0x2e LUFA/Drivers/USB/Core/Events.o
                                 0xcb (size before relaxing)
 .debug_str     0x00001c2a       0x64 LUFA/Drivers/USB/Core/USBTask.o
                                0x26b (size before relaxing)
 .debug_str     0x00001c8e      0x489 LUFA/Drivers/USB/Class/Common/HIDParser.o
                                0x5b9 (size before relaxing)
 .debug_str     0x00002117     0x2905 Keyglove.o
                               0x2d22 (size before relaxing)
 .debug_str     0x00004a1c      0x17b wiring/Tone.o
                                0x2b4 (size before relaxing)
 .debug_str     0x00004b97      0x3ca ArduinoWrapper.o
                                0xb3b (size before relaxing)
 .debug_str     0x00004f61      0x112 ../keyglove/Adxl345.o
                               0x17be (size before relaxing)
 .debug_str     0x00005073      0x11c ../keyglove/ITG3200.o
                                0xabb (size before relaxing)
 .debug_str     0x0000518f      0x17e ../keyglove/iwrap.o
                                0x8c6 (size before relaxing)
 .debug_str     0x0000530d      0x25b ../keyglove/logitech.o
                                0x77f (size before relaxing)
 .debug_str     0x00005568       0x8a ../keyglove/ps2dev.o
                                0x50f (size before relaxing)
 .debug_str     0x000055f2      0x587 ../keyglove/ps2keyboard.o
                                0xb09 (size before relaxing)
 .debug_str     0x00005b79      0x196 ../keyglove/ps2mouse.o
                                0x709 (size before relaxing)

.debug_loc      0x00000000     0x7efc
 *(.debug_loc)
 .debug_loc     0x00000000      0x113 wiring/wiring.o
 .debug_loc     0x00000113      0x15b wiring/wiring_analog.o
 .debug_loc     0x0000026e      0x258 wiring/wiring_pulse.o
 .debug_loc     0x000004c6       0xf5 wiring/wiring_shift.o
 .debug_loc     0x000005bb      0x212 Descriptors.o
 .debug_loc     0x000007cd       0x7f LUFA/Drivers/USB/Core/AVR8/Endpoint_AVR8.o
 .debug_loc     0x0000084c     0x182a LUFA/Drivers/USB/Core/AVR8/EndpointStream_AVR8.o
 .debug_loc     0x00002076      0x2c7 LUFA/Drivers/USB/Core/ConfigDescriptor.o
 .debug_loc     0x0000233d      0x242 LUFA/Drivers/USB/Core/DeviceStandardReq.o
 .debug_loc     0x0000257f      0x477 LUFA/Drivers/USB/Class/Common/HIDParser.o
 .debug_loc     0x000029f6     0x112f Keyglove.o
 .debug_loc     0x00003b25      0x3a7 wiring/Tone.o
 .debug_loc     0x00003ecc      0xde3 ArduinoWrapper.o
 .debug_loc     0x00004caf     0x11a7 ../keyglove/Adxl345.o
 .debug_loc     0x00005e56      0xdca ../keyglove/ITG3200.o
 .debug_loc     0x00006c20      0x1fe ../keyglove/iwrap.o
 .debug_loc     0x00006e1e      0x512 ../keyglove/logitech.o
 .debug_loc     0x00007330      0x210 ../keyglove/ps2dev.o
 .debug_loc     0x00007540      0x605 ../keyglove/ps2keyboard.o
 .debug_loc     0x00007b45      0x3b7 ../keyglove/ps2mouse.o

.debug_macinfo
 *(.debug_macinfo)
OUTPUT(Keyglove.elf elf32-avr)
LOAD linker stubs

.debug_ranges   0x00000000      0x430
 .debug_ranges  0x00000000       0x40 wiring/wiring.o
 .debug_ranges  0x00000040       0x28 wiring/wiring_analog.o
 .debug_ranges  0x00000068       0x18 wiring/wiring_pulse.o
 .debug_ranges  0x00000080       0x20 wiring/wiring_shift.o
 .debug_ranges  0x000000a0       0x18 Descriptors.o
 .debug_ranges  0x000000b8       0x18 LUFA/Drivers/USB/Core/AVR8/Device_AVR8.o
 .debug_ranges  0x000000d0       0x30 LUFA/Drivers/USB/Core/AVR8/Endpoint_AVR8.o
 .debug_ranges  0x00000100       0x28 LUFA/Drivers/USB/Core/AVR8/USBController_AVR8.o
 .debug_ranges  0x00000128       0x28 LUFA/Drivers/USB/Core/AVR8/USBInterrupt_AVR8.o
 .debug_ranges  0x00000150       0xc0 LUFA/Drivers/USB/Core/AVR8/EndpointStream_AVR8.o
 .debug_ranges  0x00000210       0x30 LUFA/Drivers/USB/Core/ConfigDescriptor.o
 .debug_ranges  0x00000240       0x78 LUFA/Drivers/USB/Core/DeviceStandardReq.o
 .debug_ranges  0x000002b8       0x18 LUFA/Drivers/USB/Core/Events.o
 .debug_ranges  0x000002d0       0x30 LUFA/Drivers/USB/Core/USBTask.o
 .debug_ranges  0x00000300       0xa0 LUFA/Drivers/USB/Class/Common/HIDParser.o
 .debug_ranges  0x000003a0       0x90 Keyglove.o

Cross Reference Table

Symbol                                            File
Accelerometer::Accelerometer()                    ../keyglove/Adxl345.o
                                                  Keyglove.o
Accelerometer::Accelerometer()                    ../keyglove/Adxl345.o
Accelerometer::getActivityThreshold()             ../keyglove/Adxl345.o
Accelerometer::getAxisOffset(int*, int*, int*)    ../keyglove/Adxl345.o
Accelerometer::getDoubleTapLatency()              ../keyglove/Adxl345.o
Accelerometer::getDoubleTapWindow()               ../keyglove/Adxl345.o
Accelerometer::getFreeFallDuration()              ../keyglove/Adxl345.o
Accelerometer::getFreeFallThreshold()             ../keyglove/Adxl345.o
Accelerometer::getFullResBit()                    ../keyglove/Adxl345.o
Accelerometer::getInactivityThreshold()           ../keyglove/Adxl345.o
Accelerometer::getInterruptLevelBit()             ../keyglove/Adxl345.o
Accelerometer::getInterruptMapping(unsigned char) ../keyglove/Adxl345.o
Accelerometer::getInterruptSource()               ../keyglove/Adxl345.o
Accelerometer::getInterruptSource(unsigned char)  ../keyglove/Adxl345.o
Accelerometer::getJustifyBit()                    ../keyglove/Adxl345.o
Accelerometer::getRangeSetting(unsigned char*)    ../keyglove/Adxl345.o
Accelerometer::getRate()                          ../keyglove/Adxl345.o
Accelerometer::getRegisterBit(unsigned char, int) ../keyglove/Adxl345.o
Accelerometer::getSelfTestBit()                   ../keyglove/Adxl345.o
Accelerometer::getSpiBit()                        ../keyglove/Adxl345.o
Accelerometer::getSuppressBit()                   ../keyglove/Adxl345.o
Accelerometer::getTapDuration()                   ../keyglove/Adxl345.o
Accelerometer::getTapThreshold()                  ../keyglove/Adxl345.o
Accelerometer::getTimeInactivity()                ../keyglove/Adxl345.o
Accelerometer::isActivityAc()                     ../keyglove/Adxl345.o
Accelerometer::isActivitySourceOnX()              ../keyglove/Adxl345.o
Accelerometer::isActivitySourceOnY()              ../keyglove/Adxl345.o
Accelerometer::isActivitySourceOnZ()              ../keyglove/Adxl345.o
Accelerometer::isActivityXEnabled()               ../keyglove/Adxl345.o
Accelerometer::isActivityYEnabled()               ../keyglove/Adxl345.o
Accelerometer::isActivityZEnabled()               ../keyglove/Adxl345.o
Accelerometer::isAsleep()                         ../keyglove/Adxl345.o
Accelerometer::isInactivityAc()                   ../keyglove/Adxl345.o
Accelerometer::isInactivityXEnabled()             ../keyglove/Adxl345.o
Accelerometer::isInactivityYEnabled()             ../keyglove/Adxl345.o
Accelerometer::isInactivityZEnabled()             ../keyglove/Adxl345.o
Accelerometer::isInterruptEnabled(unsigned char)  ../keyglove/Adxl345.o
Accelerometer::isLowPower()                       ../keyglove/Adxl345.o
Accelerometer::isTapDetectionOnX()                ../keyglove/Adxl345.o
Accelerometer::isTapDetectionOnY()                ../keyglove/Adxl345.o
Accelerometer::isTapDetectionOnZ()                ../keyglove/Adxl345.o
Accelerometer::isTapSourceOnX()                   ../keyglove/Adxl345.o
Accelerometer::isTapSourceOnY()                   ../keyglove/Adxl345.o
Accelerometer::isTapSourceOnZ()                   ../keyglove/Adxl345.o
Accelerometer::powerOn()                          ../keyglove/Adxl345.o
                                                  Keyglove.o
Accelerometer::printAllRegister()                 ../keyglove/Adxl345.o
Accelerometer::readAccel(int*, int*, int*)        ../keyglove/Adxl345.o
                                                  Keyglove.o
Accelerometer::readFrom(int, unsigned char, int, unsigned char*) ../keyglove/Adxl345.o
Accelerometer::setActivityAc(bool)                ../keyglove/Adxl345.o
Accelerometer::setActivityThreshold(int)          ../keyglove/Adxl345.o
Accelerometer::setActivityX(bool)                 ../keyglove/Adxl345.o
Accelerometer::setActivityY(bool)                 ../keyglove/Adxl345.o
Accelerometer::setActivityZ(bool)                 ../keyglove/Adxl345.o
Accelerometer::setAxisOffset(int, int, int)       ../keyglove/Adxl345.o
Accelerometer::setDoubleTapLatency(int)           ../keyglove/Adxl345.o
Accelerometer::setDoubleTapWindow(int)            ../keyglove/Adxl345.o
Accelerometer::setFreeFallDuration(int)           ../keyglove/Adxl345.o
Accelerometer::setFreeFallThreshold(int)          ../keyglove/Adxl345.o
Accelerometer::setFullResBit(bool)                ../keyglove/Adxl345.o
Accelerometer::setInactivityAc(bool)              ../keyglove/Adxl345.o
Accelerometer::setInactivityThreshold(int)        ../keyglove/Adxl345.o
Accelerometer::setInactivityX(bool)               ../keyglove/Adxl345.o
Accelerometer::setInactivityY(bool)               ../keyglove/Adxl345.o
Accelerometer::setInactivityZ(bool)               ../keyglove/Adxl345.o
Accelerometer::setInterrupt(unsigned char, bool)  ../keyglove/Adxl345.o
Accelerometer::setInterruptLevelBit(bool)         ../keyglove/Adxl345.o
Accelerometer::setInterruptMapping(unsigned char, bool) ../keyglove/Adxl345.o
Accelerometer::setJustifyBit(bool)                ../keyglove/Adxl345.o
Accelerometer::setLowPower(bool)                  ../keyglove/Adxl345.o
Accelerometer::setRangeSetting(int)               ../keyglove/Adxl345.o
Accelerometer::setRate(float)                     ../keyglove/Adxl345.o
                                                  Keyglove.o
Accelerometer::setRegisterBit(unsigned char, int, bool) ../keyglove/Adxl345.o
Accelerometer::setSelfTestBit(bool)               ../keyglove/Adxl345.o
Accelerometer::setSpiBit(bool)                    ../keyglove/Adxl345.o
Accelerometer::setSuppressBit(bool)               ../keyglove/Adxl345.o
Accelerometer::setTapDetectionOnX(bool)           ../keyglove/Adxl345.o
Accelerometer::setTapDetectionOnY(bool)           ../keyglove/Adxl345.o
Accelerometer::setTapDetectionOnZ(bool)           ../keyglove/Adxl345.o
Accelerometer::setTapDuration(int)                ../keyglove/Adxl345.o
Accelerometer::setTapThreshold(int)               ../keyglove/Adxl345.o
Accelerometer::setTimeInactivity(int)             ../keyglove/Adxl345.o
Accelerometer::writeTo(int, unsigned char, unsigned char) ../keyglove/Adxl345.o
CALLBACK_HIDParser_FilterHIDReportItem            LUFA/Drivers/USB/Class/Common/HIDParser.o
CALLBACK_USB_GetDescriptor                        Descriptors.o
                                                  LUFA/Drivers/USB/Core/DeviceStandardReq.o
CDCTaskRun                                        Keyglove.o
CDC_Task                                          Keyglove.o
                                                  ArduinoWrapper.o
ConfigurationDescriptor                           Descriptors.o
DeviceDescriptor                                  Descriptors.o
EVENT_USB_Device_ConfigurationChanged             Keyglove.o
                                                  LUFA/Drivers/USB/Core/Events.o
                                                  LUFA/Drivers/USB/Core/DeviceStandardReq.o
EVENT_USB_Device_Connect                          Keyglove.o
                                                  LUFA/Drivers/USB/Core/Events.o
                                                  LUFA/Drivers/USB/Core/AVR8/USBInterrupt_AVR8.o
EVENT_USB_Device_ControlRequest                   Keyglove.o
                                                  LUFA/Drivers/USB/Core/Events.o
                                                  LUFA/Drivers/USB/Core/DeviceStandardReq.o
EVENT_USB_Device_Disconnect                       Keyglove.o
                                                  LUFA/Drivers/USB/Core/Events.o
                                                  LUFA/Drivers/USB/Core/AVR8/USBInterrupt_AVR8.o
EVENT_USB_Device_Reset                            LUFA/Drivers/USB/Core/Events.o
                                                  LUFA/Drivers/USB/Core/AVR8/USBInterrupt_AVR8.o
EVENT_USB_Device_StartOfFrame                     LUFA/Drivers/USB/Core/Events.o
                                                  LUFA/Drivers/USB/Core/AVR8/USBInterrupt_AVR8.o
EVENT_USB_Device_Suspend                          LUFA/Drivers/USB/Core/Events.o
                                                  LUFA/Drivers/USB/Core/AVR8/USBInterrupt_AVR8.o
EVENT_USB_Device_WakeUp                           LUFA/Drivers/USB/Core/Events.o
                                                  LUFA/Drivers/USB/Core/AVR8/USBInterrupt_AVR8.o
Endpoint_ClearEndpoints                           LUFA/Drivers/USB/Core/AVR8/Endpoint_AVR8.o
Endpoint_ClearStatusStage                         LUFA/Drivers/USB/Core/AVR8/Endpoint_AVR8.o
                                                  Keyglove.o
                                                  LUFA/Drivers/USB/Core/DeviceStandardReq.o
Endpoint_ConfigureEndpoint_Prv                    LUFA/Drivers/USB/Core/AVR8/Endpoint_AVR8.o
                                                  Keyglove.o
                                                  LUFA/Drivers/USB/Core/AVR8/USBInterrupt_AVR8.o
                                                  LUFA/Drivers/USB/Core/AVR8/USBController_AVR8.o
Endpoint_Discard_Stream                           LUFA/Drivers/USB/Core/AVR8/EndpointStream_AVR8.o
Endpoint_Null_Stream                              LUFA/Drivers/USB/Core/AVR8/EndpointStream_AVR8.o
Endpoint_Read_Control_EStream_BE                  LUFA/Drivers/USB/Core/AVR8/EndpointStream_AVR8.o
Endpoint_Read_Control_EStream_LE                  LUFA/Drivers/USB/Core/AVR8/EndpointStream_AVR8.o
Endpoint_Read_Control_Stream_BE                   LUFA/Drivers/USB/Core/AVR8/EndpointStream_AVR8.o
Endpoint_Read_Control_Stream_LE                   LUFA/Drivers/USB/Core/AVR8/EndpointStream_AVR8.o
                                                  Keyglove.o
Endpoint_Read_EStream_BE                          LUFA/Drivers/USB/Core/AVR8/EndpointStream_AVR8.o
Endpoint_Read_EStream_LE                          LUFA/Drivers/USB/Core/AVR8/EndpointStream_AVR8.o
Endpoint_Read_Stream_BE                           LUFA/Drivers/USB/Core/AVR8/EndpointStream_AVR8.o
Endpoint_Read_Stream_LE                           LUFA/Drivers/USB/Core/AVR8/EndpointStream_AVR8.o
                                                  Keyglove.o
Endpoint_WaitUntilReady                           LUFA/Drivers/USB/Core/AVR8/Endpoint_AVR8.o
                                                  Keyglove.o
                                                  LUFA/Drivers/USB/Core/AVR8/EndpointStream_AVR8.o
Endpoint_Write_Control_EStream_BE                 LUFA/Drivers/USB/Core/AVR8/EndpointStream_AVR8.o
Endpoint_Write_Control_EStream_LE                 LUFA/Drivers/USB/Core/AVR8/EndpointStream_AVR8.o
Endpoint_Write_Control_PStream_BE                 LUFA/Drivers/USB/Core/AVR8/EndpointStream_AVR8.o
Endpoint_Write_Control_PStream_LE                 LUFA/Drivers/USB/Core/AVR8/EndpointStream_AVR8.o
                                                  LUFA/Drivers/USB/Core/DeviceStandardReq.o
Endpoint_Write_Control_Stream_BE                  LUFA/Drivers/USB/Core/AVR8/EndpointStream_AVR8.o
Endpoint_Write_Control_Stream_LE                  LUFA/Drivers/USB/Core/AVR8/EndpointStream_AVR8.o
                                                  Keyglove.o
                                                  LUFA/Drivers/USB/Core/DeviceStandardReq.o
Endpoint_Write_EStream_BE                         LUFA/Drivers/USB/Core/AVR8/EndpointStream_AVR8.o
Endpoint_Write_EStream_LE                         LUFA/Drivers/USB/Core/AVR8/EndpointStream_AVR8.o
Endpoint_Write_PStream_BE                         LUFA/Drivers/USB/Core/AVR8/EndpointStream_AVR8.o
Endpoint_Write_PStream_LE                         LUFA/Drivers/USB/Core/AVR8/EndpointStream_AVR8.o
Endpoint_Write_Stream_BE                          LUFA/Drivers/USB/Core/AVR8/EndpointStream_AVR8.o
Endpoint_Write_Stream_LE                          LUFA/Drivers/USB/Core/AVR8/EndpointStream_AVR8.o
                                                  Keyglove.o
HIDReport                                         Descriptors.o
HIDReportInData                                   Keyglove.o
                                                  ArduinoWrapper.o
HIDReportOutData                                  Keyglove.o
HIDTaskRun                                        Keyglove.o
HID_Task                                          Keyglove.o
                                                  ArduinoWrapper.o
HardwareSerial::begin(unsigned long)              ArduinoWrapper.o
HardwareSerial::print(char const*)                ArduinoWrapper.o
HardwareSerial::print(char const*, int)           ArduinoWrapper.o
HardwareSerial::print(int)                        ArduinoWrapper.o
HardwareSerial::print(int, int)                   ArduinoWrapper.o
                                                  ../keyglove/iwrap.o
HardwareSerial::print(long double)                ArduinoWrapper.o
HardwareSerial::print(long double, int)           ArduinoWrapper.o
HardwareSerial::print(unsigned char)              ArduinoWrapper.o
HardwareSerial::print(unsigned char, int)         ArduinoWrapper.o
                                                  ../keyglove/iwrap.o
HardwareSerial::print(unsigned long)              ArduinoWrapper.o
HardwareSerial::print(unsigned long, int)         ArduinoWrapper.o
HardwareSerial::println(char const*)              ArduinoWrapper.o
HardwareSerial::println(char const*, int)         ArduinoWrapper.o
HardwareSerial::println(int)                      ArduinoWrapper.o
HardwareSerial::println(int, int)                 ArduinoWrapper.o
HardwareSerial::println(long double)              ArduinoWrapper.o
HardwareSerial::println(long double, int)         ArduinoWrapper.o
HardwareSerial::println(unsigned char)            ArduinoWrapper.o
HardwareSerial::println(unsigned char, int)       ArduinoWrapper.o
HardwareSerial::println(unsigned long)            ArduinoWrapper.o
HardwareSerial::println(unsigned long, int)       ArduinoWrapper.o
HostRXSerial_Buffer                               Keyglove.o
HostRXSerial_Buffer_Data                          Keyglove.o
HostTXSerial_Buffer                               Keyglove.o
                                                  ArduinoWrapper.o
HostTXSerial_Buffer_Data                          Keyglove.o
ITG3200::ITG3200()                                ../keyglove/ITG3200.o
                                                  Keyglove.o
ITG3200::ITG3200()                                ../keyglove/ITG3200.o
ITG3200::getClockSource()                         ../keyglove/ITG3200.o
ITG3200::getDevAddr()                             ../keyglove/ITG3200.o
ITG3200::getFSRange()                             ../keyglove/ITG3200.o
ITG3200::getFilterBW()                            ../keyglove/ITG3200.o
ITG3200::getSampleRateDiv()                       ../keyglove/ITG3200.o
ITG3200::init(unsigned int)                       ../keyglove/ITG3200.o
                                                  Keyglove.o
ITG3200::init(unsigned int, unsigned char, unsigned char, unsigned char, unsigned char, bool, bool) ../keyglove/ITG3200.o
ITG3200::isAnyRegClrMode()                        ../keyglove/ITG3200.o
ITG3200::isINTActiveOnLow()                       ../keyglove/ITG3200.o
ITG3200::isINTOpenDrain()                         ../keyglove/ITG3200.o
ITG3200::isITGReady()                             ../keyglove/ITG3200.o
ITG3200::isITGReadyOn()                           ../keyglove/ITG3200.o
ITG3200::isLatchUntilCleared()                    ../keyglove/ITG3200.o
ITG3200::isLowPower()                             ../keyglove/ITG3200.o
ITG3200::isRawDataReady()                         ../keyglove/ITG3200.o
ITG3200::isRawDataReadyOn()                       ../keyglove/ITG3200.o
ITG3200::isXgyroStandby()                         ../keyglove/ITG3200.o
ITG3200::isYgyroStandby()                         ../keyglove/ITG3200.o
ITG3200::isZgyroStandby()                         ../keyglove/ITG3200.o
ITG3200::readGyro(float*)                         ../keyglove/ITG3200.o
ITG3200::readGyro(float*, float*, float*)         ../keyglove/ITG3200.o
ITG3200::readGyroRaw(int*)                        ../keyglove/ITG3200.o
ITG3200::readGyroRaw(int*, int*, int*)            ../keyglove/ITG3200.o
                                                  Keyglove.o
ITG3200::readGyroRawCal(int*)                     ../keyglove/ITG3200.o
ITG3200::readGyroRawCal(int*, int*, int*)         ../keyglove/ITG3200.o
ITG3200::readTemp(float*)                         ../keyglove/ITG3200.o
ITG3200::readmem(unsigned char, unsigned char, unsigned char*) ../keyglove/ITG3200.o
ITG3200::reset()                                  ../keyglove/ITG3200.o
ITG3200::setClockSource(unsigned char)            ../keyglove/ITG3200.o
ITG3200::setDevAddr(unsigned int)                 ../keyglove/ITG3200.o
ITG3200::setFSRange(unsigned char)                ../keyglove/ITG3200.o
ITG3200::setFilterBW(unsigned char)               ../keyglove/ITG3200.o
ITG3200::setINTDriveType(bool)                    ../keyglove/ITG3200.o
ITG3200::setINTLogiclvl(bool)                     ../keyglove/ITG3200.o
ITG3200::setITGReady(bool)                        ../keyglove/ITG3200.o
ITG3200::setLatchClearMode(bool)                  ../keyglove/ITG3200.o
ITG3200::setLatchMode(bool)                       ../keyglove/ITG3200.o
ITG3200::setOffsets(int, int, int)                ../keyglove/ITG3200.o
ITG3200::setPowerMode(bool)                       ../keyglove/ITG3200.o
ITG3200::setRawDataReady(bool)                    ../keyglove/ITG3200.o
ITG3200::setSampleRateDiv(unsigned char)          ../keyglove/ITG3200.o
ITG3200::setScaleFactor(float, float, float, bool) ../keyglove/ITG3200.o
ITG3200::setXgyroStandby(bool)                    ../keyglove/ITG3200.o
ITG3200::setYgyroStandby(bool)                    ../keyglove/ITG3200.o
ITG3200::setZgyroStandby(bool)                    ../keyglove/ITG3200.o
ITG3200::writemem(unsigned char, unsigned char)   ../keyglove/ITG3200.o
ITG3200::zeroCalibrate(unsigned int, unsigned int) ../keyglove/ITG3200.o
Keyboard                                          ArduinoWrapper.o
                                                  Keyglove.o
Keyboard_ProcessLEDReport(unsigned char)          Keyglove.o
LanguageString                                    Descriptors.o
LineEncodingData                                  Keyglove.o
ManufacturerString                                Descriptors.o
Mouse                                             ArduinoWrapper.o
                                                  Keyglove.o
PS2dev::PS2dev(int, int)                          ../keyglove/ps2dev.o
PS2dev::PS2dev(int, int)                          ../keyglove/ps2dev.o
PS2dev::gohi(int)                                 ../keyglove/ps2dev.o
PS2dev::golo(int)                                 ../keyglove/ps2dev.o
PS2dev::read(unsigned char*)                      ../keyglove/ps2dev.o
                                                  ../keyglove/ps2mouse.o
                                                  ../keyglove/ps2keyboard.o
PS2dev::write(unsigned char)                      ../keyglove/ps2dev.o
                                                  ../keyglove/ps2mouse.o
                                                  ../keyglove/ps2keyboard.o
PS2keyboard::PS2keyboard(PS2dev*)                 ../keyglove/ps2keyboard.o
PS2keyboard::PS2keyboard(PS2dev*)                 ../keyglove/ps2keyboard.o
PS2keyboard::cmd_ack()                            ../keyglove/ps2keyboard.o
PS2keyboard::cmd_echo()                           ../keyglove/ps2keyboard.o
PS2keyboard::cmd_error()                          ../keyglove/ps2keyboard.o
PS2keyboard::cmd_keypress(int, unsigned char)     ../keyglove/ps2keyboard.o
PS2keyboard::cmd_resend()                         ../keyglove/ps2keyboard.o
PS2keyboard::cmd_success()                        ../keyglove/ps2keyboard.o
PS2keyboard::get_allkeys_mode()                   ../keyglove/ps2keyboard.o
PS2keyboard::get_led_capslock()                   ../keyglove/ps2keyboard.o
PS2keyboard::get_led_numlock()                    ../keyglove/ps2keyboard.o
PS2keyboard::get_led_scrolllock()                 ../keyglove/ps2keyboard.o
PS2keyboard::get_scancode_set()                   ../keyglove/ps2keyboard.o
PS2keyboard::get_typematic_delay()                ../keyglove/ps2keyboard.o
PS2keyboard::get_typematic_rate()                 ../keyglove/ps2keyboard.o
PS2keyboard::initialize()                         ../keyglove/ps2keyboard.o
PS2keyboard::keydown(int)                         ../keyglove/ps2keyboard.o
PS2keyboard::keypress(int)                        ../keyglove/ps2keyboard.o
PS2keyboard::keyup(int)                           ../keyglove/ps2keyboard.o
PS2keyboard::process_command()                    ../keyglove/ps2keyboard.o
PS2keyboard::run_bat()                            ../keyglove/ps2keyboard.o
PS2keyboard::set_allkeys_mode(int)                ../keyglove/ps2keyboard.o
PS2keyboard::set_defaults()                       ../keyglove/ps2keyboard.o
PS2keyboard::set_led_capslock(unsigned char)      ../keyglove/ps2keyboard.o
PS2keyboard::set_led_numlock(unsigned char)       ../keyglove/ps2keyboard.o
PS2keyboard::set_led_scrolllock(unsigned char)    ../keyglove/ps2keyboard.o
PS2keyboard::set_scancode_set(int)                ../keyglove/ps2keyboard.o
PS2keyboard::set_typematic_delay(int)             ../keyglove/ps2keyboard.o
PS2keyboard::set_typematic_rate(float)            ../keyglove/ps2keyboard.o
PS2mouse::PS2mouse(PS2dev*)                       ../keyglove/ps2mouse.o
PS2mouse::PS2mouse(PS2dev*)                       ../keyglove/ps2mouse.o
PS2mouse::cmd_ack()                               ../keyglove/ps2mouse.o
PS2mouse::cmd_error()                             ../keyglove/ps2mouse.o
PS2mouse::cmd_move(int, int)                      ../keyglove/ps2mouse.o
PS2mouse::cmd_resend()                            ../keyglove/ps2mouse.o
PS2mouse::cmd_success()                           ../keyglove/ps2mouse.o
PS2mouse::initialize()                            ../keyglove/ps2mouse.o
PS2mouse::move(int, int)                          ../keyglove/ps2mouse.o
PS2mouse::process_command()                       ../keyglove/ps2mouse.o
PS2mouse::run_bat()                               ../keyglove/ps2mouse.o
PS2mouse::set_defaults()                          ../keyglove/ps2mouse.o
ProcessHIDReport                                  Keyglove.o
ProductString                                     Descriptors.o
ProductStringHID                                  Descriptors.o
ProductStringSerial                               Descriptors.o
Serial                                            ArduinoWrapper.o
                                                  ../keyglove/ps2mouse.o
                                                  ../keyglove/ps2keyboard.o
                                                  ../keyglove/ps2dev.o
                                                  ../keyglove/logitech.o
                                                  ../keyglove/iwrap.o
                                                  ../keyglove/Adxl345.o
                                                  Keyglove.o
SetupHardware                                     Keyglove.o
USBKeyboard::send_now()                           ArduinoWrapper.o
                                                  Keyglove.o
USBKeyboard::set_key1(unsigned char)              ArduinoWrapper.o
                                                  Keyglove.o
USBKeyboard::set_key2(unsigned char)              ArduinoWrapper.o
                                                  Keyglove.o
USBKeyboard::set_key3(unsigned char)              ArduinoWrapper.o
                                                  Keyglove.o
USBKeyboard::set_key4(unsigned char)              ArduinoWrapper.o
                                                  Keyglove.o
USBKeyboard::set_key5(unsigned char)              ArduinoWrapper.o
                                                  Keyglove.o
USBKeyboard::set_key6(unsigned char)              ArduinoWrapper.o
                                                  Keyglove.o
USBKeyboard::set_modifier(unsigned char)          ArduinoWrapper.o
                                                  Keyglove.o
USBMouse::move(unsigned char, unsigned char)      ArduinoWrapper.o
                                                  Keyglove.o
USBMouse::move(unsigned char, unsigned char, unsigned char) ArduinoWrapper.o
                                                  Keyglove.o
USBMouse::scroll(unsigned char)                   ArduinoWrapper.o
                                                  Keyglove.o
USBMouse::set_buttons(unsigned char, unsigned char, unsigned char) ArduinoWrapper.o
                                                  Keyglove.o
USBVirtualSerial::begin(unsigned long)            ArduinoWrapper.o
                                                  Keyglove.o
USBVirtualSerial::print(char const*)              ArduinoWrapper.o
                                                  ../keyglove/ps2mouse.o
                                                  ../keyglove/ps2keyboard.o
                                                  ../keyglove/ps2dev.o